Archive member included to satisfy reference by file (symbol)

app/libapp.a(main.c.obj)      (--whole-archive)
zephyr/libzephyr.a(heap.c.obj)
                              (--whole-archive)
zephyr/libzephyr.a(cbprintf_packaged.c.obj)
                              (--whole-archive)
zephyr/libzephyr.a(printk.c.obj)
                              (--whole-archive)
zephyr/libzephyr.a(sem.c.obj)
                              (--whole-archive)
zephyr/libzephyr.a(thread_entry.c.obj)
                              (--whole-archive)
zephyr/libzephyr.a(cbprintf_complete.c.obj)
                              (--whole-archive)
zephyr/libzephyr.a(assert.c.obj)
                              (--whole-archive)
zephyr/libzephyr.a(reboot.c.obj)
                              (--whole-archive)
zephyr/libzephyr.a(dec.c.obj)
                              (--whole-archive)
zephyr/libzephyr.a(hex.c.obj)
                              (--whole-archive)
zephyr/libzephyr.a(rb.c.obj)  (--whole-archive)
zephyr/libzephyr.a(timeutil.c.obj)
                              (--whole-archive)
zephyr/libzephyr.a(bitarray.c.obj)
                              (--whole-archive)
zephyr/libzephyr.a(configs.c.obj)
                              (--whole-archive)
zephyr/libzephyr.a(soc.c.obj)
                              (--whole-archive)
zephyr/libzephyr.a(stm32cube_hal.c.obj)
                              (--whole-archive)
zephyr/libzephyr.a(soc_config.c.obj)
                              (--whole-archive)
zephyr/libzephyr.a(thread_info.c.obj)
                              (--whole-archive)
zephyr/libzephyr.a(mem_attr.c.obj)
                              (--whole-archive)
zephyr/libzephyr.a(tracing_none.c.obj)
                              (--whole-archive)
zephyr/arch/common/libarch__common.a(sw_isr_common.c.obj)
                              (--whole-archive)
zephyr/arch/arch/arm/core/libarch__arm__core.a(fatal.c.obj)
                              (--whole-archive)
zephyr/arch/arch/arm/core/libarch__arm__core.a(nmi.c.obj)
                              (--whole-archive)
zephyr/arch/arch/arm/core/libarch__arm__core.a(nmi_on_reset.S.obj)
                              (--whole-archive)
zephyr/arch/arch/arm/core/libarch__arm__core.a(tls.c.obj)
                              (--whole-archive)
zephyr/arch/arch/arm/core/cortex_m/libarch__arm__core__cortex_m.a(exc_exit.S.obj)
                              (--whole-archive)
zephyr/arch/arch/arm/core/cortex_m/libarch__arm__core__cortex_m.a(fault.c.obj)
                              (--whole-archive)
zephyr/arch/arch/arm/core/cortex_m/libarch__arm__core__cortex_m.a(fault_s.S.obj)
                              (--whole-archive)
zephyr/arch/arch/arm/core/cortex_m/libarch__arm__core__cortex_m.a(fpu.c.obj)
                              (--whole-archive)
zephyr/arch/arch/arm/core/cortex_m/libarch__arm__core__cortex_m.a(reset.S.obj)
                              (--whole-archive)
zephyr/arch/arch/arm/core/cortex_m/libarch__arm__core__cortex_m.a(scb.c.obj)
                              (--whole-archive)
zephyr/arch/arch/arm/core/cortex_m/libarch__arm__core__cortex_m.a(thread_abort.c.obj)
                              (--whole-archive)
zephyr/arch/arch/arm/core/cortex_m/libarch__arm__core__cortex_m.a(vector_table.S.obj)
                              (--whole-archive)
zephyr/arch/arch/arm/core/cortex_m/libarch__arm__core__cortex_m.a(swap.c.obj)
                              (--whole-archive)
zephyr/arch/arch/arm/core/cortex_m/libarch__arm__core__cortex_m.a(swap_helper.S.obj)
                              (--whole-archive)
zephyr/arch/arch/arm/core/cortex_m/libarch__arm__core__cortex_m.a(irq_manage.c.obj)
                              (--whole-archive)
zephyr/arch/arch/arm/core/cortex_m/libarch__arm__core__cortex_m.a(prep_c.c.obj)
                              (--whole-archive)
zephyr/arch/arch/arm/core/cortex_m/libarch__arm__core__cortex_m.a(thread.c.obj)
                              (--whole-archive)
zephyr/arch/arch/arm/core/cortex_m/libarch__arm__core__cortex_m.a(cpu_idle.S.obj)
                              (--whole-archive)
zephyr/arch/arch/arm/core/cortex_m/libarch__arm__core__cortex_m.a(irq_init.c.obj)
                              (--whole-archive)
zephyr/arch/arch/arm/core/cortex_m/libarch__arm__core__cortex_m.a(isr_wrapper.S.obj)
                              (--whole-archive)
zephyr/arch/arch/arm/core/cortex_m/libarch__arm__core__cortex_m.a(__aeabi_read_tp.S.obj)
                              (--whole-archive)
zephyr/arch/arch/arm/core/mpu/libarch__arm__core__mpu.a(arm_core_mpu.c.obj)
                              (--whole-archive)
zephyr/arch/arch/arm/core/mpu/libarch__arm__core__mpu.a(arm_mpu.c.obj)
                              (--whole-archive)
zephyr/arch/arch/arm/core/mpu/libarch__arm__core__mpu.a(arm_mpu_regions.c.obj)
                              (--whole-archive)
zephyr/lib/libc/picolibc/liblib__libc__picolibc.a(libc-hooks.c.obj)
                              (--whole-archive)
[...]
Memory Configuration

Name             Origin             Length             Attributes
FLASH            0x0000000008000000 0x0000000000100000 xr
RAM              0x0000000020000000 0x0000000000020000 xw
CCM              0x0000000010000000 0x0000000000010000
IDT_LIST         0x00000000ffff7fff 0x0000000000008000 xw
*default*        0x0000000000000000 0xffffffffffffffff

Linker script and memory map

                0x0000000008002854                vfprintf = __l_vfprintf
                0x0000000000000000                vfscanf = __l_vfscanf
LOAD zephyr/CMakeFiles/zephyr_pre0.dir/misc/empty_file.c.obj
LOAD zephyr/CMakeFiles/offsets.dir/./arch/arm/core/offsets/offsets.c.obj
LOAD app/libapp.a
LOAD zephyr/libzephyr.a
LOAD zephyr/arch/common/libarch__common.a
LOAD zephyr/arch/arch/arm/core/libarch__arm__core.a
LOAD zephyr/arch/arch/arm/core/cortex_m/libarch__arm__core__cortex_m.a
LOAD zephyr/arch/arch/arm/core/mpu/libarch__arm__core__mpu.a
LOAD zephyr/lib/libc/picolibc/liblib__libc__picolibc.a
LOAD zephyr/lib/libc/common/liblib__libc__common.a
LOAD zephyr/drivers/interrupt_controller/libdrivers__interrupt_controller.a
LOAD zephyr/drivers/clock_control/libdrivers__clock_control.a
LOAD zephyr/drivers/console/libdrivers__console.a
LOAD zephyr/drivers/gpio/libdrivers__gpio.a
LOAD zephyr/drivers/pinctrl/libdrivers__pinctrl.a
LOAD zephyr/drivers/reset/libdrivers__reset.a
LOAD zephyr/drivers/serial/libdrivers__serial.a
LOAD zephyr/drivers/timer/libdrivers__timer.a
LOAD modules/stm32/stm32cube/lib..__modules__hal__stm32__stm32cube.a
LOAD zephyr/kernel/libkernel.a
LOAD c:/users/joshe/.zephyr_ide/toolchains/zephyr-sdk-0.16.5-1/arm-zephyr-eabi/bin/../lib/gcc/arm-zephyr-eabi/12.2.0/thumb/v7e-m/nofp\libgcc.a
LOAD zephyr/arch/common/libisr_tables.a
LOAD c:\users\joshe\.zephyr_ide\toolchains\zephyr-sdk-0.16.5-1\arm-zephyr-eabi\bin\../lib/gcc/../../picolibc/arm-zephyr-eabi/lib/thumb/v7e-m/nofp\libc.a
LOAD c:/users/joshe/.zephyr_ide/toolchains/zephyr-sdk-0.16.5-1/arm-zephyr-eabi/bin/../lib/gcc/arm-zephyr-eabi/12.2.0/thumb/v7e-m/nofp\libgcc.a
                0x0000000000000020                _region_min_align = 0x20

.rel.plt        0x0000000008000000        0x0
 *(SORT_BY_ALIGNMENT(.rel.plt))
                [!provide]                        PROVIDE (__rel_iplt_start = .)
 *(SORT_BY_ALIGNMENT(.rel.iplt))
 .rel.iplt      0x0000000008000000        0x0 app/libapp.a(main.c.obj)
                [!provide]                        PROVIDE (__rel_iplt_end = .)

.rela.plt       0x0000000000000000        0x0
 *(SORT_BY_ALIGNMENT(.rela.plt))
                [!provide]                        PROVIDE (__rela_iplt_start = .)
 *(SORT_BY_ALIGNMENT(.rela.iplt))
                [!provide]                        PROVIDE (__rela_iplt_end = .)

.rel.dyn
 *(SORT_BY_ALIGNMENT(.rel.*))

.rela.dyn
 *(SORT_BY_ALIGNMENT(.rela.*))

/DISCARD/
 *(SORT_BY_ALIGNMENT(.plt))

/DISCARD/
 *(SORT_BY_ALIGNMENT(.iplt))
                0x0000000008000000                __rom_region_start = 0x8000000

rom_start       0x0000000008000000      0x188
                0x0000000008000000                __rom_start_address = .
 FILL mask 0x00
                0x0000000008000000                . = (. + (0x0 - (. - __rom_start_address)))
                0x0000000008000000                . = ALIGN (0x4)
                0x0000000008000000                . = ALIGN (0x80)
                0x0000000008000000                . = ALIGN (0x200)
                0x0000000008000000                _vector_start = .
 *(SORT_BY_ALIGNMENT(.exc_vector_table))
 *(SORT_BY_ALIGNMENT(.exc_vector_table.*))
 .exc_vector_table._vector_table_section
                0x0000000008000000       0x40 zephyr/arch/arch/arm/core/cortex_m/libarch__arm__core__cortex_m.a(vector_table.S.obj)
                0x0000000008000000                _vector_table
 *(SORT_BY_ALIGNMENT(.vectors))
                0x0000000008000188                _vector_end = .
                0x0000000008000040                . = ALIGN (0x4)
 *(SORT_BY_ALIGNMENT(.gnu.linkonce.irq_vector_table*))
 .gnu.linkonce.irq_vector_table
                0x0000000008000040      0x148 zephyr/arch/common/libisr_tables.a(isr_tables.c.obj)
                0x0000000008000040                _irq_vector_table
                0x0000000008000188                _vector_end = .

text            0x0000000008000188     0x3f4c
                0x0000000008000188                __text_region_start = .
 *(SORT_BY_ALIGNMENT(.text))
 .text          0x0000000008000188       0x30 c:/users/joshe/.zephyr_ide/toolchains/zephyr-sdk-0.16.5-1/arm-zephyr-eabi/bin/../lib/gcc/arm-zephyr-eabi/12.2.0/thumb/v7e-m/nofp\libgcc.a(_aeabi_uldivmod.o)
                0x0000000008000188                __aeabi_uldivmod
 .text          0x00000000080001b8        0x4 c:/users/joshe/.zephyr_ide/toolchains/zephyr-sdk-0.16.5-1/arm-zephyr-eabi/bin/../lib/gcc/arm-zephyr-eabi/12.2.0/thumb/v7e-m/nofp\libgcc.a(_dvmd_tls.o)
                0x00000000080001b8                __aeabi_idiv0
                0x00000000080001b8                __aeabi_ldiv0
 .text          0x00000000080001bc      0x2a0 c:/users/joshe/.zephyr_ide/toolchains/zephyr-sdk-0.16.5-1/arm-zephyr-eabi/bin/../lib/gcc/arm-zephyr-eabi/12.2.0/thumb/v7e-m/nofp\libgcc.a(_udivmoddi4.o)
                0x00000000080001bc                __udivmoddi4
 *(SORT_BY_ALIGNMENT(.text.*))
 .text.main     0x000000000800045c       0xf8 app/libapp.a(main.c.obj)
                0x000000000800045c                main
 .text.char_out
                0x0000000008000554       0x10 zephyr/libzephyr.a(printk.c.obj)
 .text.vprintk  0x0000000008000564       0x2c zephyr/libzephyr.a(printk.c.obj)
                0x0000000008000564                vprintk
 .text.__printk_hook_install
                0x0000000008000590        0xc zephyr/libzephyr.a(printk.c.obj)
                0x0000000008000590                __printk_hook_install
 .text.z_thread_entry
                0x000000000800059c       0x34 zephyr/libzephyr.a(thread_entry.c.obj)
                0x000000000800059c                z_thread_entry
 .text.st_stm32f4_init
                0x00000000080005d0       0x28 zephyr/libzephyr.a(soc.c.obj)
 .text.st_stm32_common_config
                0x00000000080005f8       0x14 zephyr/libzephyr.a(soc_config.c.obj)
 .text.mem_attr_get_regions
                0x000000000800060c        0xc zephyr/libzephyr.a(mem_attr.c.obj)
                0x000000000800060c                mem_attr_get_regions
 .text.z_arm_nmi
                0x0000000008000618       0x14 zephyr/arch/arch/arm/core/libarch__arm__core.a(nmi.c.obj)
                0x0000000008000618                z_arm_nmi
 .text.z_SysNmiOnReset
                0x000000000800062c        0x8 zephyr/arch/arch/arm/core/libarch__arm__core.a(nmi_on_reset.S.obj)
                0x000000000800062c                z_SysNmiOnReset
 .text.z_tls_copy
                0x0000000008000634       0x38 zephyr/arch/arch/arm/core/libarch__arm__core.a(tls.c.obj)
 .text.arch_tls_stack_setup
                0x000000000800066c       0x48 zephyr/arch/arch/arm/core/libarch__arm__core.a(tls.c.obj)
                0x000000000800066c                arch_tls_stack_setup
 .text._HandlerModeExit
                0x00000000080006b4       0x1c zephyr/arch/arch/arm/core/cortex_m/libarch__arm__core__cortex_m.a(exc_exit.S.obj)
                0x00000000080006b4                z_arm_int_exit
                0x00000000080006b4                z_arm_exc_exit
 .text.bus_fault
                0x00000000080006d0       0x8c zephyr/arch/arch/arm/core/cortex_m/libarch__arm__core__cortex_m.a(fault.c.obj)
 .text.usage_fault
                0x000000000800075c       0x64 zephyr/arch/arch/arm/core/cortex_m/libarch__arm__core__cortex_m.a(fault.c.obj)
 .text.z_arm_is_synchronous_svc
                0x00000000080007c0       0x3c zephyr/arch/arch/arm/core/cortex_m/libarch__arm__core__cortex_m.a(fault.c.obj)
 .text.mem_manage_fault
                0x00000000080007fc       0xd4 zephyr/arch/arch/arm/core/cortex_m/libarch__arm__core__cortex_m.a(fault.c.obj)
 .text.hard_fault
                0x00000000080008d0       0x78 zephyr/arch/arch/arm/core/cortex_m/libarch__arm__core__cortex_m.a(fault.c.obj)
 .text.z_arm_fault
                0x0000000008000948       0xa4 zephyr/arch/arch/arm/core/cortex_m/libarch__arm__core__cortex_m.a(fault.c.obj)
                0x0000000008000948                z_arm_fault
 .text.z_arm_fault_init
                0x00000000080009ec       0x10 zephyr/arch/arch/arm/core/cortex_m/libarch__arm__core__cortex_m.a(fault.c.obj)
                0x00000000080009ec                z_arm_fault_init
 .text.__fault  0x00000000080009fc       0x14 zephyr/arch/arch/arm/core/cortex_m/libarch__arm__core__cortex_m.a(fault_s.S.obj)
                0x00000000080009fc                z_arm_usage_fault
                0x00000000080009fc                z_arm_mpu_fault
                0x00000000080009fc                z_arm_exc_spurious
                0x00000000080009fc                z_arm_debug_monitor
                0x00000000080009fc                z_arm_hard_fault
                0x00000000080009fc                z_arm_bus_fault
 .text._reset_section
                0x0000000008000a10       0x34 zephyr/arch/arch/arm/core/cortex_m/libarch__arm__core__cortex_m.a(reset.S.obj)
                0x0000000008000a10                __start
                0x0000000008000a10                z_arm_reset
 .text.z_impl_k_thread_abort
                0x0000000008000a44       0x34 zephyr/arch/arch/arm/core/cortex_m/libarch__arm__core__cortex_m.a(thread_abort.c.obj)
                0x0000000008000a44                z_impl_k_thread_abort
 .text.arch_swap
                0x0000000008000a78       0x34 zephyr/arch/arch/arm/core/cortex_m/libarch__arm__core__cortex_m.a(swap.c.obj)
                0x0000000008000a78                arch_swap
 .text.z_arm_pendsv
                0x0000000008000aac       0x68 zephyr/arch/arch/arm/core/cortex_m/libarch__arm__core__cortex_m.a(swap_helper.S.obj)
                0x0000000008000aac                z_arm_pendsv
 .text.z_arm_svc
                0x0000000008000b14       0x20 zephyr/arch/arch/arm/core/cortex_m/libarch__arm__core__cortex_m.a(swap_helper.S.obj)
                0x0000000008000b14                z_arm_svc
 .text.__NVIC_EnableIRQ
                0x0000000008000b34       0x1c zephyr/arch/arch/arm/core/cortex_m/libarch__arm__core__cortex_m.a(irq_manage.c.obj)
 .text.__NVIC_SetPriority
                0x0000000008000b50       0x28 zephyr/arch/arch/arm/core/cortex_m/libarch__arm__core__cortex_m.a(irq_manage.c.obj)
 .text.z_prep_c
                0x0000000008000b78       0x48 zephyr/arch/arch/arm/core/cortex_m/libarch__arm__core__cortex_m.a(prep_c.c.obj)
                0x0000000008000b78                z_prep_c
 .text.arch_new_thread
                0x0000000008000bc0       0x44 zephyr/arch/arch/arm/core/cortex_m/libarch__arm__core__cortex_m.a(thread.c.obj)
                0x0000000008000bc0                arch_new_thread
 .text.z_check_thread_stack_fail
                0x0000000008000c04       0x48 zephyr/arch/arch/arm/core/cortex_m/libarch__arm__core__cortex_m.a(thread.c.obj)
                0x0000000008000c04                z_check_thread_stack_fail
 .text.arch_switch_to_main_thread
                0x0000000008000c4c       0x38 zephyr/arch/arch/arm/core/cortex_m/libarch__arm__core__cortex_m.a(thread.c.obj)
                0x0000000008000c4c                arch_switch_to_main_thread
 .text.z_arm_cpu_idle_init
                0x0000000008000c84        0xc zephyr/arch/arch/arm/core/cortex_m/libarch__arm__core__cortex_m.a(cpu_idle.S.obj)
                0x0000000008000c84                z_arm_cpu_idle_init
 .text.arch_cpu_idle
                0x0000000008000c90       0x1c zephyr/arch/arch/arm/core/cortex_m/libarch__arm__core__cortex_m.a(cpu_idle.S.obj)
                0x0000000008000c90                arch_cpu_idle
 .text.z_arm_interrupt_init
                0x0000000008000cac       0x34 zephyr/arch/arch/arm/core/cortex_m/libarch__arm__core__cortex_m.a(irq_init.c.obj)
                0x0000000008000cac                z_arm_interrupt_init
 .text._isr_wrapper
                0x0000000008000ce0       0x28 zephyr/arch/arch/arm/core/cortex_m/libarch__arm__core__cortex_m.a(isr_wrapper.S.obj)
                0x0000000008000ce0                _isr_wrapper
 .text.z_arm_configure_static_mpu_regions
                0x0000000008000d08       0x1c zephyr/arch/arch/arm/core/mpu/libarch__arm__core__mpu.a(arm_core_mpu.c.obj)
                0x0000000008000d08                z_arm_configure_static_mpu_regions
 .text.z_arm_configure_dynamic_mpu_regions
                0x0000000008000d24       0x24 zephyr/arch/arch/arm/core/mpu/libarch__arm__core__mpu.a(arm_core_mpu.c.obj)
                0x0000000008000d24                z_arm_configure_dynamic_mpu_regions
 .text.region_init
                0x0000000008000d48       0x28 zephyr/arch/arch/arm/core/mpu/libarch__arm__core__mpu.a(arm_mpu.c.obj)
 .text.region_allocate_and_init
                0x0000000008000d70       0x28 zephyr/arch/arch/arm/core/mpu/libarch__arm__core__mpu.a(arm_mpu.c.obj)
 .text.mpu_configure_static_mpu_regions
                0x0000000008000d98       0x14 zephyr/arch/arch/arm/core/mpu/libarch__arm__core__mpu.a(arm_mpu.c.obj)
 .text.mpu_configure_dynamic_mpu_regions
                0x0000000008000dac       0x3c zephyr/arch/arch/arm/core/mpu/libarch__arm__core__mpu.a(arm_mpu.c.obj)
 .text.arm_core_mpu_enable
                0x0000000008000de8       0x18 zephyr/arch/arch/arm/core/mpu/libarch__arm__core__mpu.a(arm_mpu.c.obj)
                0x0000000008000de8                arm_core_mpu_enable
 .text.arm_core_mpu_disable
                0x0000000008000e00       0x14 zephyr/arch/arch/arm/core/mpu/libarch__arm__core__mpu.a(arm_mpu.c.obj)
                0x0000000008000e00                arm_core_mpu_disable
 .text.z_arm_mpu_init
                0x0000000008000e14       0x80 zephyr/arch/arch/arm/core/mpu/libarch__arm__core__mpu.a(arm_mpu.c.obj)
                0x0000000008000e14                z_arm_mpu_init
 .text.z_impl_zephyr_fputc
                0x0000000008000e94       0x10 zephyr/lib/libc/picolibc/liblib__libc__picolibc.a(libc-hooks.c.obj)
                0x0000000008000e94                z_impl_zephyr_fputc
 .text.__stdout_hook_install
                0x0000000008000ea4       0x18 zephyr/lib/libc/picolibc/liblib__libc__picolibc.a(libc-hooks.c.obj)
                0x0000000008000ea4                __stdout_hook_install
 .text.malloc_prepare
                0x0000000008000ebc       0x24 zephyr/lib/libc/common/liblib__libc__common.a(malloc.c.obj)
 .text.stm32_exti_isr
                0x0000000008000ee0       0x4c zephyr/drivers/interrupt_controller/libdrivers__interrupt_controller.a(intc_exti_stm32.c.obj)
 .text.stm32_fill_irq_table
                0x0000000008000f2c       0x24 zephyr/drivers/interrupt_controller/libdrivers__interrupt_controller.a(intc_exti_stm32.c.obj)
 .text.stm32_exti_enable
                0x0000000008000f50       0x24 zephyr/drivers/interrupt_controller/libdrivers__interrupt_controller.a(intc_exti_stm32.c.obj)
                0x0000000008000f50                stm32_exti_enable
 .text.stm32_exti_disable
                0x0000000008000f74       0x18 zephyr/drivers/interrupt_controller/libdrivers__interrupt_controller.a(intc_exti_stm32.c.obj)
                0x0000000008000f74                stm32_exti_disable
 .text.stm32_exti_trigger
                0x0000000008000f8c       0x68 zephyr/drivers/interrupt_controller/libdrivers__interrupt_controller.a(intc_exti_stm32.c.obj)
                0x0000000008000f8c                stm32_exti_trigger
 .text.stm32_exti_set_callback
                0x0000000008000ff4       0x3c zephyr/drivers/interrupt_controller/libdrivers__interrupt_controller.a(intc_exti_stm32.c.obj)
                0x0000000008000ff4                stm32_exti_set_callback
 .text.stm32_exti_unset_callback
                0x0000000008001030       0x14 zephyr/drivers/interrupt_controller/libdrivers__interrupt_controller.a(intc_exti_stm32.c.obj)
                0x0000000008001030                stm32_exti_unset_callback
 .text.stm32_clock_switch_to_hsi
                0x0000000008001044       0x38 zephyr/drivers/clock_control/libdrivers__clock_control.a(clock_stm32_ll_common.c.obj)
 .text.set_up_fixed_clock_sources
                0x000000000800107c       0x38 zephyr/drivers/clock_control/libdrivers__clock_control.a(clock_stm32_ll_common.c.obj)
 .text.set_up_plls
                0x00000000080010b4       0x58 zephyr/drivers/clock_control/libdrivers__clock_control.a(clock_stm32_ll_common.c.obj)
 .text.stm32_clock_control_init
                0x000000000800110c       0x98 zephyr/drivers/clock_control/libdrivers__clock_control.a(clock_stm32_ll_common.c.obj)
                0x000000000800110c                stm32_clock_control_init
 .text.stm32_clock_control_get_subsys_rate
                0x00000000080011a4       0xf0 zephyr/drivers/clock_control/libdrivers__clock_control.a(clock_stm32_ll_common.c.obj)
 .text.get_pllsrc_frequency
                0x0000000008001294        0x8 zephyr/drivers/clock_control/libdrivers__clock_control.a(clock_stm32f2_f4_f7.c.obj)
                0x0000000008001294                get_pllsrc_frequency
 .text.config_pll_sysclock
                0x000000000800129c       0x2c zephyr/drivers/clock_control/libdrivers__clock_control.a(clock_stm32f2_f4_f7.c.obj)
                0x000000000800129c                config_pll_sysclock
 .text.config_enable_default_clocks
                0x00000000080012c8       0x20 zephyr/drivers/clock_control/libdrivers__clock_control.a(clock_stm32f2_f4_f7.c.obj)
                0x00000000080012c8                config_enable_default_clocks
 .text.console_out
                0x00000000080012e8       0x28 zephyr/drivers/console/libdrivers__console.a(uart_console.c.obj)
 .text.uart_console_hook_install
                0x0000000008001310       0x18 zephyr/drivers/console/libdrivers__console.a(uart_console.c.obj)
 .text.uart_console_init
                0x0000000008001328       0x1c zephyr/drivers/console/libdrivers__console.a(uart_console.c.obj)
 .text.gpio_stm32_clock_request
                0x0000000008001344       0x28 zephyr/drivers/gpio/libdrivers__gpio.a(gpio_stm32.c.obj)
 .text.LL_SYSCFG_SetEXTISource
                0x000000000800136c       0x38 zephyr/drivers/gpio/libdrivers__gpio.a(gpio_stm32.c.obj)
 .text.gpio_stm32_enable_int
                0x00000000080013a4       0x3c zephyr/drivers/gpio/libdrivers__gpio.a(gpio_stm32.c.obj)
 .text.LL_SYSCFG_GetEXTISource
                0x00000000080013e0       0x28 zephyr/drivers/gpio/libdrivers__gpio.a(gpio_stm32.c.obj)
 .text.gpio_stm32_pin_interrupt_configure
                0x0000000008001408       0x94 zephyr/drivers/gpio/libdrivers__gpio.a(gpio_stm32.c.obj)
 .text.gpio_stm32_init
                0x000000000800149c       0x2c zephyr/drivers/gpio/libdrivers__gpio.a(gpio_stm32.c.obj)
 .text.stm32_pin_configure
                0x00000000080014c8       0x40 zephyr/drivers/pinctrl/libdrivers__pinctrl.a(pinctrl_stm32.c.obj)
 .text.LL_USART_SetBaudRate
                0x0000000008001508       0xcc zephyr/drivers/serial/libdrivers__serial.a(uart_stm32.c.obj)
 .text.uart_stm32_configure
                0x00000000080015d4      0x134 zephyr/drivers/serial/libdrivers__serial.a(uart_stm32.c.obj)
 .text.uart_stm32_poll_in
                0x0000000008001708       0x10 zephyr/drivers/serial/libdrivers__serial.a(uart_stm32.c.obj)
 .text.uart_stm32_poll_out
                0x0000000008001718       0x1c zephyr/drivers/serial/libdrivers__serial.a(uart_stm32.c.obj)
 .text.uart_stm32_clocks_enable
                0x0000000008001734       0x28 zephyr/drivers/serial/libdrivers__serial.a(uart_stm32.c.obj)
 .text.elapsed  0x000000000800175c       0x48 zephyr/drivers/timer/libdrivers__timer.a(cortex_m_systick.c.obj)
 .text.sys_clock_driver_init
                0x00000000080017a4       0x38 zephyr/drivers/timer/libdrivers__timer.a(cortex_m_systick.c.obj)
 .text.sys_clock_isr
                0x00000000080017dc       0x5c zephyr/drivers/timer/libdrivers__timer.a(cortex_m_systick.c.obj)
                0x00000000080017dc                sys_clock_isr
 .text.sys_clock_set_timeout
                0x0000000008001838      0x124 zephyr/drivers/timer/libdrivers__timer.a(cortex_m_systick.c.obj)
                0x0000000008001838                sys_clock_set_timeout
 .text.sys_clock_elapsed
                0x000000000800195c       0x40 zephyr/drivers/timer/libdrivers__timer.a(cortex_m_systick.c.obj)
                0x000000000800195c                sys_clock_elapsed
 .text.HAL_RCC_GetSysClockFreq
                0x000000000800199c       0xdc modules/stm32/stm32cube/lib..__modules__hal__stm32__stm32cube.a(stm32f4xx_hal_rcc.c.obj)
                0x000000000800199c                HAL_RCC_GetSysClockFreq
 .text.LL_SetFlashLatency
                0x0000000008001a78       0xd0 modules/stm32/stm32cube/lib..__modules__hal__stm32__stm32cube.a(stm32f4xx_ll_utils.c.obj)
                0x0000000008001a78                LL_SetFlashLatency
 .text.z_device_state_init
                0x0000000008001b48       0x18 zephyr/kernel/libkernel.a(device.c.obj)
                0x0000000008001b48                z_device_state_init
 .text.z_fatal_error
                0x0000000008001b60       0x30 zephyr/kernel/libkernel.a(fatal.c.obj)
                0x0000000008001b60                z_fatal_error
 .text.z_sys_init_run_level
                0x0000000008001b90       0x58 zephyr/kernel/libkernel.a(init.c.obj)
 .text.init_idle_thread
                0x0000000008001be8       0x60 zephyr/kernel/libkernel.a(init.c.obj)
 .text.bg_thread_main
                0x0000000008001c48       0x34 zephyr/kernel/libkernel.a(init.c.obj)
 .text.switch_to_main_thread
                0x0000000008001c7c       0x14 zephyr/kernel/libkernel.a(init.c.obj)
 .text.z_bss_zero
                0x0000000008001c90       0x2c zephyr/kernel/libkernel.a(init.c.obj)
                0x0000000008001c90                z_bss_zero
 .text.z_init_cpu
                0x0000000008001cbc       0x60 zephyr/kernel/libkernel.a(init.c.obj)
                0x0000000008001cbc                z_init_cpu
 .text.prepare_multithreading
                0x0000000008001d1c       0x60 zephyr/kernel/libkernel.a(init.c.obj)
 .text.z_cstart
                0x0000000008001d7c       0x88 zephyr/kernel/libkernel.a(init.c.obj)
                0x0000000008001d7c                z_cstart
 .text.z_thread_monitor_exit
                0x0000000008001e04       0x40 zephyr/kernel/libkernel.a(thread.c.obj)
                0x0000000008001e04                z_thread_monitor_exit
 .text.schedule_new_thread
                0x0000000008001e44       0x1c zephyr/kernel/libkernel.a(thread.c.obj)
 .text.z_setup_new_thread
                0x0000000008001e60       0xc8 zephyr/kernel/libkernel.a(thread.c.obj)
                0x0000000008001e60                z_setup_new_thread
 .text.z_init_static_threads
                0x0000000008001f28       0x70 zephyr/kernel/libkernel.a(thread.c.obj)
                0x0000000008001f28                z_init_static_threads
 .text.sliceable
                0x0000000008001f98       0x4c zephyr/kernel/libkernel.a(sched.c.obj)
 .text.slice_timeout
                0x0000000008001fe4       0x20 zephyr/kernel/libkernel.a(sched.c.obj)
 .text.z_reset_time_slice
                0x0000000008002004       0x50 zephyr/kernel/libkernel.a(sched.c.obj)
                0x0000000008002004                z_reset_time_slice
 .text.z_reschedule
                0x0000000008002054       0x2c zephyr/kernel/libkernel.a(sched.c.obj)
                0x0000000008002054                z_reschedule
 .text.z_reschedule_irqlock
                0x0000000008002080       0x2c zephyr/kernel/libkernel.a(sched.c.obj)
                0x0000000008002080                z_reschedule_irqlock
 .text.k_sched_lock
                0x00000000080020ac       0x34 zephyr/kernel/libkernel.a(sched.c.obj)
                0x00000000080020ac                k_sched_lock
 .text.update_cache
                0x00000000080020e0       0x50 zephyr/kernel/libkernel.a(sched.c.obj)
 .text.move_thread_to_end_of_prio_q
                0x0000000008002130       0x8c zephyr/kernel/libkernel.a(sched.c.obj)
 .text.z_time_slice
                0x00000000080021bc       0x74 zephyr/kernel/libkernel.a(sched.c.obj)
                0x00000000080021bc                z_time_slice
 .text.ready_thread
                0x0000000008002230       0x78 zephyr/kernel/libkernel.a(sched.c.obj)
 .text.z_sched_start
                0x00000000080022a8       0x3c zephyr/kernel/libkernel.a(sched.c.obj)
                0x00000000080022a8                z_sched_start
 .text.unready_thread
                0x00000000080022e4       0x38 zephyr/kernel/libkernel.a(sched.c.obj)
 .text.k_sched_unlock
                0x000000000800231c       0x40 zephyr/kernel/libkernel.a(sched.c.obj)
                0x000000000800231c                k_sched_unlock
 .text.halt_thread
                0x000000000800235c       0x64 zephyr/kernel/libkernel.a(sched.c.obj)
 .text.z_thread_halt
                0x00000000080023c0       0x3c zephyr/kernel/libkernel.a(sched.c.obj)
 .text.z_sched_init
                0x00000000080023fc       0x10 zephyr/kernel/libkernel.a(sched.c.obj)
                0x00000000080023fc                z_sched_init
 .text.z_impl_k_yield
                0x000000000800240c       0x8c zephyr/kernel/libkernel.a(sched.c.obj)
                0x000000000800240c                z_impl_k_yield
 .text.z_tick_sleep
                0x0000000008002498       0x98 zephyr/kernel/libkernel.a(sched.c.obj)
 .text.z_impl_k_sleep
                0x0000000008002530       0x70 zephyr/kernel/libkernel.a(sched.c.obj)
                0x0000000008002530                z_impl_k_sleep
 .text.z_impl_k_sched_current_thread_query
                0x00000000080025a0        0xc zephyr/kernel/libkernel.a(sched.c.obj)
                0x00000000080025a0                z_impl_k_sched_current_thread_query
 .text.z_data_copy
                0x00000000080025ac       0x4c zephyr/kernel/libkernel.a(xip.c.obj)
                0x00000000080025ac                z_data_copy
 .text.first    0x00000000080025f8       0x14 zephyr/kernel/libkernel.a(timeout.c.obj)
 .text.next     0x000000000800260c       0x18 zephyr/kernel/libkernel.a(timeout.c.obj)
 .text.elapsed  0x0000000008002624       0x18 zephyr/kernel/libkernel.a(timeout.c.obj)
 .text.z_add_timeout
                0x000000000800263c      0x100 zephyr/kernel/libkernel.a(timeout.c.obj)
                0x000000000800263c                z_add_timeout
 .text.sys_clock_announce
                0x000000000800273c       0xc8 zephyr/kernel/libkernel.a(timeout.c.obj)
                0x000000000800273c                sys_clock_announce
 .text.sys_clock_tick_get
                0x0000000008002804       0x40 zephyr/kernel/libkernel.a(timeout.c.obj)
                0x0000000008002804                sys_clock_tick_get
 .text.boot_banner
                0x0000000008002844       0x10 zephyr/kernel/libkernel.a(banner.c.obj)
                0x0000000008002844                boot_banner
 .text.__l_vfprintf
                0x0000000008002854      0x4b8 c:\users\joshe\.zephyr_ide\toolchains\zephyr-sdk-0.16.5-1\arm-zephyr-eabi\bin\../lib/gcc/../../picolibc/arm-zephyr-eabi/lib/thumb/v7e-m/nofp\libc.a(libc_tinystdio_vflprintf.c.o)
                0x0000000008002854                __l_vfprintf
 .text._OffsetAbsSyms
                0x0000000008002d0c        0x2 zephyr/CMakeFiles/offsets.dir/./arch/arm/core/offsets/offsets.c.obj
                0x0000000008002d0c                _OffsetAbsSyms
 .text.z_impl_gpio_pin_configure
                0x0000000008002d0e       0x50 app/libapp.a(main.c.obj)
 .text.gpio_pin_configure_dt
                0x0000000008002d5e       0x16 app/libapp.a(main.c.obj)
 .text.gpio_port_get
                0x0000000008002d74       0x18 app/libapp.a(main.c.obj)
 .text.gpio_pin_get
                0x0000000008002d8c       0x20 app/libapp.a(main.c.obj)
 .text.gpio_pin_set_raw
                0x0000000008002dac       0x20 app/libapp.a(main.c.obj)
 .text.gpio_pin_set
                0x0000000008002dcc       0x1a app/libapp.a(main.c.obj)
 .text.k_msleep
                0x0000000008002de6       0x20 app/libapp.a(main.c.obj)
 .text.free_list_add_bidx
                0x0000000008002e06       0x4e zephyr/libzephyr.a(heap.c.obj)
 .text.free_list_add
                0x0000000008002e54       0x18 zephyr/libzephyr.a(heap.c.obj)
 .text.sys_heap_init
                0x0000000008002e6c       0x84 zephyr/libzephyr.a(heap.c.obj)
                0x0000000008002e6c                sys_heap_init
 .text.arch_printk_char_out
                0x0000000008002ef0        0x4 zephyr/libzephyr.a(printk.c.obj)
                0x0000000008002ef0                arch_printk_char_out
 .text.printk   0x0000000008002ef4       0x1c zephyr/libzephyr.a(printk.c.obj)
                0x0000000008002ef4                printk
 .text._ConfigAbsSyms
                0x0000000008002f10        0x2 zephyr/libzephyr.a(configs.c.obj)
                0x0000000008002f10                _ConfigAbsSyms
 .text.z_arm_fatal_error
                0x0000000008002f12        0x8 zephyr/arch/arch/arm/core/libarch__arm__core.a(fatal.c.obj)
                0x0000000008002f12                z_arm_fatal_error
 .text.z_do_kernel_oops
                0x0000000008002f1a        0xc zephyr/arch/arch/arm/core/libarch__arm__core.a(fatal.c.obj)
                0x0000000008002f1a                z_do_kernel_oops
 .text.memory_fault_recoverable
                0x0000000008002f26        0x4 zephyr/arch/arch/arm/core/cortex_m/libarch__arm__core__cortex_m.a(fault.c.obj)
 .text.debug_monitor
                0x0000000008002f2a        0x6 zephyr/arch/arch/arm/core/cortex_m/libarch__arm__core__cortex_m.a(fault.c.obj)
 .text.fault_handle
                0x0000000008002f30       0x46 zephyr/arch/arch/arm/core/cortex_m/libarch__arm__core__cortex_m.a(fault.c.obj)
 .text.arch_irq_enable
                0x0000000008002f76        0xa zephyr/arch/arch/arm/core/cortex_m/libarch__arm__core__cortex_m.a(irq_manage.c.obj)
                0x0000000008002f76                arch_irq_enable
 .text.z_arm_irq_priority_set
                0x0000000008002f80        0xc zephyr/arch/arch/arm/core/cortex_m/libarch__arm__core__cortex_m.a(irq_manage.c.obj)
                0x0000000008002f80                z_arm_irq_priority_set
 .text.z_irq_spurious
                0x0000000008002f8c        0xc zephyr/arch/arch/arm/core/cortex_m/libarch__arm__core__cortex_m.a(irq_manage.c.obj)
                0x0000000008002f8c                z_irq_spurious
 .text.mpu_partition_is_valid
                0x0000000008002f98       0x22 zephyr/arch/arch/arm/core/mpu/libarch__arm__core__mpu.a(arm_mpu.c.obj)
 .text.mpu_configure_region
                0x0000000008002fba       0x3e zephyr/arch/arch/arm/core/mpu/libarch__arm__core__mpu.a(arm_mpu.c.obj)
 .text.mpu_configure_regions
                0x0000000008002ff8       0x50 zephyr/arch/arch/arm/core/mpu/libarch__arm__core__mpu.a(arm_mpu.c.obj)
 .text.mpu_configure_regions_from_dt
                0x0000000008003048      0x1b2 zephyr/arch/arch/arm/core/mpu/libarch__arm__core__mpu.a(arm_mpu.c.obj)
 .text.arm_core_mpu_configure_static_mpu_regions
                0x00000000080031fa        0x8 zephyr/arch/arch/arm/core/mpu/libarch__arm__core__mpu.a(arm_mpu.c.obj)
                0x00000000080031fa                arm_core_mpu_configure_static_mpu_regions
 .text.arm_core_mpu_configure_dynamic_mpu_regions
                0x0000000008003202        0x8 zephyr/arch/arch/arm/core/mpu/libarch__arm__core__mpu.a(arm_mpu.c.obj)
                0x0000000008003202                arm_core_mpu_configure_dynamic_mpu_regions
 .text.picolibc_put
                0x000000000800320a        0xa zephyr/lib/libc/picolibc/liblib__libc__picolibc.a(libc-hooks.c.obj)
 .text.stm32_exti_init
                0x0000000008003214       0x92 zephyr/drivers/interrupt_controller/libdrivers__interrupt_controller.a(intc_exti_stm32.c.obj)
 .text.get_pll_div_frequency
                0x00000000080032a6        0xe zephyr/drivers/clock_control/libdrivers__clock_control.a(clock_stm32_ll_common.c.obj)
 .text.get_bus_clock
                0x00000000080032b4        0x6 zephyr/drivers/clock_control/libdrivers__clock_control.a(clock_stm32_ll_common.c.obj)
 .text.enabled_clock
                0x00000000080032ba       0x20 zephyr/drivers/clock_control/libdrivers__clock_control.a(clock_stm32_ll_common.c.obj)
 .text.stm32_clock_control_on
                0x00000000080032da       0x24 zephyr/drivers/clock_control/libdrivers__clock_control.a(clock_stm32_ll_common.c.obj)
 .text.stm32_clock_control_off
                0x00000000080032fe       0x26 zephyr/drivers/clock_control/libdrivers__clock_control.a(clock_stm32_ll_common.c.obj)
 .text.stm32_clock_control_configure
                0x0000000008003324       0x54 zephyr/drivers/clock_control/libdrivers__clock_control.a(clock_stm32_ll_common.c.obj)
 .text.stm32_clock_control_get_status
                0x0000000008003378       0x32 zephyr/drivers/clock_control/libdrivers__clock_control.a(clock_stm32_ll_common.c.obj)
 .text.get_pll_source
                0x00000000080033aa        0x6 zephyr/drivers/clock_control/libdrivers__clock_control.a(clock_stm32f2_f4_f7.c.obj)
 .text.sys_slist_remove
                0x00000000080033b0       0x26 zephyr/drivers/gpio/libdrivers__gpio.a(gpio_stm32.c.obj)
 .text.sys_slist_find_and_remove
                0x00000000080033d6       0x20 zephyr/drivers/gpio/libdrivers__gpio.a(gpio_stm32.c.obj)
 .text.gpio_manage_callback
                0x00000000080033f6       0x3e zephyr/drivers/gpio/libdrivers__gpio.a(gpio_stm32.c.obj)
 .text.gpio_fire_callbacks
                0x0000000008003434       0x40 zephyr/drivers/gpio/libdrivers__gpio.a(gpio_stm32.c.obj)
 .text.gpio_stm32_isr
                0x0000000008003474       0x14 zephyr/drivers/gpio/libdrivers__gpio.a(gpio_stm32.c.obj)
 .text.gpio_stm32_flags_to_conf
                0x0000000008003488       0x7e zephyr/drivers/gpio/libdrivers__gpio.a(gpio_stm32.c.obj)
 .text.gpio_stm32_port_get_raw
                0x0000000008003506        0xc zephyr/drivers/gpio/libdrivers__gpio.a(gpio_stm32.c.obj)
 .text.gpio_stm32_port_set_masked_raw
                0x0000000008003512       0x12 zephyr/drivers/gpio/libdrivers__gpio.a(gpio_stm32.c.obj)
 .text.gpio_stm32_port_set_bits_raw
                0x0000000008003524        0xa zephyr/drivers/gpio/libdrivers__gpio.a(gpio_stm32.c.obj)
 .text.gpio_stm32_port_clear_bits_raw
                0x000000000800352e        0xc zephyr/drivers/gpio/libdrivers__gpio.a(gpio_stm32.c.obj)
 .text.gpio_stm32_port_toggle_bits
                0x000000000800353a        0xe zephyr/drivers/gpio/libdrivers__gpio.a(gpio_stm32.c.obj)
 .text.gpio_stm32_manage_callback
                0x0000000008003548        0xc zephyr/drivers/gpio/libdrivers__gpio.a(gpio_stm32.c.obj)
 .text.LL_GPIO_SetPinMode
                0x0000000008003554       0x3a zephyr/drivers/gpio/libdrivers__gpio.a(gpio_stm32.c.obj)
 .text.LL_GPIO_SetPinSpeed
                0x000000000800358e       0x3a zephyr/drivers/gpio/libdrivers__gpio.a(gpio_stm32.c.obj)
 .text.LL_GPIO_SetPinPull
                0x00000000080035c8       0x3a zephyr/drivers/gpio/libdrivers__gpio.a(gpio_stm32.c.obj)
 .text.LL_GPIO_SetAFPin_0_7
                0x0000000008003602       0x3a zephyr/drivers/gpio/libdrivers__gpio.a(gpio_stm32.c.obj)
 .text.LL_GPIO_SetAFPin_8_15
                0x000000000800363c       0x3c zephyr/drivers/gpio/libdrivers__gpio.a(gpio_stm32.c.obj)
 .text.gpio_stm32_configure_raw
                0x0000000008003678       0x70 zephyr/drivers/gpio/libdrivers__gpio.a(gpio_stm32.c.obj)
 .text.gpio_stm32_config
                0x00000000080036e8       0x52 zephyr/drivers/gpio/libdrivers__gpio.a(gpio_stm32.c.obj)
 .text.gpio_stm32_set_exti_source
                0x000000000800373a       0x2e zephyr/drivers/gpio/libdrivers__gpio.a(gpio_stm32.c.obj)
 .text.gpio_stm32_get_exti_source
                0x0000000008003768       0x2e zephyr/drivers/gpio/libdrivers__gpio.a(gpio_stm32.c.obj)
 .text.gpio_stm32_configure
                0x0000000008003796       0x38 zephyr/drivers/gpio/libdrivers__gpio.a(gpio_stm32.c.obj)
                0x0000000008003796                gpio_stm32_configure
 .text.pinctrl_lookup_state
                0x00000000080037ce       0x32 zephyr/drivers/pinctrl/libdrivers__pinctrl.a(common.c.obj)
                0x00000000080037ce                pinctrl_lookup_state
 .text.pinctrl_configure_pins
                0x0000000008003800       0x5c zephyr/drivers/pinctrl/libdrivers__pinctrl.a(pinctrl_stm32.c.obj)
                0x0000000008003800                pinctrl_configure_pins
 .text.reset_stm32_status
                0x000000000800385c       0x20 zephyr/drivers/reset/libdrivers__reset.a(reset_stm32.c.obj)
 .text.reset_stm32_line_assert
                0x000000000800387c       0x1e zephyr/drivers/reset/libdrivers__reset.a(reset_stm32.c.obj)
 .text.reset_stm32_line_deassert
                0x000000000800389a       0x20 zephyr/drivers/reset/libdrivers__reset.a(reset_stm32.c.obj)
 .text.reset_stm32_line_toggle
                0x00000000080038ba       0x16 zephyr/drivers/reset/libdrivers__reset.a(reset_stm32.c.obj)
 .text.reset_line_toggle
                0x00000000080038d0       0x12 zephyr/drivers/serial/libdrivers__serial.a(uart_stm32.c.obj)
 .text.uart_stm32_set_baudrate
                0x00000000080038e2       0x36 zephyr/drivers/serial/libdrivers__serial.a(uart_stm32.c.obj)
 .text.uart_stm32_parameters_set
                0x0000000008003918      0x114 zephyr/drivers/serial/libdrivers__serial.a(uart_stm32.c.obj)
 .text.uart_stm32_config_get
                0x0000000008003a2c       0x94 zephyr/drivers/serial/libdrivers__serial.a(uart_stm32.c.obj)
 .text.uart_stm32_poll_in_visitor
                0x0000000008003ac0       0x32 zephyr/drivers/serial/libdrivers__serial.a(uart_stm32.c.obj)
 .text.uart_stm32_poll_out_visitor
                0x0000000008003af2       0x40 zephyr/drivers/serial/libdrivers__serial.a(uart_stm32.c.obj)
 .text.poll_in_u8
                0x0000000008003b32        0x8 zephyr/drivers/serial/libdrivers__serial.a(uart_stm32.c.obj)
 .text.poll_out_u8
                0x0000000008003b3a        0x8 zephyr/drivers/serial/libdrivers__serial.a(uart_stm32.c.obj)
 .text.uart_stm32_err_check
                0x0000000008003b42       0xa0 zephyr/drivers/serial/libdrivers__serial.a(uart_stm32.c.obj)
 .text.uart_stm32_registers_configure
                0x0000000008003be2       0x68 zephyr/drivers/serial/libdrivers__serial.a(uart_stm32.c.obj)
 .text.pinctrl_apply_state
                0x0000000008003c4a       0x20 zephyr/drivers/serial/libdrivers__serial.a(uart_stm32.c.obj)
 .text.uart_stm32_init
                0x0000000008003c6a       0x28 zephyr/drivers/serial/libdrivers__serial.a(uart_stm32.c.obj)
 .text.z_device_is_ready
                0x0000000008003c92       0x20 zephyr/kernel/libkernel.a(device.c.obj)
                0x0000000008003c92                z_device_is_ready
 .text.arch_system_halt
                0x0000000008003cb2       0x12 zephyr/kernel/libkernel.a(fatal.c.obj)
                0x0000000008003cb2                arch_system_halt
 .text.k_sys_fatal_error_handler
                0x0000000008003cc4        0x6 zephyr/kernel/libkernel.a(fatal.c.obj)
                0x0000000008003cc4                k_sys_fatal_error_handler
 .text.z_early_memset
                0x0000000008003cca        0x8 zephyr/kernel/libkernel.a(init.c.obj)
                0x0000000008003cca                z_early_memset
 .text.z_early_memcpy
                0x0000000008003cd2        0x8 zephyr/kernel/libkernel.a(init.c.obj)
                0x0000000008003cd2                z_early_memcpy
 .text.setup_thread_stack
                0x0000000008003cda       0x40 zephyr/kernel/libkernel.a(thread.c.obj)
 .text.z_impl_k_thread_start
                0x0000000008003d1a        0x8 zephyr/kernel/libkernel.a(thread.c.obj)
                0x0000000008003d1a                z_impl_k_thread_start
 .text.z_init_thread_base
                0x0000000008003d22       0x16 zephyr/kernel/libkernel.a(thread.c.obj)
                0x0000000008003d22                z_init_thread_base
 .text.thread_active_elsewhere
                0x0000000008003d38        0x4 zephyr/kernel/libkernel.a(sched.c.obj)
 .text.pended_on_thread
                0x0000000008003d3c        0x4 zephyr/kernel/libkernel.a(sched.c.obj)
 .text.z_sched_prio_cmp
                0x0000000008003d40       0x14 zephyr/kernel/libkernel.a(sched.c.obj)
                0x0000000008003d40                z_sched_prio_cmp
 .text.z_reschedule_unlocked
                0x0000000008003d54       0x18 zephyr/kernel/libkernel.a(sched.c.obj)
 .text.z_priq_dumb_remove
                0x0000000008003d6c       0x10 zephyr/kernel/libkernel.a(sched.c.obj)
                0x0000000008003d6c                z_priq_dumb_remove
 .text.unpend_thread_no_timeout
                0x0000000008003d7c       0x1c zephyr/kernel/libkernel.a(sched.c.obj)
 .text.z_priq_dumb_best
                0x0000000008003d98        0xe zephyr/kernel/libkernel.a(sched.c.obj)
                0x0000000008003d98                z_priq_dumb_best
 .text.z_ready_thread
                0x0000000008003da6       0x38 zephyr/kernel/libkernel.a(sched.c.obj)
                0x0000000008003da6                z_ready_thread
 .text.unpend_all
                0x0000000008003dde       0x2a zephyr/kernel/libkernel.a(sched.c.obj)
 .text.z_sched_wake_thread
                0x0000000008003e08       0x54 zephyr/kernel/libkernel.a(sched.c.obj)
                0x0000000008003e08                z_sched_wake_thread
 .text.z_thread_timeout
                0x0000000008003e5c        0xc zephyr/kernel/libkernel.a(sched.c.obj)
                0x0000000008003e5c                z_thread_timeout
 .text.z_impl_k_thread_suspend
                0x0000000008003e68       0x36 zephyr/kernel/libkernel.a(sched.c.obj)
                0x0000000008003e68                z_impl_k_thread_suspend
 .text.init_ready_q
                0x0000000008003e9e        0x8 zephyr/kernel/libkernel.a(sched.c.obj)
                0x0000000008003e9e                init_ready_q
 .text.z_thread_abort
                0x0000000008003ea6       0x4a zephyr/kernel/libkernel.a(sched.c.obj)
                0x0000000008003ea6                z_thread_abort
 .text.idle     0x0000000008003ef0       0x18 zephyr/kernel/libkernel.a(idle.c.obj)
                0x0000000008003ef0                idle
 .text.remove_timeout
                0x0000000008003f08       0x2e zephyr/kernel/libkernel.a(timeout.c.obj)
 .text.next_timeout
                0x0000000008003f36       0x3a zephyr/kernel/libkernel.a(timeout.c.obj)
 .text.z_abort_timeout
                0x0000000008003f70       0x3c zephyr/kernel/libkernel.a(timeout.c.obj)
                0x0000000008003f70                z_abort_timeout
 .text.sys_clock_tick_get_32
                0x0000000008003fac        0x8 zephyr/kernel/libkernel.a(timeout.c.obj)
                0x0000000008003fac                sys_clock_tick_get_32
 .text.strncpy  0x0000000008003fb4       0x20 c:\users\joshe\.zephyr_ide\toolchains\zephyr-sdk-0.16.5-1\arm-zephyr-eabi\bin\../lib/gcc/../../picolibc/arm-zephyr-eabi/lib/thumb/v7e-m/nofp\libc.a(libc_string_strncpy.c.o)
                0x0000000008003fb4                strncpy
 .text.strnlen  0x0000000008003fd4       0x18 c:\users\joshe\.zephyr_ide\toolchains\zephyr-sdk-0.16.5-1\arm-zephyr-eabi\bin\../lib/gcc/../../picolibc/arm-zephyr-eabi/lib/thumb/v7e-m/nofp\libc.a(libc_string_strnlen.c.o)
                0x0000000008003fd4                strnlen
 .text.__ultoa_invert
                0x0000000008003fec       0xae c:\users\joshe\.zephyr_ide\toolchains\zephyr-sdk-0.16.5-1\arm-zephyr-eabi\bin\../lib/gcc/../../picolibc/arm-zephyr-eabi/lib/thumb/v7e-m/nofp\libc.a(libc_tinystdio_vflprintf.c.o)
 .text.memcpy   0x000000000800409a       0x1c c:\users\joshe\.zephyr_ide\toolchains\zephyr-sdk-0.16.5-1\arm-zephyr-eabi\bin\../lib/gcc/../../picolibc/arm-zephyr-eabi/lib/thumb/v7e-m/nofp\libc.a(memcpy.c.o)
                0x000000000800409a                __aeabi_memcpy
                0x000000000800409a                __aeabi_memcpy4
                0x000000000800409a                __aeabi_memcpy8
                0x000000000800409a                memcpy
 .text.memset   0x00000000080040b6       0x10 c:\users\joshe\.zephyr_ide\toolchains\zephyr-sdk-0.16.5-1\arm-zephyr-eabi\bin\../lib/gcc/../../picolibc/arm-zephyr-eabi/lib/thumb/v7e-m/nofp\libc.a(memset.c.o)
                0x00000000080040b6                memset
 *(SORT_BY_ALIGNMENT(.TEXT.*))
 *fill*         0x00000000080040c6        0x2 
 .TEXT.__aeabi_read_tp
                0x00000000080040c8        0xc zephyr/arch/arch/arm/core/cortex_m/libarch__arm__core__cortex_m.a(__aeabi_read_tp.S.obj)
                0x00000000080040c8                __aeabi_read_tp
 *(SORT_BY_ALIGNMENT(.gnu.linkonce.t.*))
 *(SORT_BY_ALIGNMENT(.glue_7t))
 .glue_7t       0x00000000080040d4        0x0 linker stubs
 *(SORT_BY_ALIGNMENT(.glue_7))
 .glue_7        0x00000000080040d4        0x0 linker stubs
 *(SORT_BY_ALIGNMENT(.vfp11_veneer))
 .vfp11_veneer  0x00000000080040d4        0x0 linker stubs
 *(SORT_BY_ALIGNMENT(.v4_bx))
 .v4_bx         0x00000000080040d4        0x0 linker stubs
                0x00000000080040d4                . = ALIGN (0x4)
                0x00000000080040d4                __text_region_end = .

.ARM.exidx      0x00000000080040d4        0x8
                0x00000000080040d4                __exidx_start = .
 *(SORT_BY_ALIGNMENT(.ARM.exidx*) SORT_BY_ALIGNMENT(gnu.linkonce.armexidx.*))
 .ARM.exidx     0x00000000080040d4        0x8 c:/users/joshe/.zephyr_ide/toolchains/zephyr-sdk-0.16.5-1/arm-zephyr-eabi/bin/../lib/gcc/arm-zephyr-eabi/12.2.0/thumb/v7e-m/nofp\libgcc.a(_udivmoddi4.o)
                0x00000000080040dc                __exidx_end = .
                0x00000000080040dc                __rodata_region_start = .

initlevel       0x00000000080040dc       0x98
                0x00000000080040dc                __init_start = .
                0x00000000080040dc                __init_EARLY_start = .
 *(SORT_BY_NAME(SORT_BY_ALIGNMENT(.z_init_EARLY?_*)))
 *(SORT_BY_NAME(SORT_BY_ALIGNMENT(.z_init_EARLY??_*)))
                0x00000000080040dc                __init_PRE_KERNEL_1_start = .
 *(SORT_BY_NAME(SORT_BY_ALIGNMENT(.z_init_PRE_KERNEL_1?_*)))
 .z_init_PRE_KERNEL_10_0_
                0x00000000080040dc        0x8 zephyr/libzephyr.a(soc.c.obj)
 .z_init_PRE_KERNEL_11_00008_
                0x00000000080040e4        0x8 zephyr/drivers/clock_control/libdrivers__clock_control.a(clock_stm32_ll_common.c.obj)
 .z_init_PRE_KERNEL_11_0_
                0x00000000080040ec        0x8 zephyr/libzephyr.a(soc_config.c.obj)
 *(SORT_BY_NAME(SORT_BY_ALIGNMENT(.z_init_PRE_KERNEL_1??_*)))
 .z_init_PRE_KERNEL_135_00056_
                0x00000000080040f4        0x8 zephyr/drivers/reset/libdrivers__reset.a(reset_stm32.c.obj)
 .z_init_PRE_KERNEL_140_00030_
                0x00000000080040fc        0x8 zephyr/drivers/gpio/libdrivers__gpio.a(gpio_stm32.c.obj)
 .z_init_PRE_KERNEL_140_00033_
                0x0000000008004104        0x8 zephyr/drivers/gpio/libdrivers__gpio.a(gpio_stm32.c.obj)
 .z_init_PRE_KERNEL_140_00053_
                0x000000000800410c        0x8 zephyr/drivers/interrupt_controller/libdrivers__interrupt_controller.a(intc_exti_stm32.c.obj)
 .z_init_PRE_KERNEL_140_00083_
                0x0000000008004114        0x8 zephyr/drivers/gpio/libdrivers__gpio.a(gpio_stm32.c.obj)
 .z_init_PRE_KERNEL_140_00084_
                0x000000000800411c        0x8 zephyr/drivers/gpio/libdrivers__gpio.a(gpio_stm32.c.obj)
 .z_init_PRE_KERNEL_140_00085_
                0x0000000008004124        0x8 zephyr/drivers/gpio/libdrivers__gpio.a(gpio_stm32.c.obj)
 .z_init_PRE_KERNEL_140_00086_
                0x000000000800412c        0x8 zephyr/drivers/gpio/libdrivers__gpio.a(gpio_stm32.c.obj)
 .z_init_PRE_KERNEL_140_00087_
                0x0000000008004134        0x8 zephyr/drivers/gpio/libdrivers__gpio.a(gpio_stm32.c.obj)
 .z_init_PRE_KERNEL_140_00088_
                0x000000000800413c        0x8 zephyr/drivers/gpio/libdrivers__gpio.a(gpio_stm32.c.obj)
 .z_init_PRE_KERNEL_140_00089_
                0x0000000008004144        0x8 zephyr/drivers/gpio/libdrivers__gpio.a(gpio_stm32.c.obj)
 .z_init_PRE_KERNEL_155_00060_
                0x000000000800414c        0x8 zephyr/drivers/serial/libdrivers__serial.a(uart_stm32.c.obj)
 .z_init_PRE_KERNEL_155_00066_
                0x0000000008004154        0x8 zephyr/drivers/serial/libdrivers__serial.a(uart_stm32.c.obj)
 .z_init_PRE_KERNEL_160_0_
                0x000000000800415c        0x8 zephyr/drivers/console/libdrivers__console.a(uart_console.c.obj)
                0x0000000008004164                __init_PRE_KERNEL_2_start = .
 *(SORT_BY_NAME(SORT_BY_ALIGNMENT(.z_init_PRE_KERNEL_2?_*)))
 .z_init_PRE_KERNEL_20_0_
                0x0000000008004164        0x8 zephyr/drivers/timer/libdrivers__timer.a(cortex_m_systick.c.obj)
 *(SORT_BY_NAME(SORT_BY_ALIGNMENT(.z_init_PRE_KERNEL_2??_*)))
                0x000000000800416c                __init_POST_KERNEL_start = .
 *(SORT_BY_NAME(SORT_BY_ALIGNMENT(.z_init_POST_KERNEL?_*)))
 *(SORT_BY_NAME(SORT_BY_ALIGNMENT(.z_init_POST_KERNEL??_*)))
 .z_init_POST_KERNEL40_0_
                0x000000000800416c        0x8 zephyr/lib/libc/common/liblib__libc__common.a(malloc.c.obj)
                0x0000000008004174                __init_APPLICATION_start = .
 *(SORT_BY_NAME(SORT_BY_ALIGNMENT(.z_init_APPLICATION?_*)))
 *(SORT_BY_NAME(SORT_BY_ALIGNMENT(.z_init_APPLICATION??_*)))
                0x0000000008004174                __init_SMP_start = .
 *(SORT_BY_NAME(SORT_BY_ALIGNMENT(.z_init_SMP?_*)))
 *(SORT_BY_NAME(SORT_BY_ALIGNMENT(.z_init_SMP??_*)))
                0x0000000008004174                __init_end = .

device_area     0x0000000008004174      0x118
                0x0000000008004174                _device_list_start = .
 *(SORT_BY_NAME(SORT_BY_ALIGNMENT(._device.static.*_?_*)))
 ._device.static.1_1_
                0x0000000008004174       0x14 zephyr/drivers/clock_control/libdrivers__clock_control.a(clock_stm32_ll_common.c.obj)
                0x0000000008004174                __device_dts_ord_8
 *(SORT_BY_NAME(SORT_BY_ALIGNMENT(._device.static.*_??_*)))
 ._device.static.1_35_
                0x0000000008004188       0x14 zephyr/drivers/reset/libdrivers__reset.a(reset_stm32.c.obj)
                0x0000000008004188                __device_dts_ord_56
 ._device.static.1_40_
                0x000000000800419c       0x14 zephyr/drivers/interrupt_controller/libdrivers__interrupt_controller.a(intc_exti_stm32.c.obj)
                0x000000000800419c                __device_dts_ord_53
 ._device.static.1_40_
                0x00000000080041b0       0xb4 zephyr/drivers/gpio/libdrivers__gpio.a(gpio_stm32.c.obj)
                0x00000000080041b0                __device_dts_ord_89
                0x00000000080041c4                __device_dts_ord_88
                0x00000000080041d8                __device_dts_ord_87
                0x00000000080041ec                __device_dts_ord_86
                0x0000000008004200                __device_dts_ord_85
                0x0000000008004214                __device_dts_ord_33
                0x0000000008004228                __device_dts_ord_84
                0x000000000800423c                __device_dts_ord_83
                0x0000000008004250                __device_dts_ord_30
 ._device.static.1_55_
                0x0000000008004264       0x28 zephyr/drivers/serial/libdrivers__serial.a(uart_stm32.c.obj)
                0x0000000008004264                __device_dts_ord_60
                0x0000000008004278                __device_dts_ord_66
                0x000000000800428c                _device_list_end = .

sw_isr_table    0x000000000800428c      0x290
                0x000000000800428c                . = ALIGN (0x4)
 *(SORT_BY_ALIGNMENT(.gnu.linkonce.sw_isr_table*))
 .gnu.linkonce.sw_isr_table
                0x000000000800428c      0x290 zephyr/arch/common/libisr_tables.a(isr_tables.c.obj)
                0x000000000800428c                _sw_isr_table

initlevel_error
                0x00000000080040dc        0x0
 *(SORT_BY_NAME(SORT_BY_ALIGNMENT(.z_init_[_A-Z0-9]*)))
                0x0000000000000001                ASSERT ((SIZEOF (initlevel_error) == 0x0), Undefined initialization levels used.)

app_shmem_regions
                0x000000000800451c        0x0
                0x000000000800451c                __app_shmem_regions_start = .
 *(SORT_BY_NAME(SORT_BY_ALIGNMENT(.app_regions.*)))
                0x000000000800451c                __app_shmem_regions_end = .

k_p4wq_initparam_area
                0x000000000800451c        0x0
                0x000000000800451c                _k_p4wq_initparam_list_start = .
 *(SORT_BY_NAME(SORT_BY_ALIGNMENT(._k_p4wq_initparam.static.*)))
                0x000000000800451c                _k_p4wq_initparam_list_end = .

_static_thread_data_area
                0x000000000800451c        0x0
                0x000000000800451c                __static_thread_data_list_start = .
 *(SORT_BY_NAME(SORT_BY_ALIGNMENT(.__static_thread_data.static.*)))
                0x000000000800451c                __static_thread_data_list_end = .

device_deps     0x000000000800451c        0x0
                0x000000000800451c                __device_deps_start = .
 *(SORT_BY_NAME(SORT_BY_ALIGNMENT(.__device_deps_pass2*)))
                0x000000000800451c                __device_deps_end = .

ztest           0x000000000800451c        0x0
                0x000000000800451c                _ztest_expected_result_entry_list_start = .
 *(SORT_BY_NAME(SORT_BY_ALIGNMENT(._ztest_expected_result_entry.static.*)))
                0x000000000800451c                _ztest_expected_result_entry_list_end = .
                0x000000000800451c                _ztest_suite_node_list_start = .
 *(SORT_BY_NAME(SORT_BY_ALIGNMENT(._ztest_suite_node.static.*)))
                0x000000000800451c                _ztest_suite_node_list_end = .
                0x000000000800451c                _ztest_unit_test_list_start = .
 *(SORT_BY_NAME(SORT_BY_ALIGNMENT(._ztest_unit_test.static.*)))
                0x000000000800451c                _ztest_unit_test_list_end = .
                0x000000000800451c                _ztest_test_rule_list_start = .
 *(SORT_BY_NAME(SORT_BY_ALIGNMENT(._ztest_test_rule.static.*)))
                0x000000000800451c                _ztest_test_rule_list_end = .

bt_l2cap_fixed_chan_area
                0x000000000800451c        0x0
                0x000000000800451c                _bt_l2cap_fixed_chan_list_start = .
 *(SORT_BY_NAME(SORT_BY_ALIGNMENT(._bt_l2cap_fixed_chan.static.*)))
                0x000000000800451c                _bt_l2cap_fixed_chan_list_end = .

bt_gatt_service_static_area
                0x000000000800451c        0x0
                0x000000000800451c                _bt_gatt_service_static_list_start = .
 *(SORT_BY_NAME(SORT_BY_ALIGNMENT(._bt_gatt_service_static.static.*)))
                0x000000000800451c                _bt_gatt_service_static_list_end = .

log_strings_area
                0x000000000800451c        0x0
                0x000000000800451c                _log_strings_list_start = .
 *(SORT_BY_NAME(SORT_BY_ALIGNMENT(._log_strings.static.*)))
                0x000000000800451c                _log_strings_list_end = .

log_const_area  0x000000000800451c        0x0
                0x000000000800451c                _log_const_list_start = .
 *(SORT_BY_NAME(SORT_BY_ALIGNMENT(._log_const.static.*)))
                0x000000000800451c                _log_const_list_end = .

log_backend_area
                0x000000000800451c        0x0
                0x000000000800451c                _log_backend_list_start = .
 *(SORT_BY_NAME(SORT_BY_ALIGNMENT(._log_backend.static.*)))
                0x000000000800451c                _log_backend_list_end = .

log_link_area   0x000000000800451c        0x0
                0x000000000800451c                _log_link_list_start = .
 *(SORT_BY_NAME(SORT_BY_ALIGNMENT(._log_link.static.*)))
                0x000000000800451c                _log_link_list_end = .

tracing_backend_area
                0x000000000800451c        0x0
                0x000000000800451c                _tracing_backend_list_start = .
 *(SORT_BY_NAME(SORT_BY_ALIGNMENT(._tracing_backend.static.*)))
                0x000000000800451c                _tracing_backend_list_end = .

zephyr_dbg_info
                0x000000000800451c       0x44
 *(SORT_BY_ALIGNMENT(.dbg_thread_info))
 .dbg_thread_info
                0x000000000800451c       0x44 zephyr/libzephyr.a(thread_info.c.obj)
                0x000000000800451c                _kernel_openocd_size_t_size
                0x000000000800451c                _kernel_thread_info_size_t_size
                0x0000000008004520                _kernel_openocd_num_offsets
                0x0000000008004520                _kernel_thread_info_num_offsets
                0x0000000008004524                _kernel_openocd_offsets
                0x0000000008004524                _kernel_thread_info_offsets

symbol_to_keep  0x0000000008004560        0x0
                0x0000000008004560                __symbol_to_keep_start = .
 *(SORT_BY_NAME(SORT_BY_ALIGNMENT(.symbol_to_keep*)))
                0x0000000008004560                __symbol_to_keep_end = .

shell_area      0x0000000008004560        0x0
                0x0000000008004560                _shell_list_start = .
 *(SORT_BY_NAME(SORT_BY_ALIGNMENT(._shell.static.*)))
                0x0000000008004560                _shell_list_end = .

shell_root_cmds_area
                0x0000000008004560        0x0
                0x0000000008004560                _shell_root_cmds_list_start = .
 *(SORT_BY_NAME(SORT_BY_ALIGNMENT(._shell_root_cmds.static.*)))
                0x0000000008004560                _shell_root_cmds_list_end = .

shell_subcmds_area
                0x0000000008004560        0x0
                0x0000000008004560                _shell_subcmds_list_start = .
 *(SORT_BY_NAME(SORT_BY_ALIGNMENT(._shell_subcmds.static.*)))
                0x0000000008004560                _shell_subcmds_list_end = .

shell_dynamic_subcmds_area
                0x0000000008004560        0x0
                0x0000000008004560                _shell_dynamic_subcmds_list_start = .
 *(SORT_BY_NAME(SORT_BY_ALIGNMENT(._shell_dynamic_subcmds.static.*)))
                0x0000000008004560                _shell_dynamic_subcmds_list_end = .

cfb_font_area   0x0000000008004560        0x0
                0x0000000008004560                _cfb_font_list_start = .
 *(SORT_BY_NAME(SORT_BY_ALIGNMENT(._cfb_font.static.*)))
                0x0000000008004560                _cfb_font_list_end = .

tdata           0x0000000008004560        0x0
 *(SORT_BY_ALIGNMENT(.tdata) SORT_BY_ALIGNMENT(.tdata.*) SORT_BY_ALIGNMENT(.gnu.linkonce.td.*))

tbss            0x0000000008004560        0x4
 *(SORT_BY_ALIGNMENT(.tbss) SORT_BY_ALIGNMENT(.tbss.*) SORT_BY_ALIGNMENT(.gnu.linkonce.tb.*) SORT_BY_ALIGNMENT(.tcommon))
 .tbss.z_tls_current
                0x0000000008004560        0x4 zephyr/libzephyr.a(thread_entry.c.obj)
                0x0000000008004560                z_tls_current
                0x0000000008004560                PROVIDE (__tdata_start = LOADADDR (tdata))
                0x0000000000000000                PROVIDE (__tdata_size = SIZEOF (tdata))
                [!provide]                        PROVIDE (__tdata_end = (__tdata_start + __tdata_size))
                0x0000000000000001                PROVIDE (__tdata_align = ALIGNOF (tdata))
                [!provide]                        PROVIDE (__tbss_start = ADDR (tbss))
                0x0000000000000004                PROVIDE (__tbss_size = SIZEOF (tbss))
                [!provide]                        PROVIDE (__tbss_end = (__tbss_start + __tbss_size))
                0x0000000000000004                PROVIDE (__tbss_align = ALIGNOF (tbss))
                [!provide]                        PROVIDE (__tls_start = __tdata_start)
                [!provide]                        PROVIDE (__tls_end = __tbss_end)
                [!provide]                        PROVIDE (__tls_size = (__tbss_end - __tdata_start))

rodata          0x0000000008004560      0x404
 *(SORT_BY_ALIGNMENT(.rodata))
 .rodata        0x0000000008004560        0x8 zephyr/drivers/gpio/libdrivers__gpio.a(gpio_stm32.c.obj)
 *(SORT_BY_ALIGNMENT(.rodata.*))
 .rodata.main.str1.4
                0x0000000008004568       0x51 app/libapp.a(main.c.obj)
 *fill*         0x00000000080045b9        0x3 
 .rodata.led3   0x00000000080045bc        0x8 app/libapp.a(main.c.obj)
 .rodata.led2   0x00000000080045c4        0x8 app/libapp.a(main.c.obj)
 .rodata.led1   0x00000000080045cc        0x8 app/libapp.a(main.c.obj)
 .rodata.button
                0x00000000080045d4        0x8 app/libapp.a(main.c.obj)
 .rodata.led    0x00000000080045dc        0x8 app/libapp.a(main.c.obj)
 .rodata.mem_attr_region
                0x00000000080045e4        0x0 zephyr/libzephyr.a(mem_attr.c.obj)
 .rodata.static_regions
                0x00000000080045e4        0xc zephyr/arch/arch/arm/core/mpu/libarch__arm__core__mpu.a(arm_core_mpu.c.obj)
 .rodata.mpu_config
                0x00000000080045f0        0x8 zephyr/arch/arch/arm/core/mpu/libarch__arm__core__mpu.a(arm_mpu_regions.c.obj)
                0x00000000080045f0                mpu_config
 .rodata.str1.4
                0x00000000080045f8        0xf zephyr/arch/arch/arm/core/mpu/libarch__arm__core__mpu.a(arm_mpu_regions.c.obj)
 *fill*         0x0000000008004607        0x1 
 .rodata.mpu_regions
                0x0000000008004608       0x18 zephyr/arch/arch/arm/core/mpu/libarch__arm__core__mpu.a(arm_mpu_regions.c.obj)
 .rodata.line_range_6.0
                0x0000000008004620        0x2 zephyr/drivers/interrupt_controller/libdrivers__interrupt_controller.a(intc_exti_stm32.c.obj)
 *fill*         0x0000000008004622        0x2 
 .rodata.line_range_5.1
                0x0000000008004624        0x2 zephyr/drivers/interrupt_controller/libdrivers__interrupt_controller.a(intc_exti_stm32.c.obj)
 *fill*         0x0000000008004626        0x2 
 .rodata.line_range_4.2
                0x0000000008004628        0x2 zephyr/drivers/interrupt_controller/libdrivers__interrupt_controller.a(intc_exti_stm32.c.obj)
 *fill*         0x000000000800462a        0x2 
 .rodata.line_range_3.3
                0x000000000800462c        0x2 zephyr/drivers/interrupt_controller/libdrivers__interrupt_controller.a(intc_exti_stm32.c.obj)
 *fill*         0x000000000800462e        0x2 
 .rodata.line_range_2.4
                0x0000000008004630        0x2 zephyr/drivers/interrupt_controller/libdrivers__interrupt_controller.a(intc_exti_stm32.c.obj)
 *fill*         0x0000000008004632        0x2 
 .rodata.line_range_1.5
                0x0000000008004634        0x2 zephyr/drivers/interrupt_controller/libdrivers__interrupt_controller.a(intc_exti_stm32.c.obj)
 *fill*         0x0000000008004636        0x2 
 .rodata.line_range_0.6
                0x0000000008004638        0x2 zephyr/drivers/interrupt_controller/libdrivers__interrupt_controller.a(intc_exti_stm32.c.obj)
 *fill*         0x000000000800463a        0x2 
 .rodata.str1.4
                0x000000000800463c       0x1e zephyr/drivers/interrupt_controller/libdrivers__interrupt_controller.a(intc_exti_stm32.c.obj)
 *fill*         0x000000000800465a        0x2 
 .rodata.str1.4
                0x000000000800465c        0xd zephyr/drivers/clock_control/libdrivers__clock_control.a(clock_stm32_ll_common.c.obj)
 *fill*         0x0000000008004669        0x3 
 .rodata.str1.4
                0x000000000800466c       0x8e zephyr/drivers/gpio/libdrivers__gpio.a(gpio_stm32.c.obj)
 *fill*         0x00000000080046fa        0x2 
 .rodata.gpio_stm32_cfg_i
                0x00000000080046fc       0x14 zephyr/drivers/gpio/libdrivers__gpio.a(gpio_stm32.c.obj)
 .rodata.gpio_stm32_cfg_h
                0x0000000008004710       0x14 zephyr/drivers/gpio/libdrivers__gpio.a(gpio_stm32.c.obj)
 .rodata.gpio_stm32_cfg_g
                0x0000000008004724       0x14 zephyr/drivers/gpio/libdrivers__gpio.a(gpio_stm32.c.obj)
 .rodata.gpio_stm32_cfg_f
                0x0000000008004738       0x14 zephyr/drivers/gpio/libdrivers__gpio.a(gpio_stm32.c.obj)
 .rodata.gpio_stm32_cfg_e
                0x000000000800474c       0x14 zephyr/drivers/gpio/libdrivers__gpio.a(gpio_stm32.c.obj)
 .rodata.gpio_stm32_cfg_d
                0x0000000008004760       0x14 zephyr/drivers/gpio/libdrivers__gpio.a(gpio_stm32.c.obj)
 .rodata.gpio_stm32_cfg_c
                0x0000000008004774       0x14 zephyr/drivers/gpio/libdrivers__gpio.a(gpio_stm32.c.obj)
 .rodata.gpio_stm32_cfg_b
                0x0000000008004788       0x14 zephyr/drivers/gpio/libdrivers__gpio.a(gpio_stm32.c.obj)
 .rodata.gpio_stm32_cfg_a
                0x000000000800479c       0x14 zephyr/drivers/gpio/libdrivers__gpio.a(gpio_stm32.c.obj)
 .rodata.gpio_stm32_driver
                0x00000000080047b0       0x24 zephyr/drivers/gpio/libdrivers__gpio.a(gpio_stm32.c.obj)
 .rodata.gpio_ports
                0x00000000080047d4       0x2c zephyr/drivers/pinctrl/libdrivers__pinctrl.a(pinctrl_stm32.c.obj)
 .rodata.str1.4
                0x0000000008004800       0x11 zephyr/drivers/reset/libdrivers__reset.a(reset_stm32.c.obj)
 *fill*         0x0000000008004811        0x3 
 .rodata.reset_stm32_config
                0x0000000008004814        0x4 zephyr/drivers/reset/libdrivers__reset.a(reset_stm32.c.obj)
 .rodata.reset_stm32_driver_api
                0x0000000008004818       0x10 zephyr/drivers/reset/libdrivers__reset.a(reset_stm32.c.obj)
 .rodata.str1.4
                0x0000000008004828       0x20 zephyr/drivers/serial/libdrivers__serial.a(uart_stm32.c.obj)
 .rodata.uart_stm32_cfg_1
                0x0000000008004848       0x24 zephyr/drivers/serial/libdrivers__serial.a(uart_stm32.c.obj)
 .rodata.pclken_1
                0x000000000800486c        0x8 zephyr/drivers/serial/libdrivers__serial.a(uart_stm32.c.obj)
 .rodata.__pinctrl_dev_config__device_dts_ord_60
                0x0000000008004874        0x8 zephyr/drivers/serial/libdrivers__serial.a(uart_stm32.c.obj)
 .rodata.__pinctrl_states__device_dts_ord_60
                0x000000000800487c        0x8 zephyr/drivers/serial/libdrivers__serial.a(uart_stm32.c.obj)
 .rodata.__pinctrl_state_pins_0__device_dts_ord_60
                0x0000000008004884       0x10 zephyr/drivers/serial/libdrivers__serial.a(uart_stm32.c.obj)
 .rodata.uart_stm32_cfg_0
                0x0000000008004894       0x24 zephyr/drivers/serial/libdrivers__serial.a(uart_stm32.c.obj)
 .rodata.pclken_0
                0x00000000080048b8        0x8 zephyr/drivers/serial/libdrivers__serial.a(uart_stm32.c.obj)
 .rodata.__pinctrl_dev_config__device_dts_ord_66
                0x00000000080048c0        0x8 zephyr/drivers/serial/libdrivers__serial.a(uart_stm32.c.obj)
 .rodata.__pinctrl_states__device_dts_ord_66
                0x00000000080048c8        0x8 zephyr/drivers/serial/libdrivers__serial.a(uart_stm32.c.obj)
 .rodata.__pinctrl_state_pins_0__device_dts_ord_66
                0x00000000080048d0       0x10 zephyr/drivers/serial/libdrivers__serial.a(uart_stm32.c.obj)
 .rodata.uart_stm32_driver_api
                0x00000000080048e0       0x14 zephyr/drivers/serial/libdrivers__serial.a(uart_stm32.c.obj)
 .rodata.AHBPrescTable
                0x00000000080048f4       0x10 modules/stm32/stm32cube/lib..__modules__hal__stm32__stm32cube.a(system_stm32f4xx.c.obj)
                0x00000000080048f4                AHBPrescTable
 .rodata.init_idle_thread.str1.4
                0x0000000008004904        0x5 zephyr/kernel/libkernel.a(init.c.obj)
 *fill*         0x0000000008004909        0x3 
 .rodata.prepare_multithreading.str1.4
                0x000000000800490c        0x5 zephyr/kernel/libkernel.a(init.c.obj)
 *fill*         0x0000000008004911        0x3 
 .rodata.levels.0
                0x0000000008004914       0x18 zephyr/kernel/libkernel.a(init.c.obj)
 .rodata.boot_banner.str1.4
                0x000000000800492c       0x28 zephyr/kernel/libkernel.a(banner.c.obj)
 .rodata.__l_vfprintf.str1.1
                0x0000000008004954        0xf c:\users\joshe\.zephyr_ide\toolchains\zephyr-sdk-0.16.5-1\arm-zephyr-eabi\bin\../lib/gcc/../../picolibc/arm-zephyr-eabi/lib/thumb/v7e-m/nofp\libc.a(libc_tinystdio_vflprintf.c.o)
 *(SORT_BY_ALIGNMENT(.gnu.linkonce.r.*))
                0x0000000008004964                . = ALIGN (0x4)
 *fill*         0x0000000008004963        0x1 
                0x0000000008004964                __rodata_region_end = .
                0x0000000008004980                . = ALIGN (_region_min_align)
                0x0000000008008000                . = ALIGN ((0x1 << LOG2CEIL ((__rodata_region_end - ADDR (rom_start)))))
                0x0000000008008000                __rom_region_end = ((__rom_region_start + .) - ADDR (rom_start))

/DISCARD/
 *(SORT_BY_ALIGNMENT(.got.plt))
 *(SORT_BY_ALIGNMENT(.igot.plt))
 *(SORT_BY_ALIGNMENT(.got))
 *(SORT_BY_ALIGNMENT(.igot))
                0x0000000020000000                . = 0x20000000
                0x0000000020000000                . = ALIGN (_region_min_align)
                0x0000000020000000                _image_ram_start = .

.ramfunc        0x0000000020000000        0x0 load address 0x0000000008004964
                0x0000000020000000                . = ALIGN (_region_min_align)
                0x0000000020000000                . = ALIGN ((0x1 << LOG2CEIL (__ramfunc_size)))
                0x0000000020000000                __ramfunc_start = .
 *(SORT_BY_ALIGNMENT(.ramfunc))
 *(SORT_BY_ALIGNMENT(.ramfunc.*))
                0x0000000020000000                . = ALIGN (_region_min_align)
                0x0000000020000000                . = ALIGN ((0x1 << LOG2CEIL (__ramfunc_size)))
                0x0000000020000000                __ramfunc_end = .
                0x0000000000000000                __ramfunc_size = (__ramfunc_end - __ramfunc_start)
                0x0000000008004964                __ramfunc_load_start = LOADADDR (.ramfunc)

datas           0x0000000020000000       0x70 load address 0x0000000008004964
                0x0000000020000000                __data_region_start = .
                0x0000000020000000                __data_start = .
 *(SORT_BY_ALIGNMENT(.data))
 *(SORT_BY_ALIGNMENT(.data.*))
 .data._char_out
                0x0000000020000000        0x4 zephyr/libzephyr.a(printk.c.obj)
                0x0000000020000000                _char_out
 .data.handler  0x0000000020000004        0x4 zephyr/arch/arch/arm/core/libarch__arm__core.a(nmi.c.obj)
 .data.__stdout
                0x0000000020000008       0x10 zephyr/lib/libc/picolibc/liblib__libc__picolibc.a(libc-hooks.c.obj)
 .data.exti_irq_table
                0x0000000020000018       0x10 zephyr/drivers/interrupt_controller/libdrivers__interrupt_controller.a(intc_exti_stm32.c.obj)
 .data.stm32_clock_control_api
                0x0000000020000028       0x1c zephyr/drivers/clock_control/libdrivers__clock_control.a(clock_stm32_ll_common.c.obj)
 .data.uart_stm32_data_1
                0x0000000020000044        0x8 zephyr/drivers/serial/libdrivers__serial.a(uart_stm32.c.obj)
 .data.uart_cfg_1
                0x000000002000004c        0x8 zephyr/drivers/serial/libdrivers__serial.a(uart_stm32.c.obj)
 .data.uart_stm32_data_0
                0x0000000020000054        0x8 zephyr/drivers/serial/libdrivers__serial.a(uart_stm32.c.obj)
 .data.uart_cfg_0
                0x000000002000005c        0x8 zephyr/drivers/serial/libdrivers__serial.a(uart_stm32.c.obj)
 .data.SystemCoreClock
                0x0000000020000064        0x4 modules/stm32/stm32cube/lib..__modules__hal__stm32__stm32cube.a(system_stm32f4xx.c.obj)
                0x0000000020000064                SystemCoreClock
 .data.timeout_list
                0x0000000020000068        0x8 zephyr/kernel/libkernel.a(timeout.c.obj)
 *(SORT_BY_ALIGNMENT(.kernel.*))
                0x0000000020000070                __data_end = .
                0x0000000000000070                __data_size = (__data_end - __data_start)
                0x0000000008004964                __data_load_start = LOADADDR (datas)
                0x0000000008004964                __data_region_load_start = LOADADDR (datas)

device_states   0x0000000020000070       0x1c load address 0x00000000080049d4
                0x0000000020000070                __device_states_start = .
 *(SORT_BY_ALIGNMENT(.z_devstate))
 .z_devstate    0x0000000020000070        0x2 zephyr/drivers/interrupt_controller/libdrivers__interrupt_controller.a(intc_exti_stm32.c.obj)
 .z_devstate    0x0000000020000072        0x2 zephyr/drivers/clock_control/libdrivers__clock_control.a(clock_stm32_ll_common.c.obj)
 .z_devstate    0x0000000020000074       0x12 zephyr/drivers/gpio/libdrivers__gpio.a(gpio_stm32.c.obj)
 .z_devstate    0x0000000020000086        0x2 zephyr/drivers/reset/libdrivers__reset.a(reset_stm32.c.obj)
 .z_devstate    0x0000000020000088        0x4 zephyr/drivers/serial/libdrivers__serial.a(uart_stm32.c.obj)
 *(SORT_BY_ALIGNMENT(.z_devstate.*))
                0x000000002000008c                __device_states_end = .

log_mpsc_pbuf_area
                0x000000002000008c        0x0 load address 0x00000000080049f0
                0x000000002000008c                _log_mpsc_pbuf_list_start = .
 *(SORT_BY_NAME(SORT_BY_ALIGNMENT(._log_mpsc_pbuf.static.*)))
                0x000000002000008c                _log_mpsc_pbuf_list_end = .

log_msg_ptr_area
                0x000000002000008c        0x0 load address 0x00000000080049f0
                0x000000002000008c                _log_msg_ptr_list_start = .
 *(SORT_BY_NAME(SORT_BY_ALIGNMENT(._log_msg_ptr.static.*)))
                0x000000002000008c                _log_msg_ptr_list_end = .

log_dynamic_area
                0x000000002000008c        0x0 load address 0x00000000080049f0
                0x000000002000008c                _log_dynamic_list_start = .
 *(SORT_BY_NAME(SORT_BY_ALIGNMENT(._log_dynamic.static.*)))
                0x000000002000008c                _log_dynamic_list_end = .

k_timer_area    0x000000002000008c        0x0 load address 0x00000000080049f0
                0x000000002000008c                _k_timer_list_start = .
 *(SORT_BY_NAME(SORT_BY_ALIGNMENT(._k_timer.static.*)))
                0x000000002000008c                _k_timer_list_end = .

k_mem_slab_area
                0x000000002000008c        0x0 load address 0x00000000080049f0
                0x000000002000008c                _k_mem_slab_list_start = .
 *(SORT_BY_NAME(SORT_BY_ALIGNMENT(._k_mem_slab.static.*)))
                0x000000002000008c                _k_mem_slab_list_end = .

k_heap_area     0x000000002000008c        0x0 load address 0x00000000080049f0
                0x000000002000008c                _k_heap_list_start = .
 *(SORT_BY_NAME(SORT_BY_ALIGNMENT(._k_heap.static.*)))
                0x000000002000008c                _k_heap_list_end = .

k_mutex_area    0x000000002000008c        0x0 load address 0x00000000080049f0
                0x000000002000008c                _k_mutex_list_start = .
 *(SORT_BY_NAME(SORT_BY_ALIGNMENT(._k_mutex.static.*)))
                0x000000002000008c                _k_mutex_list_end = .

k_stack_area    0x000000002000008c        0x0 load address 0x00000000080049f0
                0x000000002000008c                _k_stack_list_start = .
 *(SORT_BY_NAME(SORT_BY_ALIGNMENT(._k_stack.static.*)))
                0x000000002000008c                _k_stack_list_end = .

k_msgq_area     0x000000002000008c        0x0 load address 0x00000000080049f0
                0x000000002000008c                _k_msgq_list_start = .
 *(SORT_BY_NAME(SORT_BY_ALIGNMENT(._k_msgq.static.*)))
                0x000000002000008c                _k_msgq_list_end = .

k_mbox_area     0x000000002000008c        0x0 load address 0x00000000080049f0
                0x000000002000008c                _k_mbox_list_start = .
 *(SORT_BY_NAME(SORT_BY_ALIGNMENT(._k_mbox.static.*)))
                0x000000002000008c                _k_mbox_list_end = .

k_pipe_area     0x000000002000008c        0x0 load address 0x00000000080049f0
                0x000000002000008c                _k_pipe_list_start = .
 *(SORT_BY_NAME(SORT_BY_ALIGNMENT(._k_pipe.static.*)))
                0x000000002000008c                _k_pipe_list_end = .

k_sem_area      0x000000002000008c        0x0 load address 0x00000000080049f0
                0x000000002000008c                _k_sem_list_start = .
 *(SORT_BY_NAME(SORT_BY_ALIGNMENT(._k_sem.static.*)))
                0x000000002000008c                _k_sem_list_end = .

k_event_area    0x000000002000008c        0x0 load address 0x00000000080049f0
                0x000000002000008c                _k_event_list_start = .
 *(SORT_BY_NAME(SORT_BY_ALIGNMENT(._k_event.static.*)))
                0x000000002000008c                _k_event_list_end = .

k_queue_area    0x000000002000008c        0x0 load address 0x00000000080049f0
                0x000000002000008c                _k_queue_list_start = .
 *(SORT_BY_NAME(SORT_BY_ALIGNMENT(._k_queue.static.*)))
                0x000000002000008c                _k_queue_list_end = .

k_fifo_area     0x000000002000008c        0x0 load address 0x00000000080049f0
                0x000000002000008c                _k_fifo_list_start = .
 *(SORT_BY_NAME(SORT_BY_ALIGNMENT(._k_fifo.static.*)))
                0x000000002000008c                _k_fifo_list_end = .

k_lifo_area     0x000000002000008c        0x0 load address 0x00000000080049f0
                0x000000002000008c                _k_lifo_list_start = .
 *(SORT_BY_NAME(SORT_BY_ALIGNMENT(._k_lifo.static.*)))
                0x000000002000008c                _k_lifo_list_end = .

k_condvar_area  0x000000002000008c        0x0 load address 0x00000000080049f0
                0x000000002000008c                _k_condvar_list_start = .
 *(SORT_BY_NAME(SORT_BY_ALIGNMENT(._k_condvar.static.*)))
                0x000000002000008c                _k_condvar_list_end = .

sys_mem_blocks_ptr_area
                0x000000002000008c        0x0 load address 0x00000000080049f0
                0x000000002000008c                _sys_mem_blocks_ptr_list_start = .
 *(SORT_BY_NAME(SORT_BY_ALIGNMENT(._sys_mem_blocks_ptr.static.*)))
                0x000000002000008c                _sys_mem_blocks_ptr_list_end = .

net_buf_pool_area
                0x000000002000008c        0x0 load address 0x00000000080049f0
                0x000000002000008c                _net_buf_pool_list_start = .
 *(SORT_BY_NAME(SORT_BY_ALIGNMENT(._net_buf_pool.static.*)))
                0x000000002000008c                _net_buf_pool_list_end = .
                0x000000002000008c                __data_region_end = .

bss             0x0000000020000090      0x306
                0x0000000020000090                . = ALIGN (0x4)
                0x0000000020000090                __bss_start = .
                0x0000000020000090                __kernel_ram_start = .
 *(SORT_BY_ALIGNMENT(.bss))
 *(SORT_BY_ALIGNMENT(.bss.*))
 .bss.announced_cycles
                0x0000000020000090        0x8 zephyr/drivers/timer/libdrivers__timer.a(cortex_m_systick.c.obj)
 .bss.cycle_count
                0x0000000020000098        0x8 zephyr/drivers/timer/libdrivers__timer.a(cortex_m_systick.c.obj)
 .bss.z_idle_threads
                0x00000000200000a0       0xb0 zephyr/kernel/libkernel.a(init.c.obj)
                0x00000000200000a0                z_idle_threads
 .bss.z_main_thread
                0x0000000020000150       0xb0 zephyr/kernel/libkernel.a(init.c.obj)
                0x0000000020000150                z_main_thread
 .bss.slice_timeouts
                0x0000000020000200       0x18 zephyr/kernel/libkernel.a(sched.c.obj)
 .bss.curr_tick
                0x0000000020000218        0x8 zephyr/kernel/libkernel.a(timeout.c.obj)
 .bss.z_arm_tls_ptr
                0x0000000020000220        0x4 zephyr/arch/arch/arm/core/libarch__arm__core.a(tls.c.obj)
                0x0000000020000220                z_arm_tls_ptr
 .bss.dynamic_regions.0
                0x0000000020000224        0xc zephyr/arch/arch/arm/core/mpu/libarch__arm__core__mpu.a(arm_core_mpu.c.obj)
 .bss._stdout_hook
                0x0000000020000230        0x4 zephyr/lib/libc/picolibc/liblib__libc__picolibc.a(libc-hooks.c.obj)
 .bss.z_malloc_heap
                0x0000000020000234        0xc zephyr/lib/libc/common/liblib__libc__common.a(malloc.c.obj)
 .bss.exti_data
                0x0000000020000240       0x80 zephyr/drivers/interrupt_controller/libdrivers__interrupt_controller.a(intc_exti_stm32.c.obj)
 .bss.gpio_stm32_data_i
                0x00000000200002c0       0x10 zephyr/drivers/gpio/libdrivers__gpio.a(gpio_stm32.c.obj)
 .bss.gpio_stm32_data_h
                0x00000000200002d0       0x10 zephyr/drivers/gpio/libdrivers__gpio.a(gpio_stm32.c.obj)
 .bss.gpio_stm32_data_g
                0x00000000200002e0       0x10 zephyr/drivers/gpio/libdrivers__gpio.a(gpio_stm32.c.obj)
 .bss.gpio_stm32_data_f
                0x00000000200002f0       0x10 zephyr/drivers/gpio/libdrivers__gpio.a(gpio_stm32.c.obj)
 .bss.gpio_stm32_data_e
                0x0000000020000300       0x10 zephyr/drivers/gpio/libdrivers__gpio.a(gpio_stm32.c.obj)
 .bss.gpio_stm32_data_d
                0x0000000020000310       0x10 zephyr/drivers/gpio/libdrivers__gpio.a(gpio_stm32.c.obj)
 .bss.gpio_stm32_data_c
                0x0000000020000320       0x10 zephyr/drivers/gpio/libdrivers__gpio.a(gpio_stm32.c.obj)
 .bss.gpio_stm32_data_b
                0x0000000020000330       0x10 zephyr/drivers/gpio/libdrivers__gpio.a(gpio_stm32.c.obj)
 .bss.gpio_stm32_data_a
                0x0000000020000340       0x10 zephyr/drivers/gpio/libdrivers__gpio.a(gpio_stm32.c.obj)
 .bss.overflow_cyc
                0x0000000020000350        0x4 zephyr/drivers/timer/libdrivers__timer.a(cortex_m_systick.c.obj)
 .bss.last_load
                0x0000000020000354        0x4 zephyr/drivers/timer/libdrivers__timer.a(cortex_m_systick.c.obj)
 .bss._cpus_active
                0x0000000020000358        0x4 zephyr/kernel/libkernel.a(init.c.obj)
                0x0000000020000358                _cpus_active
 .bss._kernel   0x000000002000035c       0x24 zephyr/kernel/libkernel.a(init.c.obj)
                0x000000002000035c                _kernel
 .bss.pending_current
                0x0000000020000380        0x4 zephyr/kernel/libkernel.a(sched.c.obj)
 .bss.slice_expired
                0x0000000020000384        0x1 zephyr/kernel/libkernel.a(sched.c.obj)
 *fill*         0x0000000020000385        0x3 
 .bss.slice_max_prio
                0x0000000020000388        0x4 zephyr/kernel/libkernel.a(sched.c.obj)
 .bss.slice_ticks
                0x000000002000038c        0x4 zephyr/kernel/libkernel.a(sched.c.obj)
 .bss.sched_spinlock
                0x0000000020000390        0x0 zephyr/kernel/libkernel.a(sched.c.obj)
                0x0000000020000390                sched_spinlock
 .bss.announce_remaining
                0x0000000020000390        0x4 zephyr/kernel/libkernel.a(timeout.c.obj)
 .bss.static_regions_num
                0x0000000020000394        0x1 zephyr/arch/arch/arm/core/mpu/libarch__arm__core__mpu.a(arm_mpu.c.obj)
 .bss.z_sys_post_kernel
                0x0000000020000395        0x1 zephyr/kernel/libkernel.a(init.c.obj)
                0x0000000020000395                z_sys_post_kernel
 *(SORT_BY_ALIGNMENT(COMMON))
 *(SORT_BY_ALIGNMENT(.kernel_bss.*))
                0x0000000020000398                __bss_end = ALIGN (0x4)

noinit          0x00000000200003c0      0xe00
 *(SORT_BY_ALIGNMENT(.noinit))
 *(SORT_BY_ALIGNMENT(.noinit.*))
 .noinit."WEST_TOPDIR/external/zephyr/kernel/init.c".2
                0x00000000200003c0      0x840 zephyr/kernel/libkernel.a(init.c.obj)
                0x00000000200003c0                z_interrupt_stacks
 .noinit."WEST_TOPDIR/external/zephyr/kernel/init.c".1
                0x0000000020000c00      0x180 zephyr/kernel/libkernel.a(init.c.obj)
 .noinit."WEST_TOPDIR/external/zephyr/kernel/init.c".0
                0x0000000020000d80      0x440 zephyr/kernel/libkernel.a(init.c.obj)
                0x0000000020000d80                z_main_stack
 *(SORT_BY_ALIGNMENT(.kernel_noinit.*))
                0x0000000020020000                __kernel_ram_end = 0x20020000
                0x000000000001ff70                __kernel_ram_size = (__kernel_ram_end - __kernel_ram_start)

.ccm_bss        0x0000000010000000        0x0
                0x0000000010000000                __ccm_start = .
                0x0000000010000000                __ccm_bss_start = .
 *(SORT_BY_ALIGNMENT(.ccm_bss))
 *(SORT_BY_ALIGNMENT(.ccm_bss.*))
                0x0000000010000000                __ccm_bss_end = .

.ccm_noinit     0x0000000010000000        0x0
                0x0000000010000000                __ccm_noinit_start = .
 *(SORT_BY_ALIGNMENT(.ccm_noinit))
 *(SORT_BY_ALIGNMENT(.ccm_noinit.*))
                0x0000000010000000                __ccm_noinit_end = .

.ccm_data       0x0000000010000000        0x0 load address 0x00000000080049f0
                0x0000000010000000                __ccm_data_start = .
 *(SORT_BY_ALIGNMENT(.ccm_data))
 *(SORT_BY_ALIGNMENT(.ccm_data.*))
                0x0000000010000000                __ccm_data_end = .
                0x0000000010000000                __ccm_end = .
                0x00000000080049f0                __ccm_data_rom_start = LOADADDR (.ccm_data)

.intList        0x00000000ffff8000       0x78
 *(SORT_BY_ALIGNMENT(.irq_info*))
 .irq_info      0x00000000ffff8000        0x8 zephyr/arch/common/libisr_tables.a(isr_tables.c.obj)
                0x00000000ffff8000                _iheader
 *(SORT_BY_ALIGNMENT(.intList*))
 .intList       0x00000000ffff8008       0x70 zephyr/drivers/interrupt_controller/libdrivers__interrupt_controller.a(intc_exti_stm32.c.obj)

.last_ram_section
                0x00000000200011c0        0x0
                0x00000000200011c0                _image_ram_end = .
                0x00000000000011c0                _image_ram_size = (_image_ram_end - _image_ram_start)
                0x00000000200011c0                _end = .
                0x00000000200011c0                z_mapped_end = .

.stab
 *(SORT_BY_ALIGNMENT(.stab))

.stabstr
 *(SORT_BY_ALIGNMENT(.stabstr))

.stab.excl
 *(SORT_BY_ALIGNMENT(.stab.excl))

.stab.exclstr
 *(SORT_BY_ALIGNMENT(.stab.exclstr))

.stab.index
 *(SORT_BY_ALIGNMENT(.stab.index))

.stab.indexstr
 *(SORT_BY_ALIGNMENT(.stab.indexstr))

.gnu.build.attributes
 *(SORT_BY_ALIGNMENT(.gnu.build.attributes) SORT_BY_ALIGNMENT(.gnu.build.attributes.*))

.comment        0x0000000000000000       0x22
 *(SORT_BY_ALIGNMENT(.comment))
 .comment       0x0000000000000000       0x22 zephyr/CMakeFiles/offsets.dir/./arch/arm/core/offsets/offsets.c.obj
                                         0x23 (size before relaxing)
 .comment       0x0000000000000022       0x23 app/libapp.a(main.c.obj)
 .comment       0x0000000000000022       0x23 zephyr/libzephyr.a(heap.c.obj)
 .comment       0x0000000000000022       0x23 zephyr/libzephyr.a(printk.c.obj)
 .comment       0x0000000000000022       0x23 zephyr/libzephyr.a(thread_entry.c.obj)
 .comment       0x0000000000000022       0x23 zephyr/libzephyr.a(configs.c.obj)
 .comment       0x0000000000000022       0x23 zephyr/libzephyr.a(soc.c.obj)
 .comment       0x0000000000000022       0x23 zephyr/libzephyr.a(soc_config.c.obj)
 .comment       0x0000000000000022       0x23 zephyr/libzephyr.a(thread_info.c.obj)
 .comment       0x0000000000000022       0x23 zephyr/libzephyr.a(mem_attr.c.obj)
 .comment       0x0000000000000022       0x23 zephyr/arch/arch/arm/core/libarch__arm__core.a(fatal.c.obj)
 .comment       0x0000000000000022       0x23 zephyr/arch/arch/arm/core/libarch__arm__core.a(nmi.c.obj)
 .comment       0x0000000000000022       0x23 zephyr/arch/arch/arm/core/libarch__arm__core.a(tls.c.obj)
 .comment       0x0000000000000022       0x23 zephyr/arch/arch/arm/core/cortex_m/libarch__arm__core__cortex_m.a(fault.c.obj)
 .comment       0x0000000000000022       0x23 zephyr/arch/arch/arm/core/cortex_m/libarch__arm__core__cortex_m.a(thread_abort.c.obj)
 .comment       0x0000000000000022       0x23 zephyr/arch/arch/arm/core/cortex_m/libarch__arm__core__cortex_m.a(swap.c.obj)
 .comment       0x0000000000000022       0x23 zephyr/arch/arch/arm/core/cortex_m/libarch__arm__core__cortex_m.a(irq_manage.c.obj)
 .comment       0x0000000000000022       0x23 zephyr/arch/arch/arm/core/cortex_m/libarch__arm__core__cortex_m.a(prep_c.c.obj)
 .comment       0x0000000000000022       0x23 zephyr/arch/arch/arm/core/cortex_m/libarch__arm__core__cortex_m.a(thread.c.obj)
 .comment       0x0000000000000022       0x23 zephyr/arch/arch/arm/core/cortex_m/libarch__arm__core__cortex_m.a(irq_init.c.obj)
 .comment       0x0000000000000022       0x23 zephyr/arch/arch/arm/core/mpu/libarch__arm__core__mpu.a(arm_core_mpu.c.obj)
 .comment       0x0000000000000022       0x23 zephyr/arch/arch/arm/core/mpu/libarch__arm__core__mpu.a(arm_mpu.c.obj)
 .comment       0x0000000000000022       0x23 zephyr/arch/arch/arm/core/mpu/libarch__arm__core__mpu.a(arm_mpu_regions.c.obj)
 .comment       0x0000000000000022       0x23 zephyr/lib/libc/picolibc/liblib__libc__picolibc.a(libc-hooks.c.obj)
 .comment       0x0000000000000022       0x23 zephyr/lib/libc/common/liblib__libc__common.a(malloc.c.obj)
 .comment       0x0000000000000022       0x23 zephyr/drivers/interrupt_controller/libdrivers__interrupt_controller.a(intc_exti_stm32.c.obj)
 .comment       0x0000000000000022       0x23 zephyr/drivers/clock_control/libdrivers__clock_control.a(clock_stm32_ll_common.c.obj)
 .comment       0x0000000000000022       0x23 zephyr/drivers/clock_control/libdrivers__clock_control.a(clock_stm32f2_f4_f7.c.obj)
 .comment       0x0000000000000022       0x23 zephyr/drivers/console/libdrivers__console.a(uart_console.c.obj)
 .comment       0x0000000000000022       0x23 zephyr/drivers/gpio/libdrivers__gpio.a(gpio_stm32.c.obj)
 .comment       0x0000000000000022       0x23 zephyr/drivers/pinctrl/libdrivers__pinctrl.a(common.c.obj)
 .comment       0x0000000000000022       0x23 zephyr/drivers/pinctrl/libdrivers__pinctrl.a(pinctrl_stm32.c.obj)
 .comment       0x0000000000000022       0x23 zephyr/drivers/reset/libdrivers__reset.a(reset_stm32.c.obj)
 .comment       0x0000000000000022       0x23 zephyr/drivers/serial/libdrivers__serial.a(uart_stm32.c.obj)
 .comment       0x0000000000000022       0x23 zephyr/drivers/timer/libdrivers__timer.a(cortex_m_systick.c.obj)
 .comment       0x0000000000000022       0x23 modules/stm32/stm32cube/lib..__modules__hal__stm32__stm32cube.a(system_stm32f4xx.c.obj)
 .comment       0x0000000000000022       0x23 modules/stm32/stm32cube/lib..__modules__hal__stm32__stm32cube.a(stm32f4xx_hal_rcc.c.obj)
 .comment       0x0000000000000022       0x23 modules/stm32/stm32cube/lib..__modules__hal__stm32__stm32cube.a(stm32f4xx_ll_utils.c.obj)
 .comment       0x0000000000000022       0x23 zephyr/kernel/libkernel.a(device.c.obj)
 .comment       0x0000000000000022       0x23 zephyr/kernel/libkernel.a(fatal.c.obj)
 .comment       0x0000000000000022       0x23 zephyr/kernel/libkernel.a(init.c.obj)
 .comment       0x0000000000000022       0x23 zephyr/kernel/libkernel.a(thread.c.obj)
 .comment       0x0000000000000022       0x23 zephyr/kernel/libkernel.a(sched.c.obj)
 .comment       0x0000000000000022       0x23 zephyr/kernel/libkernel.a(idle.c.obj)
 .comment       0x0000000000000022       0x23 zephyr/kernel/libkernel.a(xip.c.obj)
 .comment       0x0000000000000022       0x23 zephyr/kernel/libkernel.a(timeout.c.obj)
 .comment       0x0000000000000022       0x23 zephyr/kernel/libkernel.a(banner.c.obj)
 .comment       0x0000000000000022       0x23 zephyr/arch/common/libisr_tables.a(isr_tables.c.obj)

.debug
 *(SORT_BY_ALIGNMENT(.debug))

.line
 *(SORT_BY_ALIGNMENT(.line))

.debug_srcinfo
 *(SORT_BY_ALIGNMENT(.debug_srcinfo))

.debug_sfnames
 *(SORT_BY_ALIGNMENT(.debug_sfnames))

.debug_aranges  0x0000000000000000     0x1100
 *(SORT_BY_ALIGNMENT(.debug_aranges))
 .debug_aranges
                0x0000000000000000       0x20 zephyr/arch/arch/arm/core/libarch__arm__core.a(nmi_on_reset.S.obj)
 .debug_aranges
                0x0000000000000020       0x20 zephyr/arch/arch/arm/core/cortex_m/libarch__arm__core__cortex_m.a(exc_exit.S.obj)
 .debug_aranges
                0x0000000000000040       0x20 zephyr/arch/arch/arm/core/cortex_m/libarch__arm__core__cortex_m.a(fault_s.S.obj)
 .debug_aranges
                0x0000000000000060       0x20 zephyr/arch/arch/arm/core/cortex_m/libarch__arm__core__cortex_m.a(reset.S.obj)
 .debug_aranges
                0x0000000000000080       0x28 zephyr/arch/arch/arm/core/cortex_m/libarch__arm__core__cortex_m.a(swap_helper.S.obj)
 .debug_aranges
                0x00000000000000a8       0x30 zephyr/arch/arch/arm/core/cortex_m/libarch__arm__core__cortex_m.a(cpu_idle.S.obj)
 .debug_aranges
                0x00000000000000d8       0x20 zephyr/arch/arch/arm/core/cortex_m/libarch__arm__core__cortex_m.a(isr_wrapper.S.obj)
 .debug_aranges
                0x00000000000000f8       0x20 zephyr/arch/arch/arm/core/cortex_m/libarch__arm__core__cortex_m.a(__aeabi_read_tp.S.obj)
 .debug_aranges
                0x0000000000000118       0x20 zephyr/CMakeFiles/offsets.dir/./arch/arm/core/offsets/offsets.c.obj
 .debug_aranges
                0x0000000000000138       0x58 app/libapp.a(main.c.obj)
 .debug_aranges
                0x0000000000000190       0x98 zephyr/libzephyr.a(heap.c.obj)
 .debug_aranges
                0x0000000000000228       0x50 zephyr/libzephyr.a(printk.c.obj)
 .debug_aranges
                0x0000000000000278       0x20 zephyr/libzephyr.a(thread_entry.c.obj)
 .debug_aranges
                0x0000000000000298       0x20 zephyr/libzephyr.a(configs.c.obj)
 .debug_aranges
                0x00000000000002b8       0x20 zephyr/libzephyr.a(soc.c.obj)
 .debug_aranges
                0x00000000000002d8       0x20 zephyr/libzephyr.a(soc_config.c.obj)
 .debug_aranges
                0x00000000000002f8       0x18 zephyr/libzephyr.a(thread_info.c.obj)
 .debug_aranges
                0x0000000000000310       0x28 zephyr/libzephyr.a(mem_attr.c.obj)
 .debug_aranges
                0x0000000000000338       0x30 zephyr/arch/arch/arm/core/libarch__arm__core.a(fatal.c.obj)
 .debug_aranges
                0x0000000000000368       0x28 zephyr/arch/arch/arm/core/libarch__arm__core.a(nmi.c.obj)
 .debug_aranges
                0x0000000000000390       0x28 zephyr/arch/arch/arm/core/libarch__arm__core.a(tls.c.obj)