Archive member included to satisfy reference by file (symbol)

app/libapp.a(main.c.obj)      (--whole-archive)
zephyr/libzephyr.a(heap.c.obj)
                              (--whole-archive)
zephyr/libzephyr.a(cbprintf_packaged.c.obj)
                              (--whole-archive)
zephyr/libzephyr.a(printk.c.obj)
                              (--whole-archive)
zephyr/libzephyr.a(sem.c.obj)
                              (--whole-archive)
zephyr/libzephyr.a(thread_entry.c.obj)
                              (--whole-archive)
zephyr/libzephyr.a(cbprintf_complete.c.obj)
                              (--whole-archive)
zephyr/libzephyr.a(assert.c.obj)
                              (--whole-archive)
zephyr/libzephyr.a(reboot.c.obj)
                              (--whole-archive)
zephyr/libzephyr.a(dec.c.obj)
                              (--whole-archive)
zephyr/libzephyr.a(hex.c.obj)
                              (--whole-archive)
zephyr/libzephyr.a(rb.c.obj)  (--whole-archive)
zephyr/libzephyr.a(timeutil.c.obj)
                              (--whole-archive)
zephyr/libzephyr.a(bitarray.c.obj)
                              (--whole-archive)
zephyr/libzephyr.a(configs.c.obj)
                              (--whole-archive)
zephyr/libzephyr.a(soc.c.obj)
                              (--whole-archive)
zephyr/libzephyr.a(stm32cube_hal.c.obj)
                              (--whole-archive)
zephyr/libzephyr.a(soc_config.c.obj)
                              (--whole-archive)
zephyr/libzephyr.a(thread_info.c.obj)
                              (--whole-archive)
zephyr/libzephyr.a(mem_attr.c.obj)
                              (--whole-archive)
zephyr/libzephyr.a(tracing_none.c.obj)
                              (--whole-archive)
zephyr/arch/common/libarch__common.a(sw_isr_common.c.obj)
                              (--whole-archive)
zephyr/arch/arch/arm/core/libarch__arm__core.a(fatal.c.obj)
                              (--whole-archive)
zephyr/arch/arch/arm/core/libarch__arm__core.a(nmi.c.obj)
                              (--whole-archive)
zephyr/arch/arch/arm/core/libarch__arm__core.a(nmi_on_reset.S.obj)
                              (--whole-archive)
zephyr/arch/arch/arm/core/libarch__arm__core.a(tls.c.obj)
                              (--whole-archive)
zephyr/arch/arch/arm/core/cortex_m/libarch__arm__core__cortex_m.a(exc_exit.S.obj)
                              (--whole-archive)
zephyr/arch/arch/arm/core/cortex_m/libarch__arm__core__cortex_m.a(fault.c.obj)
                              (--whole-archive)
zephyr/arch/arch/arm/core/cortex_m/libarch__arm__core__cortex_m.a(fault_s.S.obj)
                              (--whole-archive)
zephyr/arch/arch/arm/core/cortex_m/libarch__arm__core__cortex_m.a(fpu.c.obj)
                              (--whole-archive)
zephyr/arch/arch/arm/core/cortex_m/libarch__arm__core__cortex_m.a(reset.S.obj)
                              (--whole-archive)
zephyr/arch/arch/arm/core/cortex_m/libarch__arm__core__cortex_m.a(scb.c.obj)
                              (--whole-archive)
zephyr/arch/arch/arm/core/cortex_m/libarch__arm__core__cortex_m.a(thread_abort.c.obj)
                              (--whole-archive)
zephyr/arch/arch/arm/core/cortex_m/libarch__arm__core__cortex_m.a(vector_table.S.obj)
                              (--whole-archive)
zephyr/arch/arch/arm/core/cortex_m/libarch__arm__core__cortex_m.a(swap.c.obj)
                              (--whole-archive)
zephyr/arch/arch/arm/core/cortex_m/libarch__arm__core__cortex_m.a(swap_helper.S.obj)
                              (--whole-archive)
zephyr/arch/arch/arm/core/cortex_m/libarch__arm__core__cortex_m.a(irq_manage.c.obj)
                              (--whole-archive)
zephyr/arch/arch/arm/core/cortex_m/libarch__arm__core__cortex_m.a(prep_c.c.obj)
                              (--whole-archive)
zephyr/arch/arch/arm/core/cortex_m/libarch__arm__core__cortex_m.a(thread.c.obj)
                              (--whole-archive)
zephyr/arch/arch/arm/core/cortex_m/libarch__arm__core__cortex_m.a(cpu_idle.S.obj)
                              (--whole-archive)
zephyr/arch/arch/arm/core/cortex_m/libarch__arm__core__cortex_m.a(irq_init.c.obj)
                              (--whole-archive)
zephyr/arch/arch/arm/core/cortex_m/libarch__arm__core__cortex_m.a(isr_wrapper.S.obj)
                              (--whole-archive)
zephyr/arch/arch/arm/core/cortex_m/libarch__arm__core__cortex_m.a(__aeabi_read_tp.S.obj)
                              (--whole-archive)
zephyr/arch/arch/arm/core/mpu/libarch__arm__core__mpu.a(arm_core_mpu.c.obj)
                              (--whole-archive)
zephyr/arch/arch/arm/core/mpu/libarch__arm__core__mpu.a(arm_mpu.c.obj)
                              (--whole-archive)
zephyr/arch/arch/arm/core/mpu/libarch__arm__core__mpu.a(arm_mpu_regions.c.obj)
                              (--whole-archive)
zephyr/lib/libc/picolibc/liblib__libc__picolibc.a(libc-hooks.c.obj)
                              (--whole-archive)
[...]
Memory Configuration

Name             Origin             Length             Attributes
FLASH            0x0000000008000000 0x0000000000100000 xr
RAM              0x0000000020000000 0x0000000000020000 xw
CCM              0x0000000010000000 0x0000000000010000
IDT_LIST         0x00000000ffff7fff 0x0000000000008000 xw
*default*        0x0000000000000000 0xffffffffffffffff

Linker script and memory map

                0x00000000080027dc                vfprintf = __l_vfprintf
                0x0000000000000000                vfscanf = __l_vfscanf
LOAD zephyr/CMakeFiles/zephyr_final.dir/misc/empty_file.c.obj
LOAD zephyr/CMakeFiles/zephyr_final.dir/isr_tables.c.obj
LOAD zephyr/CMakeFiles/offsets.dir/./arch/arm/core/offsets/offsets.c.obj
LOAD app/libapp.a
LOAD zephyr/libzephyr.a
LOAD zephyr/arch/common/libarch__common.a
LOAD zephyr/arch/arch/arm/core/libarch__arm__core.a
LOAD zephyr/arch/arch/arm/core/cortex_m/libarch__arm__core__cortex_m.a
LOAD zephyr/arch/arch/arm/core/mpu/libarch__arm__core__mpu.a
LOAD zephyr/lib/libc/picolibc/liblib__libc__picolibc.a
LOAD zephyr/lib/libc/common/liblib__libc__common.a
LOAD zephyr/drivers/interrupt_controller/libdrivers__interrupt_controller.a
LOAD zephyr/drivers/clock_control/libdrivers__clock_control.a
LOAD zephyr/drivers/console/libdrivers__console.a
LOAD zephyr/drivers/gpio/libdrivers__gpio.a
LOAD zephyr/drivers/pinctrl/libdrivers__pinctrl.a
LOAD zephyr/drivers/reset/libdrivers__reset.a
LOAD zephyr/drivers/serial/libdrivers__serial.a
LOAD zephyr/drivers/timer/libdrivers__timer.a
LOAD modules/stm32/stm32cube/lib..__modules__hal__stm32__stm32cube.a
LOAD zephyr/kernel/libkernel.a
LOAD c:/users/joshe/.zephyr_ide/toolchains/zephyr-sdk-0.16.6/arm-zephyr-eabi/bin/../lib/gcc/arm-zephyr-eabi/12.2.0/thumb/v7e-m/nofp\libgcc.a
LOAD zephyr/arch/common/libisr_tables.a
LOAD c:\users\joshe\.zephyr_ide\toolchains\zephyr-sdk-0.16.6\arm-zephyr-eabi\bin\../lib/gcc/../../picolibc/arm-zephyr-eabi/lib/thumb/v7e-m/nofp\libc.a
LOAD c:/users/joshe/.zephyr_ide/toolchains/zephyr-sdk-0.16.6/arm-zephyr-eabi/bin/../lib/gcc/arm-zephyr-eabi/12.2.0/thumb/v7e-m/nofp\libgcc.a
                0x0000000000000020                _region_min_align = 0x20

.rel.plt        0x0000000008000000        0x0
 *(SORT_BY_ALIGNMENT(.rel.plt))
                [!provide]                        PROVIDE (__rel_iplt_start = .)
 *(SORT_BY_ALIGNMENT(.rel.iplt))
 .rel.iplt      0x0000000008000000        0x0 zephyr/CMakeFiles/zephyr_final.dir/isr_tables.c.obj
                [!provide]                        PROVIDE (__rel_iplt_end = .)

.rela.plt       0x0000000000000000        0x0
 *(SORT_BY_ALIGNMENT(.rela.plt))
                [!provide]                        PROVIDE (__rela_iplt_start = .)
 *(SORT_BY_ALIGNMENT(.rela.iplt))
                [!provide]                        PROVIDE (__rela_iplt_end = .)

.rel.dyn
 *(SORT_BY_ALIGNMENT(.rel.*))

.rela.dyn
 *(SORT_BY_ALIGNMENT(.rela.*))

/DISCARD/
 *(SORT_BY_ALIGNMENT(.plt))

/DISCARD/
 *(SORT_BY_ALIGNMENT(.iplt))
                0x0000000008000000                __rom_region_start = 0x8000000

rom_start       0x0000000008000000      0x188
                0x0000000008000000                __rom_start_address = .
 FILL mask 0x00
                0x0000000008000000                . = (. + (0x0 - (. - __rom_start_address)))
                0x0000000008000000                . = ALIGN (0x4)
                0x0000000008000000                . = ALIGN (0x80)
                0x0000000008000000                . = ALIGN (0x200)
                0x0000000008000000                _vector_start = .
 *(SORT_BY_ALIGNMENT(.exc_vector_table))
 *(SORT_BY_ALIGNMENT(.exc_vector_table.*))
 .exc_vector_table._vector_table_section
                0x0000000008000000       0x40 zephyr/arch/arch/arm/core/cortex_m/libarch__arm__core__cortex_m.a(vector_table.S.obj)
                0x0000000008000000                _vector_table
 *(SORT_BY_ALIGNMENT(.vectors))
                0x0000000008000188                _vector_end = .
                0x0000000008000040                . = ALIGN (0x4)
 *(SORT_BY_ALIGNMENT(.gnu.linkonce.irq_vector_table*))
 .gnu.linkonce.irq_vector_table
                0x0000000008000040      0x148 zephyr/CMakeFiles/zephyr_final.dir/isr_tables.c.obj
                0x0000000008000040                _irq_vector_table
                0x0000000008000188                _vector_end = .

text            0x0000000008000188     0x3e74
                0x0000000008000188                __text_region_start = .
 *(SORT_BY_ALIGNMENT(.text))
 .text          0x0000000008000188       0x30 c:/users/joshe/.zephyr_ide/toolchains/zephyr-sdk-0.16.6/arm-zephyr-eabi/bin/../lib/gcc/arm-zephyr-eabi/12.2.0/thumb/v7e-m/nofp\libgcc.a(_aeabi_uldivmod.o)
                0x0000000008000188                __aeabi_uldivmod
 .text          0x00000000080001b8        0x4 c:/users/joshe/.zephyr_ide/toolchains/zephyr-sdk-0.16.6/arm-zephyr-eabi/bin/../lib/gcc/arm-zephyr-eabi/12.2.0/thumb/v7e-m/nofp\libgcc.a(_dvmd_tls.o)
                0x00000000080001b8                __aeabi_idiv0
                0x00000000080001b8                __aeabi_ldiv0
 .text          0x00000000080001bc      0x2a0 c:/users/joshe/.zephyr_ide/toolchains/zephyr-sdk-0.16.6/arm-zephyr-eabi/bin/../lib/gcc/arm-zephyr-eabi/12.2.0/thumb/v7e-m/nofp\libgcc.a(_udivmoddi4.o)
                0x00000000080001bc                __udivmoddi4
 *(SORT_BY_ALIGNMENT(.text.*))
 .text.main     0x000000000800045c       0x5c app/libapp.a(main.c.obj)
                0x000000000800045c                main
 .text.char_out
                0x00000000080004b8       0x10 zephyr/libzephyr.a(printk.c.obj)
 .text.vprintk  0x00000000080004c8       0x2c zephyr/libzephyr.a(printk.c.obj)
                0x00000000080004c8                vprintk
 .text.__printk_hook_install
                0x00000000080004f4        0xc zephyr/libzephyr.a(printk.c.obj)
                0x00000000080004f4                __printk_hook_install
 .text.z_thread_entry
                0x0000000008000500       0x34 zephyr/libzephyr.a(thread_entry.c.obj)
                0x0000000008000500                z_thread_entry
 .text.st_stm32f4_init
                0x0000000008000534       0x28 zephyr/libzephyr.a(soc.c.obj)
 .text.st_stm32_common_config
                0x000000000800055c       0x14 zephyr/libzephyr.a(soc_config.c.obj)
 .text.mem_attr_get_regions
                0x0000000008000570        0xc zephyr/libzephyr.a(mem_attr.c.obj)
                0x0000000008000570                mem_attr_get_regions
 .text.z_arm_nmi
                0x000000000800057c       0x14 zephyr/arch/arch/arm/core/libarch__arm__core.a(nmi.c.obj)
                0x000000000800057c                z_arm_nmi
 .text.z_SysNmiOnReset
                0x0000000008000590        0x8 zephyr/arch/arch/arm/core/libarch__arm__core.a(nmi_on_reset.S.obj)
                0x0000000008000590                z_SysNmiOnReset
 .text.z_tls_copy
                0x0000000008000598       0x38 zephyr/arch/arch/arm/core/libarch__arm__core.a(tls.c.obj)
 .text.arch_tls_stack_setup
                0x00000000080005d0       0x48 zephyr/arch/arch/arm/core/libarch__arm__core.a(tls.c.obj)
                0x00000000080005d0                arch_tls_stack_setup
 .text._HandlerModeExit
                0x0000000008000618       0x1c zephyr/arch/arch/arm/core/cortex_m/libarch__arm__core__cortex_m.a(exc_exit.S.obj)
                0x0000000008000618                z_arm_int_exit
                0x0000000008000618                z_arm_exc_exit
 .text.bus_fault
                0x0000000008000634       0x8c zephyr/arch/arch/arm/core/cortex_m/libarch__arm__core__cortex_m.a(fault.c.obj)
 .text.usage_fault
                0x00000000080006c0       0x64 zephyr/arch/arch/arm/core/cortex_m/libarch__arm__core__cortex_m.a(fault.c.obj)
 .text.z_arm_is_synchronous_svc
                0x0000000008000724       0x3c zephyr/arch/arch/arm/core/cortex_m/libarch__arm__core__cortex_m.a(fault.c.obj)
 .text.mem_manage_fault
                0x0000000008000760       0xd4 zephyr/arch/arch/arm/core/cortex_m/libarch__arm__core__cortex_m.a(fault.c.obj)
 .text.hard_fault
                0x0000000008000834       0x78 zephyr/arch/arch/arm/core/cortex_m/libarch__arm__core__cortex_m.a(fault.c.obj)
 .text.z_arm_fault
                0x00000000080008ac       0xa4 zephyr/arch/arch/arm/core/cortex_m/libarch__arm__core__cortex_m.a(fault.c.obj)
                0x00000000080008ac                z_arm_fault
 .text.z_arm_fault_init
                0x0000000008000950       0x10 zephyr/arch/arch/arm/core/cortex_m/libarch__arm__core__cortex_m.a(fault.c.obj)
                0x0000000008000950                z_arm_fault_init
 .text.__fault  0x0000000008000960       0x14 zephyr/arch/arch/arm/core/cortex_m/libarch__arm__core__cortex_m.a(fault_s.S.obj)
                0x0000000008000960                z_arm_usage_fault
                0x0000000008000960                z_arm_mpu_fault
                0x0000000008000960                z_arm_exc_spurious
                0x0000000008000960                z_arm_debug_monitor
                0x0000000008000960                z_arm_hard_fault
                0x0000000008000960                z_arm_bus_fault
 .text._reset_section
                0x0000000008000974       0x34 zephyr/arch/arch/arm/core/cortex_m/libarch__arm__core__cortex_m.a(reset.S.obj)
                0x0000000008000974                __start
                0x0000000008000974                z_arm_reset
 .text.z_impl_k_thread_abort
                0x00000000080009a8       0x34 zephyr/arch/arch/arm/core/cortex_m/libarch__arm__core__cortex_m.a(thread_abort.c.obj)
                0x00000000080009a8                z_impl_k_thread_abort
 .text.arch_swap
                0x00000000080009dc       0x34 zephyr/arch/arch/arm/core/cortex_m/libarch__arm__core__cortex_m.a(swap.c.obj)
                0x00000000080009dc                arch_swap
 .text.z_arm_pendsv
                0x0000000008000a10       0x68 zephyr/arch/arch/arm/core/cortex_m/libarch__arm__core__cortex_m.a(swap_helper.S.obj)
                0x0000000008000a10                z_arm_pendsv
 .text.z_arm_svc
                0x0000000008000a78       0x20 zephyr/arch/arch/arm/core/cortex_m/libarch__arm__core__cortex_m.a(swap_helper.S.obj)
                0x0000000008000a78                z_arm_svc
 .text.__NVIC_EnableIRQ
                0x0000000008000a98       0x1c zephyr/arch/arch/arm/core/cortex_m/libarch__arm__core__cortex_m.a(irq_manage.c.obj)
 .text.__NVIC_SetPriority
                0x0000000008000ab4       0x28 zephyr/arch/arch/arm/core/cortex_m/libarch__arm__core__cortex_m.a(irq_manage.c.obj)
 .text.z_prep_c
                0x0000000008000adc       0x48 zephyr/arch/arch/arm/core/cortex_m/libarch__arm__core__cortex_m.a(prep_c.c.obj)
                0x0000000008000adc                z_prep_c
 .text.arch_new_thread
                0x0000000008000b24       0x44 zephyr/arch/arch/arm/core/cortex_m/libarch__arm__core__cortex_m.a(thread.c.obj)
                0x0000000008000b24                arch_new_thread
 .text.z_check_thread_stack_fail
                0x0000000008000b68       0x48 zephyr/arch/arch/arm/core/cortex_m/libarch__arm__core__cortex_m.a(thread.c.obj)
                0x0000000008000b68                z_check_thread_stack_fail
 .text.arch_switch_to_main_thread
                0x0000000008000bb0       0x38 zephyr/arch/arch/arm/core/cortex_m/libarch__arm__core__cortex_m.a(thread.c.obj)
                0x0000000008000bb0                arch_switch_to_main_thread
 .text.z_arm_cpu_idle_init
                0x0000000008000be8        0xc zephyr/arch/arch/arm/core/cortex_m/libarch__arm__core__cortex_m.a(cpu_idle.S.obj)
                0x0000000008000be8                z_arm_cpu_idle_init
 .text.arch_cpu_idle
                0x0000000008000bf4       0x1c zephyr/arch/arch/arm/core/cortex_m/libarch__arm__core__cortex_m.a(cpu_idle.S.obj)
                0x0000000008000bf4                arch_cpu_idle
 .text.z_arm_interrupt_init
                0x0000000008000c10       0x34 zephyr/arch/arch/arm/core/cortex_m/libarch__arm__core__cortex_m.a(irq_init.c.obj)
                0x0000000008000c10                z_arm_interrupt_init
 .text._isr_wrapper
                0x0000000008000c44       0x28 zephyr/arch/arch/arm/core/cortex_m/libarch__arm__core__cortex_m.a(isr_wrapper.S.obj)
                0x0000000008000c44                _isr_wrapper
 .text.z_arm_configure_static_mpu_regions
                0x0000000008000c6c       0x1c zephyr/arch/arch/arm/core/mpu/libarch__arm__core__mpu.a(arm_core_mpu.c.obj)
                0x0000000008000c6c                z_arm_configure_static_mpu_regions
 .text.z_arm_configure_dynamic_mpu_regions
                0x0000000008000c88       0x24 zephyr/arch/arch/arm/core/mpu/libarch__arm__core__mpu.a(arm_core_mpu.c.obj)
                0x0000000008000c88                z_arm_configure_dynamic_mpu_regions
 .text.region_init
                0x0000000008000cac       0x28 zephyr/arch/arch/arm/core/mpu/libarch__arm__core__mpu.a(arm_mpu.c.obj)
 .text.region_allocate_and_init
                0x0000000008000cd4       0x28 zephyr/arch/arch/arm/core/mpu/libarch__arm__core__mpu.a(arm_mpu.c.obj)
 .text.mpu_configure_static_mpu_regions
                0x0000000008000cfc       0x14 zephyr/arch/arch/arm/core/mpu/libarch__arm__core__mpu.a(arm_mpu.c.obj)
 .text.mpu_configure_dynamic_mpu_regions
                0x0000000008000d10       0x3c zephyr/arch/arch/arm/core/mpu/libarch__arm__core__mpu.a(arm_mpu.c.obj)
 .text.arm_core_mpu_enable
                0x0000000008000d4c       0x18 zephyr/arch/arch/arm/core/mpu/libarch__arm__core__mpu.a(arm_mpu.c.obj)
                0x0000000008000d4c                arm_core_mpu_enable
 .text.arm_core_mpu_disable
                0x0000000008000d64       0x14 zephyr/arch/arch/arm/core/mpu/libarch__arm__core__mpu.a(arm_mpu.c.obj)
                0x0000000008000d64                arm_core_mpu_disable
 .text.z_arm_mpu_init
                0x0000000008000d78       0x80 zephyr/arch/arch/arm/core/mpu/libarch__arm__core__mpu.a(arm_mpu.c.obj)
                0x0000000008000d78                z_arm_mpu_init
 .text.z_impl_zephyr_fputc
                0x0000000008000df8       0x10 zephyr/lib/libc/picolibc/liblib__libc__picolibc.a(libc-hooks.c.obj)
                0x0000000008000df8                z_impl_zephyr_fputc
 .text.__stdout_hook_install
                0x0000000008000e08       0x18 zephyr/lib/libc/picolibc/liblib__libc__picolibc.a(libc-hooks.c.obj)
                0x0000000008000e08                __stdout_hook_install
 .text.malloc_prepare
                0x0000000008000e20       0x24 zephyr/lib/libc/common/liblib__libc__common.a(malloc.c.obj)
 .text.stm32_exti_isr
                0x0000000008000e44       0x4c zephyr/drivers/interrupt_controller/libdrivers__interrupt_controller.a(intc_exti_stm32.c.obj)
 .text.stm32_fill_irq_table
                0x0000000008000e90       0x24 zephyr/drivers/interrupt_controller/libdrivers__interrupt_controller.a(intc_exti_stm32.c.obj)
 .text.stm32_exti_enable
                0x0000000008000eb4       0x24 zephyr/drivers/interrupt_controller/libdrivers__interrupt_controller.a(intc_exti_stm32.c.obj)
                0x0000000008000eb4                stm32_exti_enable
 .text.stm32_exti_disable
                0x0000000008000ed8       0x18 zephyr/drivers/interrupt_controller/libdrivers__interrupt_controller.a(intc_exti_stm32.c.obj)
                0x0000000008000ed8                stm32_exti_disable
 .text.stm32_exti_trigger
                0x0000000008000ef0       0x68 zephyr/drivers/interrupt_controller/libdrivers__interrupt_controller.a(intc_exti_stm32.c.obj)
                0x0000000008000ef0                stm32_exti_trigger
 .text.stm32_exti_set_callback
                0x0000000008000f58       0x3c zephyr/drivers/interrupt_controller/libdrivers__interrupt_controller.a(intc_exti_stm32.c.obj)
                0x0000000008000f58                stm32_exti_set_callback
 .text.stm32_exti_unset_callback
                0x0000000008000f94       0x14 zephyr/drivers/interrupt_controller/libdrivers__interrupt_controller.a(intc_exti_stm32.c.obj)
                0x0000000008000f94                stm32_exti_unset_callback
 .text.stm32_clock_switch_to_hsi
                0x0000000008000fa8       0x38 zephyr/drivers/clock_control/libdrivers__clock_control.a(clock_stm32_ll_common.c.obj)
 .text.set_up_fixed_clock_sources
                0x0000000008000fe0       0x38 zephyr/drivers/clock_control/libdrivers__clock_control.a(clock_stm32_ll_common.c.obj)
 .text.set_up_plls
                0x0000000008001018       0x58 zephyr/drivers/clock_control/libdrivers__clock_control.a(clock_stm32_ll_common.c.obj)
 .text.stm32_clock_control_init
                0x0000000008001070       0x98 zephyr/drivers/clock_control/libdrivers__clock_control.a(clock_stm32_ll_common.c.obj)
                0x0000000008001070                stm32_clock_control_init
 .text.stm32_clock_control_get_subsys_rate
                0x0000000008001108       0xf0 zephyr/drivers/clock_control/libdrivers__clock_control.a(clock_stm32_ll_common.c.obj)
 .text.get_pllsrc_frequency
                0x00000000080011f8        0x8 zephyr/drivers/clock_control/libdrivers__clock_control.a(clock_stm32f2_f4_f7.c.obj)
                0x00000000080011f8                get_pllsrc_frequency
 .text.config_pll_sysclock
                0x0000000008001200       0x2c zephyr/drivers/clock_control/libdrivers__clock_control.a(clock_stm32f2_f4_f7.c.obj)
                0x0000000008001200                config_pll_sysclock
 .text.config_enable_default_clocks
                0x000000000800122c       0x20 zephyr/drivers/clock_control/libdrivers__clock_control.a(clock_stm32f2_f4_f7.c.obj)
                0x000000000800122c                config_enable_default_clocks
 .text.console_out
                0x000000000800124c       0x28 zephyr/drivers/console/libdrivers__console.a(uart_console.c.obj)
 .text.uart_console_hook_install
                0x0000000008001274       0x18 zephyr/drivers/console/libdrivers__console.a(uart_console.c.obj)
 .text.uart_console_init
                0x000000000800128c       0x1c zephyr/drivers/console/libdrivers__console.a(uart_console.c.obj)
 .text.gpio_stm32_clock_request
                0x00000000080012a8       0x28 zephyr/drivers/gpio/libdrivers__gpio.a(gpio_stm32.c.obj)
 .text.LL_SYSCFG_SetEXTISource
                0x00000000080012d0       0x38 zephyr/drivers/gpio/libdrivers__gpio.a(gpio_stm32.c.obj)
 .text.gpio_stm32_enable_int
                0x0000000008001308       0x3c zephyr/drivers/gpio/libdrivers__gpio.a(gpio_stm32.c.obj)
 .text.LL_SYSCFG_GetEXTISource
                0x0000000008001344       0x28 zephyr/drivers/gpio/libdrivers__gpio.a(gpio_stm32.c.obj)
 .text.gpio_stm32_pin_interrupt_configure
                0x000000000800136c       0x94 zephyr/drivers/gpio/libdrivers__gpio.a(gpio_stm32.c.obj)
 .text.gpio_stm32_init
                0x0000000008001400       0x2c zephyr/drivers/gpio/libdrivers__gpio.a(gpio_stm32.c.obj)
 .text.stm32_pin_configure
                0x000000000800142c       0x40 zephyr/drivers/pinctrl/libdrivers__pinctrl.a(pinctrl_stm32.c.obj)
 .text.LL_USART_SetBaudRate
                0x000000000800146c       0xcc zephyr/drivers/serial/libdrivers__serial.a(uart_stm32.c.obj)
 .text.uart_stm32_configure
                0x0000000008001538      0x134 zephyr/drivers/serial/libdrivers__serial.a(uart_stm32.c.obj)
 .text.uart_stm32_poll_in
                0x000000000800166c       0x10 zephyr/drivers/serial/libdrivers__serial.a(uart_stm32.c.obj)
 .text.uart_stm32_poll_out
                0x000000000800167c       0x1c zephyr/drivers/serial/libdrivers__serial.a(uart_stm32.c.obj)
 .text.uart_stm32_clocks_enable
                0x0000000008001698       0x28 zephyr/drivers/serial/libdrivers__serial.a(uart_stm32.c.obj)
 .text.elapsed  0x00000000080016c0       0x48 zephyr/drivers/timer/libdrivers__timer.a(cortex_m_systick.c.obj)
 .text.sys_clock_driver_init
                0x0000000008001708       0x38 zephyr/drivers/timer/libdrivers__timer.a(cortex_m_systick.c.obj)
 .text.sys_clock_isr
                0x0000000008001740       0x5c zephyr/drivers/timer/libdrivers__timer.a(cortex_m_systick.c.obj)
                0x0000000008001740                sys_clock_isr
 .text.sys_clock_set_timeout
                0x000000000800179c      0x124 zephyr/drivers/timer/libdrivers__timer.a(cortex_m_systick.c.obj)
                0x000000000800179c                sys_clock_set_timeout
 .text.sys_clock_elapsed
                0x00000000080018c0       0x40 zephyr/drivers/timer/libdrivers__timer.a(cortex_m_systick.c.obj)
                0x00000000080018c0                sys_clock_elapsed
 .text.HAL_RCC_GetSysClockFreq
                0x0000000008001900       0xdc modules/stm32/stm32cube/lib..__modules__hal__stm32__stm32cube.a(stm32f4xx_hal_rcc.c.obj)
                0x0000000008001900                HAL_RCC_GetSysClockFreq
 .text.LL_SetFlashLatency
                0x00000000080019dc       0xd0 modules/stm32/stm32cube/lib..__modules__hal__stm32__stm32cube.a(stm32f4xx_ll_utils.c.obj)
                0x00000000080019dc                LL_SetFlashLatency
 .text.z_device_state_init
                0x0000000008001aac       0x18 zephyr/kernel/libkernel.a(device.c.obj)
                0x0000000008001aac                z_device_state_init
 .text.z_fatal_error
                0x0000000008001ac4       0x30 zephyr/kernel/libkernel.a(fatal.c.obj)
                0x0000000008001ac4                z_fatal_error
 .text.z_sys_init_run_level
                0x0000000008001af4       0x58 zephyr/kernel/libkernel.a(init.c.obj)
 .text.init_idle_thread
                0x0000000008001b4c       0x60 zephyr/kernel/libkernel.a(init.c.obj)
 .text.bg_thread_main
                0x0000000008001bac       0x34 zephyr/kernel/libkernel.a(init.c.obj)
 .text.switch_to_main_thread
                0x0000000008001be0       0x14 zephyr/kernel/libkernel.a(init.c.obj)
 .text.z_bss_zero
                0x0000000008001bf4       0x2c zephyr/kernel/libkernel.a(init.c.obj)
                0x0000000008001bf4                z_bss_zero
 .text.z_init_cpu
                0x0000000008001c20       0x60 zephyr/kernel/libkernel.a(init.c.obj)
                0x0000000008001c20                z_init_cpu
 .text.prepare_multithreading
                0x0000000008001c80       0x60 zephyr/kernel/libkernel.a(init.c.obj)
 .text.z_cstart
                0x0000000008001ce0       0x88 zephyr/kernel/libkernel.a(init.c.obj)
                0x0000000008001ce0                z_cstart
 .text.z_thread_monitor_exit
                0x0000000008001d68       0x40 zephyr/kernel/libkernel.a(thread.c.obj)
                0x0000000008001d68                z_thread_monitor_exit
 .text.schedule_new_thread
                0x0000000008001da8       0x1c zephyr/kernel/libkernel.a(thread.c.obj)
 .text.z_setup_new_thread
                0x0000000008001dc4       0xc8 zephyr/kernel/libkernel.a(thread.c.obj)
                0x0000000008001dc4                z_setup_new_thread
 .text.z_init_static_threads
                0x0000000008001e8c       0x70 zephyr/kernel/libkernel.a(thread.c.obj)
                0x0000000008001e8c                z_init_static_threads
 .text.sliceable
                0x0000000008001efc       0x4c zephyr/kernel/libkernel.a(sched.c.obj)
 .text.slice_timeout
                0x0000000008001f48       0x20 zephyr/kernel/libkernel.a(sched.c.obj)
 .text.z_reset_time_slice
                0x0000000008001f68       0x50 zephyr/kernel/libkernel.a(sched.c.obj)
                0x0000000008001f68                z_reset_time_slice
 .text.z_reschedule
                0x0000000008001fb8       0x2c zephyr/kernel/libkernel.a(sched.c.obj)
                0x0000000008001fb8                z_reschedule
 .text.z_reschedule_irqlock
                0x0000000008001fe4       0x2c zephyr/kernel/libkernel.a(sched.c.obj)
                0x0000000008001fe4                z_reschedule_irqlock
 .text.k_sched_lock
                0x0000000008002010       0x34 zephyr/kernel/libkernel.a(sched.c.obj)
                0x0000000008002010                k_sched_lock
 .text.update_cache
                0x0000000008002044       0x50 zephyr/kernel/libkernel.a(sched.c.obj)
 .text.move_thread_to_end_of_prio_q
                0x0000000008002094       0x8c zephyr/kernel/libkernel.a(sched.c.obj)
 .text.z_time_slice
                0x0000000008002120       0x74 zephyr/kernel/libkernel.a(sched.c.obj)
                0x0000000008002120                z_time_slice
 .text.ready_thread
                0x0000000008002194       0x78 zephyr/kernel/libkernel.a(sched.c.obj)
 .text.z_sched_start
                0x000000000800220c       0x3c zephyr/kernel/libkernel.a(sched.c.obj)
                0x000000000800220c                z_sched_start
 .text.unready_thread
                0x0000000008002248       0x38 zephyr/kernel/libkernel.a(sched.c.obj)
 .text.k_sched_unlock
                0x0000000008002280       0x40 zephyr/kernel/libkernel.a(sched.c.obj)
                0x0000000008002280                k_sched_unlock
 .text.halt_thread
                0x00000000080022c0       0x64 zephyr/kernel/libkernel.a(sched.c.obj)
 .text.z_thread_halt
                0x0000000008002324       0x3c zephyr/kernel/libkernel.a(sched.c.obj)
 .text.z_sched_init
                0x0000000008002360       0x10 zephyr/kernel/libkernel.a(sched.c.obj)
                0x0000000008002360                z_sched_init
 .text.z_impl_k_yield
                0x0000000008002370       0x8c zephyr/kernel/libkernel.a(sched.c.obj)
                0x0000000008002370                z_impl_k_yield
 .text.z_tick_sleep
                0x00000000080023fc       0x98 zephyr/kernel/libkernel.a(sched.c.obj)
 .text.z_impl_k_sleep
                0x0000000008002494       0x70 zephyr/kernel/libkernel.a(sched.c.obj)
                0x0000000008002494                z_impl_k_sleep
 .text.z_impl_k_sched_current_thread_query
                0x0000000008002504        0xc zephyr/kernel/libkernel.a(sched.c.obj)
                0x0000000008002504                z_impl_k_sched_current_thread_query
 .text.z_data_copy
                0x0000000008002510       0x4c zephyr/kernel/libkernel.a(xip.c.obj)
                0x0000000008002510                z_data_copy
 .text.first    0x000000000800255c       0x14 zephyr/kernel/libkernel.a(timeout.c.obj)
 .text.next     0x0000000008002570       0x18 zephyr/kernel/libkernel.a(timeout.c.obj)
 .text.elapsed  0x0000000008002588       0x18 zephyr/kernel/libkernel.a(timeout.c.obj)
 .text.z_add_timeout
                0x00000000080025a0      0x100 zephyr/kernel/libkernel.a(timeout.c.obj)
                0x00000000080025a0                z_add_timeout
 .text.sys_clock_announce
                0x00000000080026a0       0xc8 zephyr/kernel/libkernel.a(timeout.c.obj)
                0x00000000080026a0                sys_clock_announce
 .text.sys_clock_tick_get
                0x0000000008002768       0x40 zephyr/kernel/libkernel.a(timeout.c.obj)
                0x0000000008002768                sys_clock_tick_get
 .text.boot_banner
                0x00000000080027a8       0x10 zephyr/kernel/libkernel.a(banner.c.obj)
                0x00000000080027a8                boot_banner
 .text.printf   0x00000000080027b8       0x24 c:\users\joshe\.zephyr_ide\toolchains\zephyr-sdk-0.16.6\arm-zephyr-eabi\bin\../lib/gcc/../../picolibc/arm-zephyr-eabi/lib/thumb/v7e-m/nofp\libc.a(libc_tinystdio_printf.c.o)
                0x00000000080027b8                printf
 .text.__l_vfprintf
                0x00000000080027dc      0x4b8 c:\users\joshe\.zephyr_ide\toolchains\zephyr-sdk-0.16.6\arm-zephyr-eabi\bin\../lib/gcc/../../picolibc/arm-zephyr-eabi/lib/thumb/v7e-m/nofp\libc.a(libc_tinystdio_vflprintf.c.o)
                0x00000000080027dc                __l_vfprintf
 .text._OffsetAbsSyms
                0x0000000008002c94        0x2 zephyr/CMakeFiles/offsets.dir/./arch/arm/core/offsets/offsets.c.obj
                0x0000000008002c94                _OffsetAbsSyms
 .text.z_impl_gpio_pin_configure
                0x0000000008002c96       0x50 app/libapp.a(main.c.obj)
 .text.gpio_pin_configure_dt
                0x0000000008002ce6       0x16 app/libapp.a(main.c.obj)
 .text.gpio_pin_toggle_dt
                0x0000000008002cfc       0x14 app/libapp.a(main.c.obj)
 .text.k_msleep
                0x0000000008002d10       0x20 app/libapp.a(main.c.obj)
 .text.free_list_add_bidx
                0x0000000008002d30       0x4e zephyr/libzephyr.a(heap.c.obj)
 .text.free_list_add
                0x0000000008002d7e       0x18 zephyr/libzephyr.a(heap.c.obj)
 .text.sys_heap_init
                0x0000000008002d96       0x84 zephyr/libzephyr.a(heap.c.obj)
                0x0000000008002d96                sys_heap_init
 .text.arch_printk_char_out
                0x0000000008002e1a        0x4 zephyr/libzephyr.a(printk.c.obj)
                0x0000000008002e1a                arch_printk_char_out
 .text.printk   0x0000000008002e1e       0x1c zephyr/libzephyr.a(printk.c.obj)
                0x0000000008002e1e                printk
 .text._ConfigAbsSyms
                0x0000000008002e3a        0x2 zephyr/libzephyr.a(configs.c.obj)
                0x0000000008002e3a                _ConfigAbsSyms
 .text.z_arm_fatal_error
                0x0000000008002e3c        0x8 zephyr/arch/arch/arm/core/libarch__arm__core.a(fatal.c.obj)
                0x0000000008002e3c                z_arm_fatal_error
 .text.z_do_kernel_oops
                0x0000000008002e44        0xc zephyr/arch/arch/arm/core/libarch__arm__core.a(fatal.c.obj)
                0x0000000008002e44                z_do_kernel_oops
 .text.memory_fault_recoverable
                0x0000000008002e50        0x4 zephyr/arch/arch/arm/core/cortex_m/libarch__arm__core__cortex_m.a(fault.c.obj)
 .text.debug_monitor
                0x0000000008002e54        0x6 zephyr/arch/arch/arm/core/cortex_m/libarch__arm__core__cortex_m.a(fault.c.obj)
 .text.fault_handle
                0x0000000008002e5a       0x46 zephyr/arch/arch/arm/core/cortex_m/libarch__arm__core__cortex_m.a(fault.c.obj)
 .text.arch_irq_enable
                0x0000000008002ea0        0xa zephyr/arch/arch/arm/core/cortex_m/libarch__arm__core__cortex_m.a(irq_manage.c.obj)
                0x0000000008002ea0                arch_irq_enable
 .text.z_arm_irq_priority_set
                0x0000000008002eaa        0xc zephyr/arch/arch/arm/core/cortex_m/libarch__arm__core__cortex_m.a(irq_manage.c.obj)
                0x0000000008002eaa                z_arm_irq_priority_set
 .text.z_irq_spurious
                0x0000000008002eb6        0xc zephyr/arch/arch/arm/core/cortex_m/libarch__arm__core__cortex_m.a(irq_manage.c.obj)
                0x0000000008002eb6                z_irq_spurious
 .text.mpu_partition_is_valid
                0x0000000008002ec2       0x22 zephyr/arch/arch/arm/core/mpu/libarch__arm__core__mpu.a(arm_mpu.c.obj)
 .text.mpu_configure_region
                0x0000000008002ee4       0x3e zephyr/arch/arch/arm/core/mpu/libarch__arm__core__mpu.a(arm_mpu.c.obj)
 .text.mpu_configure_regions
                0x0000000008002f22       0x50 zephyr/arch/arch/arm/core/mpu/libarch__arm__core__mpu.a(arm_mpu.c.obj)
 .text.mpu_configure_regions_from_dt
                0x0000000008002f72      0x1b2 zephyr/arch/arch/arm/core/mpu/libarch__arm__core__mpu.a(arm_mpu.c.obj)
 .text.arm_core_mpu_configure_static_mpu_regions
                0x0000000008003124        0x8 zephyr/arch/arch/arm/core/mpu/libarch__arm__core__mpu.a(arm_mpu.c.obj)
                0x0000000008003124                arm_core_mpu_configure_static_mpu_regions
 .text.arm_core_mpu_configure_dynamic_mpu_regions
                0x000000000800312c        0x8 zephyr/arch/arch/arm/core/mpu/libarch__arm__core__mpu.a(arm_mpu.c.obj)
                0x000000000800312c                arm_core_mpu_configure_dynamic_mpu_regions
 .text.picolibc_put
                0x0000000008003134        0xa zephyr/lib/libc/picolibc/liblib__libc__picolibc.a(libc-hooks.c.obj)
 .text.stm32_exti_init
                0x000000000800313e       0x92 zephyr/drivers/interrupt_controller/libdrivers__interrupt_controller.a(intc_exti_stm32.c.obj)
 .text.get_pll_div_frequency
                0x00000000080031d0        0xe zephyr/drivers/clock_control/libdrivers__clock_control.a(clock_stm32_ll_common.c.obj)
 .text.get_bus_clock
                0x00000000080031de        0x6 zephyr/drivers/clock_control/libdrivers__clock_control.a(clock_stm32_ll_common.c.obj)
 .text.enabled_clock
                0x00000000080031e4       0x20 zephyr/drivers/clock_control/libdrivers__clock_control.a(clock_stm32_ll_common.c.obj)
 .text.stm32_clock_control_on
                0x0000000008003204       0x24 zephyr/drivers/clock_control/libdrivers__clock_control.a(clock_stm32_ll_common.c.obj)
 .text.stm32_clock_control_off
                0x0000000008003228       0x26 zephyr/drivers/clock_control/libdrivers__clock_control.a(clock_stm32_ll_common.c.obj)
 .text.stm32_clock_control_configure
                0x000000000800324e       0x54 zephyr/drivers/clock_control/libdrivers__clock_control.a(clock_stm32_ll_common.c.obj)
 .text.stm32_clock_control_get_status
                0x00000000080032a2       0x32 zephyr/drivers/clock_control/libdrivers__clock_control.a(clock_stm32_ll_common.c.obj)
 .text.get_pll_source
                0x00000000080032d4        0x6 zephyr/drivers/clock_control/libdrivers__clock_control.a(clock_stm32f2_f4_f7.c.obj)
 .text.sys_slist_remove
                0x00000000080032da       0x26 zephyr/drivers/gpio/libdrivers__gpio.a(gpio_stm32.c.obj)
 .text.sys_slist_find_and_remove
                0x0000000008003300       0x20 zephyr/drivers/gpio/libdrivers__gpio.a(gpio_stm32.c.obj)
 .text.gpio_manage_callback
                0x0000000008003320       0x3e zephyr/drivers/gpio/libdrivers__gpio.a(gpio_stm32.c.obj)
 .text.gpio_fire_callbacks
                0x000000000800335e       0x40 zephyr/drivers/gpio/libdrivers__gpio.a(gpio_stm32.c.obj)
 .text.gpio_stm32_isr
                0x000000000800339e       0x14 zephyr/drivers/gpio/libdrivers__gpio.a(gpio_stm32.c.obj)
 .text.gpio_stm32_flags_to_conf
                0x00000000080033b2       0x7e zephyr/drivers/gpio/libdrivers__gpio.a(gpio_stm32.c.obj)
 .text.gpio_stm32_port_get_raw
                0x0000000008003430        0xc zephyr/drivers/gpio/libdrivers__gpio.a(gpio_stm32.c.obj)
 .text.gpio_stm32_port_set_masked_raw
                0x000000000800343c       0x12 zephyr/drivers/gpio/libdrivers__gpio.a(gpio_stm32.c.obj)
 .text.gpio_stm32_port_set_bits_raw
                0x000000000800344e        0xa zephyr/drivers/gpio/libdrivers__gpio.a(gpio_stm32.c.obj)
 .text.gpio_stm32_port_clear_bits_raw
                0x0000000008003458        0xc zephyr/drivers/gpio/libdrivers__gpio.a(gpio_stm32.c.obj)
 .text.gpio_stm32_port_toggle_bits
                0x0000000008003464        0xe zephyr/drivers/gpio/libdrivers__gpio.a(gpio_stm32.c.obj)
 .text.gpio_stm32_manage_callback
                0x0000000008003472        0xc zephyr/drivers/gpio/libdrivers__gpio.a(gpio_stm32.c.obj)
 .text.LL_GPIO_SetPinMode
                0x000000000800347e       0x3a zephyr/drivers/gpio/libdrivers__gpio.a(gpio_stm32.c.obj)
 .text.LL_GPIO_SetPinSpeed
                0x00000000080034b8       0x3a zephyr/drivers/gpio/libdrivers__gpio.a(gpio_stm32.c.obj)
 .text.LL_GPIO_SetPinPull
                0x00000000080034f2       0x3a zephyr/drivers/gpio/libdrivers__gpio.a(gpio_stm32.c.obj)
 .text.LL_GPIO_SetAFPin_0_7
                0x000000000800352c       0x3a zephyr/drivers/gpio/libdrivers__gpio.a(gpio_stm32.c.obj)
 .text.LL_GPIO_SetAFPin_8_15
                0x0000000008003566       0x3c zephyr/drivers/gpio/libdrivers__gpio.a(gpio_stm32.c.obj)
 .text.gpio_stm32_configure_raw
                0x00000000080035a2       0x70 zephyr/drivers/gpio/libdrivers__gpio.a(gpio_stm32.c.obj)
 .text.gpio_stm32_config
                0x0000000008003612       0x52 zephyr/drivers/gpio/libdrivers__gpio.a(gpio_stm32.c.obj)
 .text.gpio_stm32_set_exti_source
                0x0000000008003664       0x2e zephyr/drivers/gpio/libdrivers__gpio.a(gpio_stm32.c.obj)
 .text.gpio_stm32_get_exti_source
                0x0000000008003692       0x2e zephyr/drivers/gpio/libdrivers__gpio.a(gpio_stm32.c.obj)
 .text.gpio_stm32_configure
                0x00000000080036c0       0x38 zephyr/drivers/gpio/libdrivers__gpio.a(gpio_stm32.c.obj)
                0x00000000080036c0                gpio_stm32_configure
 .text.pinctrl_lookup_state
                0x00000000080036f8       0x32 zephyr/drivers/pinctrl/libdrivers__pinctrl.a(common.c.obj)
                0x00000000080036f8                pinctrl_lookup_state
 .text.pinctrl_configure_pins
                0x000000000800372a       0x5c zephyr/drivers/pinctrl/libdrivers__pinctrl.a(pinctrl_stm32.c.obj)
                0x000000000800372a                pinctrl_configure_pins
 .text.reset_stm32_status
                0x0000000008003786       0x20 zephyr/drivers/reset/libdrivers__reset.a(reset_stm32.c.obj)
 .text.reset_stm32_line_assert
                0x00000000080037a6       0x1e zephyr/drivers/reset/libdrivers__reset.a(reset_stm32.c.obj)
 .text.reset_stm32_line_deassert
                0x00000000080037c4       0x20 zephyr/drivers/reset/libdrivers__reset.a(reset_stm32.c.obj)
 .text.reset_stm32_line_toggle
                0x00000000080037e4       0x16 zephyr/drivers/reset/libdrivers__reset.a(reset_stm32.c.obj)
 .text.reset_line_toggle
                0x00000000080037fa       0x12 zephyr/drivers/serial/libdrivers__serial.a(uart_stm32.c.obj)
 .text.uart_stm32_set_baudrate
                0x000000000800380c       0x36 zephyr/drivers/serial/libdrivers__serial.a(uart_stm32.c.obj)
 .text.uart_stm32_parameters_set
                0x0000000008003842      0x114 zephyr/drivers/serial/libdrivers__serial.a(uart_stm32.c.obj)
 .text.uart_stm32_config_get
                0x0000000008003956       0x94 zephyr/drivers/serial/libdrivers__serial.a(uart_stm32.c.obj)
 .text.uart_stm32_poll_in_visitor
                0x00000000080039ea       0x32 zephyr/drivers/serial/libdrivers__serial.a(uart_stm32.c.obj)
 .text.uart_stm32_poll_out_visitor
                0x0000000008003a1c       0x40 zephyr/drivers/serial/libdrivers__serial.a(uart_stm32.c.obj)
 .text.poll_in_u8
                0x0000000008003a5c        0x8 zephyr/drivers/serial/libdrivers__serial.a(uart_stm32.c.obj)
 .text.poll_out_u8
                0x0000000008003a64        0x8 zephyr/drivers/serial/libdrivers__serial.a(uart_stm32.c.obj)
 .text.uart_stm32_err_check
                0x0000000008003a6c       0xa0 zephyr/drivers/serial/libdrivers__serial.a(uart_stm32.c.obj)
 .text.uart_stm32_registers_configure
                0x0000000008003b0c       0x68 zephyr/drivers/serial/libdrivers__serial.a(uart_stm32.c.obj)
 .text.pinctrl_apply_state
                0x0000000008003b74       0x20 zephyr/drivers/serial/libdrivers__serial.a(uart_stm32.c.obj)
 .text.uart_stm32_init
                0x0000000008003b94       0x28 zephyr/drivers/serial/libdrivers__serial.a(uart_stm32.c.obj)
 .text.z_device_is_ready
                0x0000000008003bbc       0x20 zephyr/kernel/libkernel.a(device.c.obj)
                0x0000000008003bbc                z_device_is_ready
 .text.arch_system_halt
                0x0000000008003bdc       0x12 zephyr/kernel/libkernel.a(fatal.c.obj)
                0x0000000008003bdc                arch_system_halt
 .text.k_sys_fatal_error_handler
                0x0000000008003bee        0x6 zephyr/kernel/libkernel.a(fatal.c.obj)
                0x0000000008003bee                k_sys_fatal_error_handler
 .text.z_early_memset
                0x0000000008003bf4        0x8 zephyr/kernel/libkernel.a(init.c.obj)
                0x0000000008003bf4                z_early_memset
 .text.z_early_memcpy
                0x0000000008003bfc        0x8 zephyr/kernel/libkernel.a(init.c.obj)
                0x0000000008003bfc                z_early_memcpy
 .text.setup_thread_stack
                0x0000000008003c04       0x40 zephyr/kernel/libkernel.a(thread.c.obj)
 .text.z_impl_k_thread_start
                0x0000000008003c44        0x8 zephyr/kernel/libkernel.a(thread.c.obj)
                0x0000000008003c44                z_impl_k_thread_start
 .text.z_init_thread_base
                0x0000000008003c4c       0x16 zephyr/kernel/libkernel.a(thread.c.obj)
                0x0000000008003c4c                z_init_thread_base
 .text.thread_active_elsewhere
                0x0000000008003c62        0x4 zephyr/kernel/libkernel.a(sched.c.obj)
 .text.pended_on_thread
                0x0000000008003c66        0x4 zephyr/kernel/libkernel.a(sched.c.obj)
 .text.z_sched_prio_cmp
                0x0000000008003c6a       0x14 zephyr/kernel/libkernel.a(sched.c.obj)
                0x0000000008003c6a                z_sched_prio_cmp
 .text.z_reschedule_unlocked
                0x0000000008003c7e       0x18 zephyr/kernel/libkernel.a(sched.c.obj)
 .text.z_priq_dumb_remove
                0x0000000008003c96       0x10 zephyr/kernel/libkernel.a(sched.c.obj)
                0x0000000008003c96                z_priq_dumb_remove
 .text.unpend_thread_no_timeout
                0x0000000008003ca6       0x1c zephyr/kernel/libkernel.a(sched.c.obj)
 .text.z_priq_dumb_best
                0x0000000008003cc2        0xe zephyr/kernel/libkernel.a(sched.c.obj)
                0x0000000008003cc2                z_priq_dumb_best
 .text.z_ready_thread
                0x0000000008003cd0       0x38 zephyr/kernel/libkernel.a(sched.c.obj)
                0x0000000008003cd0                z_ready_thread
 .text.unpend_all
                0x0000000008003d08       0x2a zephyr/kernel/libkernel.a(sched.c.obj)
 .text.z_sched_wake_thread
                0x0000000008003d32       0x54 zephyr/kernel/libkernel.a(sched.c.obj)
                0x0000000008003d32                z_sched_wake_thread
 .text.z_thread_timeout
                0x0000000008003d86        0xc zephyr/kernel/libkernel.a(sched.c.obj)
                0x0000000008003d86                z_thread_timeout
 .text.z_impl_k_thread_suspend
                0x0000000008003d92       0x36 zephyr/kernel/libkernel.a(sched.c.obj)
                0x0000000008003d92                z_impl_k_thread_suspend
 .text.init_ready_q
                0x0000000008003dc8        0x8 zephyr/kernel/libkernel.a(sched.c.obj)
                0x0000000008003dc8                init_ready_q
 .text.z_thread_abort
                0x0000000008003dd0       0x4a zephyr/kernel/libkernel.a(sched.c.obj)
                0x0000000008003dd0                z_thread_abort
 .text.idle     0x0000000008003e1a       0x18 zephyr/kernel/libkernel.a(idle.c.obj)
                0x0000000008003e1a                idle
 .text.remove_timeout
                0x0000000008003e32       0x2e zephyr/kernel/libkernel.a(timeout.c.obj)
 .text.next_timeout
                0x0000000008003e60       0x3a zephyr/kernel/libkernel.a(timeout.c.obj)
 .text.z_abort_timeout
                0x0000000008003e9a       0x3c zephyr/kernel/libkernel.a(timeout.c.obj)
                0x0000000008003e9a                z_abort_timeout
 .text.sys_clock_tick_get_32
                0x0000000008003ed6        0x8 zephyr/kernel/libkernel.a(timeout.c.obj)
                0x0000000008003ed6                sys_clock_tick_get_32
 .text.strncpy  0x0000000008003ede       0x20 c:\users\joshe\.zephyr_ide\toolchains\zephyr-sdk-0.16.6\arm-zephyr-eabi\bin\../lib/gcc/../../picolibc/arm-zephyr-eabi/lib/thumb/v7e-m/nofp\libc.a(libc_string_strncpy.c.o)
                0x0000000008003ede                strncpy
 .text.strnlen  0x0000000008003efe       0x18 c:\users\joshe\.zephyr_ide\toolchains\zephyr-sdk-0.16.6\arm-zephyr-eabi\bin\../lib/gcc/../../picolibc/arm-zephyr-eabi/lib/thumb/v7e-m/nofp\libc.a(libc_string_strnlen.c.o)
                0x0000000008003efe                strnlen
 .text.__ultoa_invert
                0x0000000008003f16       0xae c:\users\joshe\.zephyr_ide\toolchains\zephyr-sdk-0.16.6\arm-zephyr-eabi\bin\../lib/gcc/../../picolibc/arm-zephyr-eabi/lib/thumb/v7e-m/nofp\libc.a(libc_tinystdio_vflprintf.c.o)
 .text.memcpy   0x0000000008003fc4       0x1c c:\users\joshe\.zephyr_ide\toolchains\zephyr-sdk-0.16.6\arm-zephyr-eabi\bin\../lib/gcc/../../picolibc/arm-zephyr-eabi/lib/thumb/v7e-m/nofp\libc.a(memcpy.c.o)
                0x0000000008003fc4                __aeabi_memcpy
                0x0000000008003fc4                __aeabi_memcpy4
                0x0000000008003fc4                __aeabi_memcpy8
                0x0000000008003fc4                memcpy
 .text.memset   0x0000000008003fe0       0x10 c:\users\joshe\.zephyr_ide\toolchains\zephyr-sdk-0.16.6\arm-zephyr-eabi\bin\../lib/gcc/../../picolibc/arm-zephyr-eabi/lib/thumb/v7e-m/nofp\libc.a(memset.c.o)
                0x0000000008003fe0                memset
 *(SORT_BY_ALIGNMENT(.TEXT.*))
 .TEXT.__aeabi_read_tp
                0x0000000008003ff0        0xc zephyr/arch/arch/arm/core/cortex_m/libarch__arm__core__cortex_m.a(__aeabi_read_tp.S.obj)
                0x0000000008003ff0                __aeabi_read_tp
 *(SORT_BY_ALIGNMENT(.gnu.linkonce.t.*))
 *(SORT_BY_ALIGNMENT(.glue_7t))
 .glue_7t       0x0000000008003ffc        0x0 linker stubs
 *(SORT_BY_ALIGNMENT(.glue_7))
 .glue_7        0x0000000008003ffc        0x0 linker stubs
 *(SORT_BY_ALIGNMENT(.vfp11_veneer))
 .vfp11_veneer  0x0000000008003ffc        0x0 linker stubs
 *(SORT_BY_ALIGNMENT(.v4_bx))
 .v4_bx         0x0000000008003ffc        0x0 linker stubs
                0x0000000008003ffc                . = ALIGN (0x4)
                0x0000000008003ffc                __text_region_end = .

.ARM.exidx      0x0000000008003ffc        0x8
                0x0000000008003ffc                __exidx_start = .
 *(SORT_BY_ALIGNMENT(.ARM.exidx*) SORT_BY_ALIGNMENT(gnu.linkonce.armexidx.*))
 .ARM.exidx     0x0000000008003ffc        0x8 c:/users/joshe/.zephyr_ide/toolchains/zephyr-sdk-0.16.6/arm-zephyr-eabi/bin/../lib/gcc/arm-zephyr-eabi/12.2.0/thumb/v7e-m/nofp\libgcc.a(_udivmoddi4.o)
                0x0000000008004004                __exidx_end = .
                0x0000000008004004                __rodata_region_start = .

initlevel       0x0000000008004004       0x98
                0x0000000008004004                __init_start = .
                0x0000000008004004                __init_EARLY_start = .
 *(SORT_BY_NAME(SORT_BY_ALIGNMENT(.z_init_EARLY?_*)))
 *(SORT_BY_NAME(SORT_BY_ALIGNMENT(.z_init_EARLY??_*)))
                0x0000000008004004                __init_PRE_KERNEL_1_start = .
 *(SORT_BY_NAME(SORT_BY_ALIGNMENT(.z_init_PRE_KERNEL_1?_*)))
 .z_init_PRE_KERNEL_10_0_
                0x0000000008004004        0x8 zephyr/libzephyr.a(soc.c.obj)
 .z_init_PRE_KERNEL_11_00008_
                0x000000000800400c        0x8 zephyr/drivers/clock_control/libdrivers__clock_control.a(clock_stm32_ll_common.c.obj)
 .z_init_PRE_KERNEL_11_0_
                0x0000000008004014        0x8 zephyr/libzephyr.a(soc_config.c.obj)
 *(SORT_BY_NAME(SORT_BY_ALIGNMENT(.z_init_PRE_KERNEL_1??_*)))
 .z_init_PRE_KERNEL_135_00056_
                0x000000000800401c        0x8 zephyr/drivers/reset/libdrivers__reset.a(reset_stm32.c.obj)
 .z_init_PRE_KERNEL_140_00030_
                0x0000000008004024        0x8 zephyr/drivers/gpio/libdrivers__gpio.a(gpio_stm32.c.obj)
 .z_init_PRE_KERNEL_140_00033_
                0x000000000800402c        0x8 zephyr/drivers/gpio/libdrivers__gpio.a(gpio_stm32.c.obj)
 .z_init_PRE_KERNEL_140_00053_
                0x0000000008004034        0x8 zephyr/drivers/interrupt_controller/libdrivers__interrupt_controller.a(intc_exti_stm32.c.obj)
 .z_init_PRE_KERNEL_140_00083_
                0x000000000800403c        0x8 zephyr/drivers/gpio/libdrivers__gpio.a(gpio_stm32.c.obj)
 .z_init_PRE_KERNEL_140_00084_
                0x0000000008004044        0x8 zephyr/drivers/gpio/libdrivers__gpio.a(gpio_stm32.c.obj)
 .z_init_PRE_KERNEL_140_00085_
                0x000000000800404c        0x8 zephyr/drivers/gpio/libdrivers__gpio.a(gpio_stm32.c.obj)
 .z_init_PRE_KERNEL_140_00086_
                0x0000000008004054        0x8 zephyr/drivers/gpio/libdrivers__gpio.a(gpio_stm32.c.obj)
 .z_init_PRE_KERNEL_140_00087_
                0x000000000800405c        0x8 zephyr/drivers/gpio/libdrivers__gpio.a(gpio_stm32.c.obj)
 .z_init_PRE_KERNEL_140_00088_
                0x0000000008004064        0x8 zephyr/drivers/gpio/libdrivers__gpio.a(gpio_stm32.c.obj)
 .z_init_PRE_KERNEL_140_00089_
                0x000000000800406c        0x8 zephyr/drivers/gpio/libdrivers__gpio.a(gpio_stm32.c.obj)
 .z_init_PRE_KERNEL_155_00060_
                0x0000000008004074        0x8 zephyr/drivers/serial/libdrivers__serial.a(uart_stm32.c.obj)
 .z_init_PRE_KERNEL_155_00066_
                0x000000000800407c        0x8 zephyr/drivers/serial/libdrivers__serial.a(uart_stm32.c.obj)
 .z_init_PRE_KERNEL_160_0_
                0x0000000008004084        0x8 zephyr/drivers/console/libdrivers__console.a(uart_console.c.obj)
                0x000000000800408c                __init_PRE_KERNEL_2_start = .
 *(SORT_BY_NAME(SORT_BY_ALIGNMENT(.z_init_PRE_KERNEL_2?_*)))
 .z_init_PRE_KERNEL_20_0_
                0x000000000800408c        0x8 zephyr/drivers/timer/libdrivers__timer.a(cortex_m_systick.c.obj)
 *(SORT_BY_NAME(SORT_BY_ALIGNMENT(.z_init_PRE_KERNEL_2??_*)))
                0x0000000008004094                __init_POST_KERNEL_start = .
 *(SORT_BY_NAME(SORT_BY_ALIGNMENT(.z_init_POST_KERNEL?_*)))
 *(SORT_BY_NAME(SORT_BY_ALIGNMENT(.z_init_POST_KERNEL??_*)))
 .z_init_POST_KERNEL40_0_
                0x0000000008004094        0x8 zephyr/lib/libc/common/liblib__libc__common.a(malloc.c.obj)
                0x000000000800409c                __init_APPLICATION_start = .
 *(SORT_BY_NAME(SORT_BY_ALIGNMENT(.z_init_APPLICATION?_*)))
 *(SORT_BY_NAME(SORT_BY_ALIGNMENT(.z_init_APPLICATION??_*)))
                0x000000000800409c                __init_SMP_start = .
 *(SORT_BY_NAME(SORT_BY_ALIGNMENT(.z_init_SMP?_*)))
 *(SORT_BY_NAME(SORT_BY_ALIGNMENT(.z_init_SMP??_*)))
                0x000000000800409c                __init_end = .

device_area     0x000000000800409c      0x118
                0x000000000800409c                _device_list_start = .
 *(SORT_BY_NAME(SORT_BY_ALIGNMENT(._device.static.*_?_*)))
 ._device.static.1_1_
                0x000000000800409c       0x14 zephyr/drivers/clock_control/libdrivers__clock_control.a(clock_stm32_ll_common.c.obj)
                0x000000000800409c                __device_dts_ord_8
 *(SORT_BY_NAME(SORT_BY_ALIGNMENT(._device.static.*_??_*)))
 ._device.static.1_35_
                0x00000000080040b0       0x14 zephyr/drivers/reset/libdrivers__reset.a(reset_stm32.c.obj)
                0x00000000080040b0                __device_dts_ord_56
 ._device.static.1_40_
                0x00000000080040c4       0x14 zephyr/drivers/interrupt_controller/libdrivers__interrupt_controller.a(intc_exti_stm32.c.obj)
                0x00000000080040c4                __device_dts_ord_53
 ._device.static.1_40_
                0x00000000080040d8       0xb4 zephyr/drivers/gpio/libdrivers__gpio.a(gpio_stm32.c.obj)
                0x00000000080040d8                __device_dts_ord_89
                0x00000000080040ec                __device_dts_ord_88
                0x0000000008004100                __device_dts_ord_87
                0x0000000008004114                __device_dts_ord_86
                0x0000000008004128                __device_dts_ord_85
                0x000000000800413c                __device_dts_ord_33
                0x0000000008004150                __device_dts_ord_84
                0x0000000008004164                __device_dts_ord_83
                0x0000000008004178                __device_dts_ord_30
 ._device.static.1_55_
                0x000000000800418c       0x28 zephyr/drivers/serial/libdrivers__serial.a(uart_stm32.c.obj)
                0x000000000800418c                __device_dts_ord_60
                0x00000000080041a0                __device_dts_ord_66
                0x00000000080041b4                _device_list_end = .

sw_isr_table    0x00000000080041b4      0x290
                0x00000000080041b4                . = ALIGN (0x4)
 *(SORT_BY_ALIGNMENT(.gnu.linkonce.sw_isr_table*))
 .gnu.linkonce.sw_isr_table
                0x00000000080041b4      0x290 zephyr/CMakeFiles/zephyr_final.dir/isr_tables.c.obj
                0x00000000080041b4                _sw_isr_table

initlevel_error
                0x0000000008004004        0x0
 *(SORT_BY_NAME(SORT_BY_ALIGNMENT(.z_init_[_A-Z0-9]*)))
                0x0000000000000001                ASSERT ((SIZEOF (initlevel_error) == 0x0), Undefined initialization levels used.)

app_shmem_regions
                0x0000000008004444        0x0
                0x0000000008004444                __app_shmem_regions_start = .
 *(SORT_BY_NAME(SORT_BY_ALIGNMENT(.app_regions.*)))
                0x0000000008004444                __app_shmem_regions_end = .

k_p4wq_initparam_area
                0x0000000008004444        0x0
                0x0000000008004444                _k_p4wq_initparam_list_start = .
 *(SORT_BY_NAME(SORT_BY_ALIGNMENT(._k_p4wq_initparam.static.*)))
                0x0000000008004444                _k_p4wq_initparam_list_end = .

_static_thread_data_area
                0x0000000008004444        0x0
                0x0000000008004444                __static_thread_data_list_start = .
 *(SORT_BY_NAME(SORT_BY_ALIGNMENT(.__static_thread_data.static.*)))
                0x0000000008004444                __static_thread_data_list_end = .

device_deps     0x0000000008004444        0x0
                0x0000000008004444                __device_deps_start = .
 *(SORT_BY_NAME(SORT_BY_ALIGNMENT(.__device_deps_pass2*)))
                0x0000000008004444                __device_deps_end = .

ztest           0x0000000008004444        0x0
                0x0000000008004444                _ztest_expected_result_entry_list_start = .
 *(SORT_BY_NAME(SORT_BY_ALIGNMENT(._ztest_expected_result_entry.static.*)))
                0x0000000008004444                _ztest_expected_result_entry_list_end = .
                0x0000000008004444                _ztest_suite_node_list_start = .
 *(SORT_BY_NAME(SORT_BY_ALIGNMENT(._ztest_suite_node.static.*)))
                0x0000000008004444                _ztest_suite_node_list_end = .
                0x0000000008004444                _ztest_unit_test_list_start = .
 *(SORT_BY_NAME(SORT_BY_ALIGNMENT(._ztest_unit_test.static.*)))
                0x0000000008004444                _ztest_unit_test_list_end = .
                0x0000000008004444                _ztest_test_rule_list_start = .
 *(SORT_BY_NAME(SORT_BY_ALIGNMENT(._ztest_test_rule.static.*)))
                0x0000000008004444                _ztest_test_rule_list_end = .

bt_l2cap_fixed_chan_area
                0x0000000008004444        0x0
                0x0000000008004444                _bt_l2cap_fixed_chan_list_start = .
 *(SORT_BY_NAME(SORT_BY_ALIGNMENT(._bt_l2cap_fixed_chan.static.*)))
                0x0000000008004444                _bt_l2cap_fixed_chan_list_end = .

bt_gatt_service_static_area
                0x0000000008004444        0x0
                0x0000000008004444                _bt_gatt_service_static_list_start = .
 *(SORT_BY_NAME(SORT_BY_ALIGNMENT(._bt_gatt_service_static.static.*)))
                0x0000000008004444                _bt_gatt_service_static_list_end = .

log_strings_area
                0x0000000008004444        0x0
                0x0000000008004444                _log_strings_list_start = .
 *(SORT_BY_NAME(SORT_BY_ALIGNMENT(._log_strings.static.*)))
                0x0000000008004444                _log_strings_list_end = .

log_const_area  0x0000000008004444        0x0
                0x0000000008004444                _log_const_list_start = .
 *(SORT_BY_NAME(SORT_BY_ALIGNMENT(._log_const.static.*)))
                0x0000000008004444                _log_const_list_end = .

log_backend_area
                0x0000000008004444        0x0
                0x0000000008004444                _log_backend_list_start = .
 *(SORT_BY_NAME(SORT_BY_ALIGNMENT(._log_backend.static.*)))
                0x0000000008004444                _log_backend_list_end = .

log_link_area   0x0000000008004444        0x0
                0x0000000008004444                _log_link_list_start = .
 *(SORT_BY_NAME(SORT_BY_ALIGNMENT(._log_link.static.*)))
                0x0000000008004444                _log_link_list_end = .

tracing_backend_area
                0x0000000008004444        0x0
                0x0000000008004444                _tracing_backend_list_start = .
 *(SORT_BY_NAME(SORT_BY_ALIGNMENT(._tracing_backend.static.*)))
                0x0000000008004444                _tracing_backend_list_end = .

zephyr_dbg_info
                0x0000000008004444       0x44
 *(SORT_BY_ALIGNMENT(.dbg_thread_info))
 .dbg_thread_info
                0x0000000008004444       0x44 zephyr/libzephyr.a(thread_info.c.obj)
                0x0000000008004444                _kernel_openocd_size_t_size
                0x0000000008004444                _kernel_thread_info_size_t_size
                0x0000000008004448                _kernel_openocd_num_offsets
                0x0000000008004448                _kernel_thread_info_num_offsets
                0x000000000800444c                _kernel_openocd_offsets
                0x000000000800444c                _kernel_thread_info_offsets

symbol_to_keep  0x0000000008004488        0x0
                0x0000000008004488                __symbol_to_keep_start = .
 *(SORT_BY_NAME(SORT_BY_ALIGNMENT(.symbol_to_keep*)))
                0x0000000008004488                __symbol_to_keep_end = .

shell_area      0x0000000008004488        0x0
                0x0000000008004488                _shell_list_start = .
 *(SORT_BY_NAME(SORT_BY_ALIGNMENT(._shell.static.*)))
                0x0000000008004488                _shell_list_end = .

shell_root_cmds_area
                0x0000000008004488        0x0
                0x0000000008004488                _shell_root_cmds_list_start = .
 *(SORT_BY_NAME(SORT_BY_ALIGNMENT(._shell_root_cmds.static.*)))
                0x0000000008004488                _shell_root_cmds_list_end = .

shell_subcmds_area
                0x0000000008004488        0x0
                0x0000000008004488                _shell_subcmds_list_start = .
 *(SORT_BY_NAME(SORT_BY_ALIGNMENT(._shell_subcmds.static.*)))
                0x0000000008004488                _shell_subcmds_list_end = .

shell_dynamic_subcmds_area
                0x0000000008004488        0x0
                0x0000000008004488                _shell_dynamic_subcmds_list_start = .
 *(SORT_BY_NAME(SORT_BY_ALIGNMENT(._shell_dynamic_subcmds.static.*)))
                0x0000000008004488                _shell_dynamic_subcmds_list_end = .

cfb_font_area   0x0000000008004488        0x0
                0x0000000008004488                _cfb_font_list_start = .
 *(SORT_BY_NAME(SORT_BY_ALIGNMENT(._cfb_font.static.*)))
                0x0000000008004488                _cfb_font_list_end = .

tdata           0x0000000008004488        0x0
 *(SORT_BY_ALIGNMENT(.tdata) SORT_BY_ALIGNMENT(.tdata.*) SORT_BY_ALIGNMENT(.gnu.linkonce.td.*))

tbss            0x0000000008004488        0x4
 *(SORT_BY_ALIGNMENT(.tbss) SORT_BY_ALIGNMENT(.tbss.*) SORT_BY_ALIGNMENT(.gnu.linkonce.tb.*) SORT_BY_ALIGNMENT(.tcommon))
 .tbss.z_tls_current
                0x0000000008004488        0x4 zephyr/libzephyr.a(thread_entry.c.obj)
                0x0000000008004488                z_tls_current
                0x0000000008004488                PROVIDE (__tdata_start = LOADADDR (tdata))
                0x0000000000000000                PROVIDE (__tdata_size = SIZEOF (tdata))
                [!provide]                        PROVIDE (__tdata_end = (__tdata_start + __tdata_size))
                0x0000000000000001                PROVIDE (__tdata_align = ALIGNOF (tdata))
                [!provide]                        PROVIDE (__tbss_start = ADDR (tbss))
                0x0000000000000004                PROVIDE (__tbss_size = SIZEOF (tbss))
                [!provide]                        PROVIDE (__tbss_end = (__tbss_start + __tbss_size))
                0x0000000000000004                PROVIDE (__tbss_align = ALIGNOF (tbss))
                [!provide]                        PROVIDE (__tls_start = __tdata_start)
                [!provide]                        PROVIDE (__tls_end = __tbss_end)
                [!provide]                        PROVIDE (__tls_size = (__tbss_end - __tdata_start))

rodata          0x0000000008004488      0x3ac
 *(SORT_BY_ALIGNMENT(.rodata))
 .rodata        0x0000000008004488        0x8 zephyr/drivers/gpio/libdrivers__gpio.a(gpio_stm32.c.obj)
 *(SORT_BY_ALIGNMENT(.rodata.*))
 .rodata.main.str1.4
                0x0000000008004490       0x17 app/libapp.a(main.c.obj)
 *fill*         0x00000000080044a7        0x1 
 .rodata.led    0x00000000080044a8        0x8 app/libapp.a(main.c.obj)
 .rodata.mem_attr_region
                0x00000000080044b0        0x0 zephyr/libzephyr.a(mem_attr.c.obj)
 .rodata.static_regions
                0x00000000080044b0        0xc zephyr/arch/arch/arm/core/mpu/libarch__arm__core__mpu.a(arm_core_mpu.c.obj)
 .rodata.mpu_config
                0x00000000080044bc        0x8 zephyr/arch/arch/arm/core/mpu/libarch__arm__core__mpu.a(arm_mpu_regions.c.obj)
                0x00000000080044bc                mpu_config
 .rodata.str1.4
                0x00000000080044c4        0xf zephyr/arch/arch/arm/core/mpu/libarch__arm__core__mpu.a(arm_mpu_regions.c.obj)
 *fill*         0x00000000080044d3        0x1 
 .rodata.mpu_regions
                0x00000000080044d4       0x18 zephyr/arch/arch/arm/core/mpu/libarch__arm__core__mpu.a(arm_mpu_regions.c.obj)
 .rodata.stdout
                0x00000000080044ec        0x4 zephyr/lib/libc/picolibc/liblib__libc__picolibc.a(libc-hooks.c.obj)
                0x00000000080044ec                stderr
                0x00000000080044ec                stdout
 .rodata.line_range_6.0
                0x00000000080044f0        0x2 zephyr/drivers/interrupt_controller/libdrivers__interrupt_controller.a(intc_exti_stm32.c.obj)
 *fill*         0x00000000080044f2        0x2 
 .rodata.line_range_5.1
                0x00000000080044f4        0x2 zephyr/drivers/interrupt_controller/libdrivers__interrupt_controller.a(intc_exti_stm32.c.obj)
 *fill*         0x00000000080044f6        0x2 
 .rodata.line_range_4.2
                0x00000000080044f8        0x2 zephyr/drivers/interrupt_controller/libdrivers__interrupt_controller.a(intc_exti_stm32.c.obj)
 *fill*         0x00000000080044fa        0x2 
 .rodata.line_range_3.3
                0x00000000080044fc        0x2 zephyr/drivers/interrupt_controller/libdrivers__interrupt_controller.a(intc_exti_stm32.c.obj)
 *fill*         0x00000000080044fe        0x2 
 .rodata.line_range_2.4
                0x0000000008004500        0x2 zephyr/drivers/interrupt_controller/libdrivers__interrupt_controller.a(intc_exti_stm32.c.obj)
 *fill*         0x0000000008004502        0x2 
 .rodata.line_range_1.5
                0x0000000008004504        0x2 zephyr/drivers/interrupt_controller/libdrivers__interrupt_controller.a(intc_exti_stm32.c.obj)
 *fill*         0x0000000008004506        0x2 
 .rodata.line_range_0.6
                0x0000000008004508        0x2 zephyr/drivers/interrupt_controller/libdrivers__interrupt_controller.a(intc_exti_stm32.c.obj)
 *fill*         0x000000000800450a        0x2 
 .rodata.str1.4
                0x000000000800450c       0x1e zephyr/drivers/interrupt_controller/libdrivers__interrupt_controller.a(intc_exti_stm32.c.obj)
 *fill*         0x000000000800452a        0x2 
 .rodata.str1.4
                0x000000000800452c        0xd zephyr/drivers/clock_control/libdrivers__clock_control.a(clock_stm32_ll_common.c.obj)
 *fill*         0x0000000008004539        0x3 
 .rodata.str1.4
                0x000000000800453c       0x8e zephyr/drivers/gpio/libdrivers__gpio.a(gpio_stm32.c.obj)
 *fill*         0x00000000080045ca        0x2 
 .rodata.gpio_stm32_cfg_i
                0x00000000080045cc       0x14 zephyr/drivers/gpio/libdrivers__gpio.a(gpio_stm32.c.obj)
 .rodata.gpio_stm32_cfg_h
                0x00000000080045e0       0x14 zephyr/drivers/gpio/libdrivers__gpio.a(gpio_stm32.c.obj)
 .rodata.gpio_stm32_cfg_g
                0x00000000080045f4       0x14 zephyr/drivers/gpio/libdrivers__gpio.a(gpio_stm32.c.obj)
 .rodata.gpio_stm32_cfg_f
                0x0000000008004608       0x14 zephyr/drivers/gpio/libdrivers__gpio.a(gpio_stm32.c.obj)
 .rodata.gpio_stm32_cfg_e
                0x000000000800461c       0x14 zephyr/drivers/gpio/libdrivers__gpio.a(gpio_stm32.c.obj)
 .rodata.gpio_stm32_cfg_d
                0x0000000008004630       0x14 zephyr/drivers/gpio/libdrivers__gpio.a(gpio_stm32.c.obj)
 .rodata.gpio_stm32_cfg_c
                0x0000000008004644       0x14 zephyr/drivers/gpio/libdrivers__gpio.a(gpio_stm32.c.obj)
 .rodata.gpio_stm32_cfg_b
                0x0000000008004658       0x14 zephyr/drivers/gpio/libdrivers__gpio.a(gpio_stm32.c.obj)
 .rodata.gpio_stm32_cfg_a
                0x000000000800466c       0x14 zephyr/drivers/gpio/libdrivers__gpio.a(gpio_stm32.c.obj)
 .rodata.gpio_stm32_driver
                0x0000000008004680       0x24 zephyr/drivers/gpio/libdrivers__gpio.a(gpio_stm32.c.obj)
 .rodata.gpio_ports
                0x00000000080046a4       0x2c zephyr/drivers/pinctrl/libdrivers__pinctrl.a(pinctrl_stm32.c.obj)
 .rodata.str1.4
                0x00000000080046d0       0x11 zephyr/drivers/reset/libdrivers__reset.a(reset_stm32.c.obj)
 *fill*         0x00000000080046e1        0x3 
 .rodata.reset_stm32_config
                0x00000000080046e4        0x4 zephyr/drivers/reset/libdrivers__reset.a(reset_stm32.c.obj)
 .rodata.reset_stm32_driver_api
                0x00000000080046e8       0x10 zephyr/drivers/reset/libdrivers__reset.a(reset_stm32.c.obj)
 .rodata.str1.4
                0x00000000080046f8       0x20 zephyr/drivers/serial/libdrivers__serial.a(uart_stm32.c.obj)
 .rodata.uart_stm32_cfg_1
                0x0000000008004718       0x24 zephyr/drivers/serial/libdrivers__serial.a(uart_stm32.c.obj)
 .rodata.pclken_1
                0x000000000800473c        0x8 zephyr/drivers/serial/libdrivers__serial.a(uart_stm32.c.obj)
 .rodata.__pinctrl_dev_config__device_dts_ord_60
                0x0000000008004744        0x8 zephyr/drivers/serial/libdrivers__serial.a(uart_stm32.c.obj)
 .rodata.__pinctrl_states__device_dts_ord_60
                0x000000000800474c        0x8 zephyr/drivers/serial/libdrivers__serial.a(uart_stm32.c.obj)
 .rodata.__pinctrl_state_pins_0__device_dts_ord_60
                0x0000000008004754       0x10 zephyr/drivers/serial/libdrivers__serial.a(uart_stm32.c.obj)
 .rodata.uart_stm32_cfg_0
                0x0000000008004764       0x24 zephyr/drivers/serial/libdrivers__serial.a(uart_stm32.c.obj)
 .rodata.pclken_0
                0x0000000008004788        0x8 zephyr/drivers/serial/libdrivers__serial.a(uart_stm32.c.obj)
 .rodata.__pinctrl_dev_config__device_dts_ord_66
                0x0000000008004790        0x8 zephyr/drivers/serial/libdrivers__serial.a(uart_stm32.c.obj)
 .rodata.__pinctrl_states__device_dts_ord_66
                0x0000000008004798        0x8 zephyr/drivers/serial/libdrivers__serial.a(uart_stm32.c.obj)
 .rodata.__pinctrl_state_pins_0__device_dts_ord_66
                0x00000000080047a0       0x10 zephyr/drivers/serial/libdrivers__serial.a(uart_stm32.c.obj)
 .rodata.uart_stm32_driver_api
                0x00000000080047b0       0x14 zephyr/drivers/serial/libdrivers__serial.a(uart_stm32.c.obj)
 .rodata.AHBPrescTable
                0x00000000080047c4       0x10 modules/stm32/stm32cube/lib..__modules__hal__stm32__stm32cube.a(system_stm32f4xx.c.obj)
                0x00000000080047c4                AHBPrescTable
 .rodata.init_idle_thread.str1.4
                0x00000000080047d4        0x5 zephyr/kernel/libkernel.a(init.c.obj)
 *fill*         0x00000000080047d9        0x3 
 .rodata.prepare_multithreading.str1.4
                0x00000000080047dc        0x5 zephyr/kernel/libkernel.a(init.c.obj)
 *fill*         0x00000000080047e1        0x3 
 .rodata.levels.0
                0x00000000080047e4       0x18 zephyr/kernel/libkernel.a(init.c.obj)
 .rodata.boot_banner.str1.4
                0x00000000080047fc       0x28 zephyr/kernel/libkernel.a(banner.c.obj)
 .rodata.__l_vfprintf.str1.1
                0x0000000008004824        0xf c:\users\joshe\.zephyr_ide\toolchains\zephyr-sdk-0.16.6\arm-zephyr-eabi\bin\../lib/gcc/../../picolibc/arm-zephyr-eabi/lib/thumb/v7e-m/nofp\libc.a(libc_tinystdio_vflprintf.c.o)
 *(SORT_BY_ALIGNMENT(.gnu.linkonce.r.*))
                0x0000000008004834                . = ALIGN (0x4)
 *fill*         0x0000000008004833        0x1 
                0x0000000008004834                __rodata_region_end = .
                0x0000000008004840                . = ALIGN (_region_min_align)
                0x0000000008008000                . = ALIGN ((0x1 << LOG2CEIL ((__rodata_region_end - ADDR (rom_start)))))
                0x0000000008008000                __rom_region_end = ((__rom_region_start + .) - ADDR (rom_start))

/DISCARD/
 *(SORT_BY_ALIGNMENT(.got.plt))
 *(SORT_BY_ALIGNMENT(.igot.plt))
 *(SORT_BY_ALIGNMENT(.got))
 *(SORT_BY_ALIGNMENT(.igot))
                0x0000000020000000                . = 0x20000000
                0x0000000020000000                . = ALIGN (_region_min_align)
                0x0000000020000000                _image_ram_start = .

.ramfunc        0x0000000020000000        0x0 load address 0x0000000008004834
                0x0000000020000000                . = ALIGN (_region_min_align)
                0x0000000020000000                . = ALIGN ((0x1 << LOG2CEIL (__ramfunc_size)))
                0x0000000020000000                __ramfunc_start = .
 *(SORT_BY_ALIGNMENT(.ramfunc))
 *(SORT_BY_ALIGNMENT(.ramfunc.*))
                0x0000000020000000                . = ALIGN (_region_min_align)
                0x0000000020000000                . = ALIGN ((0x1 << LOG2CEIL (__ramfunc_size)))
                0x0000000020000000                __ramfunc_end = .
                0x0000000000000000                __ramfunc_size = (__ramfunc_end - __ramfunc_start)
                0x0000000008004834                __ramfunc_load_start = LOADADDR (.ramfunc)

datas           0x0000000020000000       0x70 load address 0x0000000008004834
                0x0000000020000000                __data_region_start = .
                0x0000000020000000                __data_start = .
 *(SORT_BY_ALIGNMENT(.data))
 *(SORT_BY_ALIGNMENT(.data.*))
 .data._char_out
                0x0000000020000000        0x4 zephyr/libzephyr.a(printk.c.obj)
                0x0000000020000000                _char_out
 .data.handler  0x0000000020000004        0x4 zephyr/arch/arch/arm/core/libarch__arm__core.a(nmi.c.obj)
 .data.__stdout
                0x0000000020000008       0x10 zephyr/lib/libc/picolibc/liblib__libc__picolibc.a(libc-hooks.c.obj)
 .data.exti_irq_table
                0x0000000020000018       0x10 zephyr/drivers/interrupt_controller/libdrivers__interrupt_controller.a(intc_exti_stm32.c.obj)
 .data.stm32_clock_control_api
                0x0000000020000028       0x1c zephyr/drivers/clock_control/libdrivers__clock_control.a(clock_stm32_ll_common.c.obj)
 .data.uart_stm32_data_1
                0x0000000020000044        0x8 zephyr/drivers/serial/libdrivers__serial.a(uart_stm32.c.obj)
 .data.uart_cfg_1
                0x000000002000004c        0x8 zephyr/drivers/serial/libdrivers__serial.a(uart_stm32.c.obj)
 .data.uart_stm32_data_0
                0x0000000020000054        0x8 zephyr/drivers/serial/libdrivers__serial.a(uart_stm32.c.obj)
 .data.uart_cfg_0
                0x000000002000005c        0x8 zephyr/drivers/serial/libdrivers__serial.a(uart_stm32.c.obj)
 .data.SystemCoreClock
                0x0000000020000064        0x4 modules/stm32/stm32cube/lib..__modules__hal__stm32__stm32cube.a(system_stm32f4xx.c.obj)
                0x0000000020000064                SystemCoreClock
 .data.timeout_list
                0x0000000020000068        0x8 zephyr/kernel/libkernel.a(timeout.c.obj)
 *(SORT_BY_ALIGNMENT(.kernel.*))
                0x0000000020000070                __data_end = .
                0x0000000000000070                __data_size = (__data_end - __data_start)
                0x0000000008004834                __data_load_start = LOADADDR (datas)
                0x0000000008004834                __data_region_load_start = LOADADDR (datas)

device_states   0x0000000020000070       0x1c load address 0x00000000080048a4
                0x0000000020000070                __device_states_start = .
 *(SORT_BY_ALIGNMENT(.z_devstate))
 .z_devstate    0x0000000020000070        0x2 zephyr/drivers/interrupt_controller/libdrivers__interrupt_controller.a(intc_exti_stm32.c.obj)
 .z_devstate    0x0000000020000072        0x2 zephyr/drivers/clock_control/libdrivers__clock_control.a(clock_stm32_ll_common.c.obj)
 .z_devstate    0x0000000020000074       0x12 zephyr/drivers/gpio/libdrivers__gpio.a(gpio_stm32.c.obj)
 .z_devstate    0x0000000020000086        0x2 zephyr/drivers/reset/libdrivers__reset.a(reset_stm32.c.obj)
 .z_devstate    0x0000000020000088        0x4 zephyr/drivers/serial/libdrivers__serial.a(uart_stm32.c.obj)
 *(SORT_BY_ALIGNMENT(.z_devstate.*))
                0x000000002000008c                __device_states_end = .

log_mpsc_pbuf_area
                0x000000002000008c        0x0 load address 0x00000000080048c0
                0x000000002000008c                _log_mpsc_pbuf_list_start = .
 *(SORT_BY_NAME(SORT_BY_ALIGNMENT(._log_mpsc_pbuf.static.*)))
                0x000000002000008c                _log_mpsc_pbuf_list_end = .

log_msg_ptr_area
                0x000000002000008c        0x0 load address 0x00000000080048c0
                0x000000002000008c                _log_msg_ptr_list_start = .
 *(SORT_BY_NAME(SORT_BY_ALIGNMENT(._log_msg_ptr.static.*)))
                0x000000002000008c                _log_msg_ptr_list_end = .

log_dynamic_area
                0x000000002000008c        0x0 load address 0x00000000080048c0
                0x000000002000008c                _log_dynamic_list_start = .
 *(SORT_BY_NAME(SORT_BY_ALIGNMENT(._log_dynamic.static.*)))
                0x000000002000008c                _log_dynamic_list_end = .

k_timer_area    0x000000002000008c        0x0 load address 0x00000000080048c0
                0x000000002000008c                _k_timer_list_start = .
 *(SORT_BY_NAME(SORT_BY_ALIGNMENT(._k_timer.static.*)))
                0x000000002000008c                _k_timer_list_end = .

k_mem_slab_area
                0x000000002000008c        0x0 load address 0x00000000080048c0
                0x000000002000008c                _k_mem_slab_list_start = .
 *(SORT_BY_NAME(SORT_BY_ALIGNMENT(._k_mem_slab.static.*)))
                0x000000002000008c                _k_mem_slab_list_end = .

k_heap_area     0x000000002000008c        0x0 load address 0x00000000080048c0
                0x000000002000008c                _k_heap_list_start = .
 *(SORT_BY_NAME(SORT_BY_ALIGNMENT(._k_heap.static.*)))
                0x000000002000008c                _k_heap_list_end = .

k_mutex_area    0x000000002000008c        0x0 load address 0x00000000080048c0
                0x000000002000008c                _k_mutex_list_start = .
 *(SORT_BY_NAME(SORT_BY_ALIGNMENT(._k_mutex.static.*)))
                0x000000002000008c                _k_mutex_list_end = .

k_stack_area    0x000000002000008c        0x0 load address 0x00000000080048c0
                0x000000002000008c                _k_stack_list_start = .
 *(SORT_BY_NAME(SORT_BY_ALIGNMENT(._k_stack.static.*)))
                0x000000002000008c                _k_stack_list_end = .

k_msgq_area     0x000000002000008c        0x0 load address 0x00000000080048c0
                0x000000002000008c                _k_msgq_list_start = .
 *(SORT_BY_NAME(SORT_BY_ALIGNMENT(._k_msgq.static.*)))
                0x000000002000008c                _k_msgq_list_end = .

k_mbox_area     0x000000002000008c        0x0 load address 0x00000000080048c0
                0x000000002000008c                _k_mbox_list_start = .
 *(SORT_BY_NAME(SORT_BY_ALIGNMENT(._k_mbox.static.*)))
                0x000000002000008c                _k_mbox_list_end = .

k_pipe_area     0x000000002000008c        0x0 load address 0x00000000080048c0
                0x000000002000008c                _k_pipe_list_start = .
 *(SORT_BY_NAME(SORT_BY_ALIGNMENT(._k_pipe.static.*)))
                0x000000002000008c                _k_pipe_list_end = .

k_sem_area      0x000000002000008c        0x0 load address 0x00000000080048c0
                0x000000002000008c                _k_sem_list_start = .
 *(SORT_BY_NAME(SORT_BY_ALIGNMENT(._k_sem.static.*)))
                0x000000002000008c                _k_sem_list_end = .

k_event_area    0x000000002000008c        0x0 load address 0x00000000080048c0
                0x000000002000008c                _k_event_list_start = .
 *(SORT_BY_NAME(SORT_BY_ALIGNMENT(._k_event.static.*)))
                0x000000002000008c                _k_event_list_end = .

k_queue_area    0x000000002000008c        0x0 load address 0x00000000080048c0
                0x000000002000008c                _k_queue_list_start = .
 *(SORT_BY_NAME(SORT_BY_ALIGNMENT(._k_queue.static.*)))
                0x000000002000008c                _k_queue_list_end = .

k_fifo_area     0x000000002000008c        0x0 load address 0x00000000080048c0
                0x000000002000008c                _k_fifo_list_start = .
 *(SORT_BY_NAME(SORT_BY_ALIGNMENT(._k_fifo.static.*)))
                0x000000002000008c                _k_fifo_list_end = .

k_lifo_area     0x000000002000008c        0x0 load address 0x00000000080048c0
                0x000000002000008c                _k_lifo_list_start = .
 *(SORT_BY_NAME(SORT_BY_ALIGNMENT(._k_lifo.static.*)))
                0x000000002000008c                _k_lifo_list_end = .

k_condvar_area  0x000000002000008c        0x0 load address 0x00000000080048c0
                0x000000002000008c                _k_condvar_list_start = .
 *(SORT_BY_NAME(SORT_BY_ALIGNMENT(._k_condvar.static.*)))
                0x000000002000008c                _k_condvar_list_end = .

sys_mem_blocks_ptr_area
                0x000000002000008c        0x0 load address 0x00000000080048c0
                0x000000002000008c                _sys_mem_blocks_ptr_list_start = .
 *(SORT_BY_NAME(SORT_BY_ALIGNMENT(._sys_mem_blocks_ptr.static.*)))
                0x000000002000008c                _sys_mem_blocks_ptr_list_end = .

net_buf_pool_area
                0x000000002000008c        0x0 load address 0x00000000080048c0
                0x000000002000008c                _net_buf_pool_list_start = .
 *(SORT_BY_NAME(SORT_BY_ALIGNMENT(._net_buf_pool.static.*)))
                0x000000002000008c                _net_buf_pool_list_end = .
                0x000000002000008c                __data_region_end = .

bss             0x0000000020000090      0x306
                0x0000000020000090                . = ALIGN (0x4)
                0x0000000020000090                __bss_start = .
                0x0000000020000090                __kernel_ram_start = .
 *(SORT_BY_ALIGNMENT(.bss))
 *(SORT_BY_ALIGNMENT(.bss.*))
 .bss.announced_cycles
                0x0000000020000090        0x8 zephyr/drivers/timer/libdrivers__timer.a(cortex_m_systick.c.obj)
 .bss.cycle_count
                0x0000000020000098        0x8 zephyr/drivers/timer/libdrivers__timer.a(cortex_m_systick.c.obj)
 .bss.z_idle_threads
                0x00000000200000a0       0xb0 zephyr/kernel/libkernel.a(init.c.obj)
                0x00000000200000a0                z_idle_threads
 .bss.z_main_thread
                0x0000000020000150       0xb0 zephyr/kernel/libkernel.a(init.c.obj)
                0x0000000020000150                z_main_thread
 .bss.slice_timeouts
                0x0000000020000200       0x18 zephyr/kernel/libkernel.a(sched.c.obj)
 .bss.curr_tick
                0x0000000020000218        0x8 zephyr/kernel/libkernel.a(timeout.c.obj)
 .bss.z_arm_tls_ptr
                0x0000000020000220        0x4 zephyr/arch/arch/arm/core/libarch__arm__core.a(tls.c.obj)
                0x0000000020000220                z_arm_tls_ptr
 .bss.dynamic_regions.0
                0x0000000020000224        0xc zephyr/arch/arch/arm/core/mpu/libarch__arm__core__mpu.a(arm_core_mpu.c.obj)
 .bss._stdout_hook
                0x0000000020000230        0x4 zephyr/lib/libc/picolibc/liblib__libc__picolibc.a(libc-hooks.c.obj)
 .bss.z_malloc_heap
                0x0000000020000234        0xc zephyr/lib/libc/common/liblib__libc__common.a(malloc.c.obj)
 .bss.exti_data
                0x0000000020000240       0x80 zephyr/drivers/interrupt_controller/libdrivers__interrupt_controller.a(intc_exti_stm32.c.obj)
 .bss.gpio_stm32_data_i
                0x00000000200002c0       0x10 zephyr/drivers/gpio/libdrivers__gpio.a(gpio_stm32.c.obj)
 .bss.gpio_stm32_data_h
                0x00000000200002d0       0x10 zephyr/drivers/gpio/libdrivers__gpio.a(gpio_stm32.c.obj)
 .bss.gpio_stm32_data_g
                0x00000000200002e0       0x10 zephyr/drivers/gpio/libdrivers__gpio.a(gpio_stm32.c.obj)
 .bss.gpio_stm32_data_f
                0x00000000200002f0       0x10 zephyr/drivers/gpio/libdrivers__gpio.a(gpio_stm32.c.obj)
 .bss.gpio_stm32_data_e
                0x0000000020000300       0x10 zephyr/drivers/gpio/libdrivers__gpio.a(gpio_stm32.c.obj)
 .bss.gpio_stm32_data_d
                0x0000000020000310       0x10 zephyr/drivers/gpio/libdrivers__gpio.a(gpio_stm32.c.obj)
 .bss.gpio_stm32_data_c
                0x0000000020000320       0x10 zephyr/drivers/gpio/libdrivers__gpio.a(gpio_stm32.c.obj)
 .bss.gpio_stm32_data_b
                0x0000000020000330       0x10 zephyr/drivers/gpio/libdrivers__gpio.a(gpio_stm32.c.obj)
 .bss.gpio_stm32_data_a
                0x0000000020000340       0x10 zephyr/drivers/gpio/libdrivers__gpio.a(gpio_stm32.c.obj)
 .bss.overflow_cyc
                0x0000000020000350        0x4 zephyr/drivers/timer/libdrivers__timer.a(cortex_m_systick.c.obj)
 .bss.last_load
                0x0000000020000354        0x4 zephyr/drivers/timer/libdrivers__timer.a(cortex_m_systick.c.obj)
 .bss._cpus_active
                0x0000000020000358        0x4 zephyr/kernel/libkernel.a(init.c.obj)
                0x0000000020000358                _cpus_active
 .bss._kernel   0x000000002000035c       0x24 zephyr/kernel/libkernel.a(init.c.obj)
                0x000000002000035c                _kernel
 .bss.pending_current
                0x0000000020000380        0x4 zephyr/kernel/libkernel.a(sched.c.obj)
 .bss.slice_expired
                0x0000000020000384        0x1 zephyr/kernel/libkernel.a(sched.c.obj)
 *fill*         0x0000000020000385        0x3 
 .bss.slice_max_prio
                0x0000000020000388        0x4 zephyr/kernel/libkernel.a(sched.c.obj)
 .bss.slice_ticks
                0x000000002000038c        0x4 zephyr/kernel/libkernel.a(sched.c.obj)
 .bss.sched_spinlock
                0x0000000020000390        0x0 zephyr/kernel/libkernel.a(sched.c.obj)
                0x0000000020000390                sched_spinlock
 .bss.announce_remaining
                0x0000000020000390        0x4 zephyr/kernel/libkernel.a(timeout.c.obj)
 .bss.static_regions_num
                0x0000000020000394        0x1 zephyr/arch/arch/arm/core/mpu/libarch__arm__core__mpu.a(arm_mpu.c.obj)
 .bss.z_sys_post_kernel
                0x0000000020000395        0x1 zephyr/kernel/libkernel.a(init.c.obj)
                0x0000000020000395                z_sys_post_kernel
 *(SORT_BY_ALIGNMENT(COMMON))
 *(SORT_BY_ALIGNMENT(.kernel_bss.*))
                0x0000000020000398                __bss_end = ALIGN (0x4)

noinit          0x00000000200003c0      0xe00
 *(SORT_BY_ALIGNMENT(.noinit))
 *(SORT_BY_ALIGNMENT(.noinit.*))
 .noinit."WEST_TOPDIR/external/zephyr/kernel/init.c".2
                0x00000000200003c0      0x840 zephyr/kernel/libkernel.a(init.c.obj)
                0x00000000200003c0                z_interrupt_stacks
 .noinit."WEST_TOPDIR/external/zephyr/kernel/init.c".1
                0x0000000020000c00      0x180 zephyr/kernel/libkernel.a(init.c.obj)
 .noinit."WEST_TOPDIR/external/zephyr/kernel/init.c".0
                0x0000000020000d80      0x440 zephyr/kernel/libkernel.a(init.c.obj)
                0x0000000020000d80                z_main_stack
 *(SORT_BY_ALIGNMENT(.kernel_noinit.*))
                0x0000000020020000                __kernel_ram_end = 0x20020000
                0x000000000001ff70                __kernel_ram_size = (__kernel_ram_end - __kernel_ram_start)

.ccm_bss        0x0000000010000000        0x0
                0x0000000010000000                __ccm_start = .
                0x0000000010000000                __ccm_bss_start = .
 *(SORT_BY_ALIGNMENT(.ccm_bss))
 *(SORT_BY_ALIGNMENT(.ccm_bss.*))
                0x0000000010000000                __ccm_bss_end = .

.ccm_noinit     0x0000000010000000        0x0
                0x0000000010000000                __ccm_noinit_start = .
 *(SORT_BY_ALIGNMENT(.ccm_noinit))
 *(SORT_BY_ALIGNMENT(.ccm_noinit.*))
                0x0000000010000000                __ccm_noinit_end = .

.ccm_data       0x0000000010000000        0x0 load address 0x00000000080048c0
                0x0000000010000000                __ccm_data_start = .
 *(SORT_BY_ALIGNMENT(.ccm_data))
 *(SORT_BY_ALIGNMENT(.ccm_data.*))
                0x0000000010000000                __ccm_data_end = .
                0x0000000010000000                __ccm_end = .
                0x00000000080048c0                __ccm_data_rom_start = LOADADDR (.ccm_data)

/DISCARD/
 *(SORT_BY_ALIGNMENT(.irq_info*))
 *(SORT_BY_ALIGNMENT(.intList*))

.last_ram_section
                0x00000000200011c0        0x0
                0x00000000200011c0                _image_ram_end = .
                0x00000000000011c0                _image_ram_size = (_image_ram_end - _image_ram_start)
                0x00000000200011c0                _end = .
                0x00000000200011c0                z_mapped_end = .

.stab
 *(SORT_BY_ALIGNMENT(.stab))

.stabstr
 *(SORT_BY_ALIGNMENT(.stabstr))

.stab.excl
 *(SORT_BY_ALIGNMENT(.stab.excl))

.stab.exclstr
 *(SORT_BY_ALIGNMENT(.stab.exclstr))

.stab.index
 *(SORT_BY_ALIGNMENT(.stab.index))

.stab.indexstr
 *(SORT_BY_ALIGNMENT(.stab.indexstr))

.gnu.build.attributes
 *(SORT_BY_ALIGNMENT(.gnu.build.attributes) SORT_BY_ALIGNMENT(.gnu.build.attributes.*))

.comment        0x0000000000000000       0x20
 *(SORT_BY_ALIGNMENT(.comment))
 .comment       0x0000000000000000       0x20 zephyr/CMakeFiles/zephyr_final.dir/isr_tables.c.obj
                                         0x21 (size before relaxing)
 .comment       0x0000000000000020       0x21 zephyr/CMakeFiles/offsets.dir/./arch/arm/core/offsets/offsets.c.obj
 .comment       0x0000000000000020       0x21 app/libapp.a(main.c.obj)
 .comment       0x0000000000000020       0x21 zephyr/libzephyr.a(heap.c.obj)
 .comment       0x0000000000000020       0x21 zephyr/libzephyr.a(printk.c.obj)
 .comment       0x0000000000000020       0x21 zephyr/libzephyr.a(thread_entry.c.obj)
 .comment       0x0000000000000020       0x21 zephyr/libzephyr.a(configs.c.obj)
 .comment       0x0000000000000020       0x21 zephyr/libzephyr.a(soc.c.obj)
 .comment       0x0000000000000020       0x21 zephyr/libzephyr.a(soc_config.c.obj)
 .comment       0x0000000000000020       0x21 zephyr/libzephyr.a(thread_info.c.obj)
 .comment       0x0000000000000020       0x21 zephyr/libzephyr.a(mem_attr.c.obj)
 .comment       0x0000000000000020       0x21 zephyr/arch/arch/arm/core/libarch__arm__core.a(fatal.c.obj)
 .comment       0x0000000000000020       0x21 zephyr/arch/arch/arm/core/libarch__arm__core.a(nmi.c.obj)
 .comment       0x0000000000000020       0x21 zephyr/arch/arch/arm/core/libarch__arm__core.a(tls.c.obj)
 .comment       0x0000000000000020       0x21 zephyr/arch/arch/arm/core/cortex_m/libarch__arm__core__cortex_m.a(fault.c.obj)
 .comment       0x0000000000000020       0x21 zephyr/arch/arch/arm/core/cortex_m/libarch__arm__core__cortex_m.a(thread_abort.c.obj)
 .comment       0x0000000000000020       0x21 zephyr/arch/arch/arm/core/cortex_m/libarch__arm__core__cortex_m.a(swap.c.obj)
 .comment       0x0000000000000020       0x21 zephyr/arch/arch/arm/core/cortex_m/libarch__arm__core__cortex_m.a(irq_manage.c.obj)
 .comment       0x0000000000000020       0x21 zephyr/arch/arch/arm/core/cortex_m/libarch__arm__core__cortex_m.a(prep_c.c.obj)
 .comment       0x0000000000000020       0x21 zephyr/arch/arch/arm/core/cortex_m/libarch__arm__core__cortex_m.a(thread.c.obj)
 .comment       0x0000000000000020       0x21 zephyr/arch/arch/arm/core/cortex_m/libarch__arm__core__cortex_m.a(irq_init.c.obj)
 .comment       0x0000000000000020       0x21 zephyr/arch/arch/arm/core/mpu/libarch__arm__core__mpu.a(arm_core_mpu.c.obj)
 .comment       0x0000000000000020       0x21 zephyr/arch/arch/arm/core/mpu/libarch__arm__core__mpu.a(arm_mpu.c.obj)
 .comment       0x0000000000000020       0x21 zephyr/arch/arch/arm/core/mpu/libarch__arm__core__mpu.a(arm_mpu_regions.c.obj)
 .comment       0x0000000000000020       0x21 zephyr/lib/libc/picolibc/liblib__libc__picolibc.a(libc-hooks.c.obj)
 .comment       0x0000000000000020       0x21 zephyr/lib/libc/common/liblib__libc__common.a(malloc.c.obj)
 .comment       0x0000000000000020       0x21 zephyr/drivers/interrupt_controller/libdrivers__interrupt_controller.a(intc_exti_stm32.c.obj)
 .comment       0x0000000000000020       0x21 zephyr/drivers/clock_control/libdrivers__clock_control.a(clock_stm32_ll_common.c.obj)
 .comment       0x0000000000000020       0x21 zephyr/drivers/clock_control/libdrivers__clock_control.a(clock_stm32f2_f4_f7.c.obj)
 .comment       0x0000000000000020       0x21 zephyr/drivers/console/libdrivers__console.a(uart_console.c.obj)
 .comment       0x0000000000000020       0x21 zephyr/drivers/gpio/libdrivers__gpio.a(gpio_stm32.c.obj)
 .comment       0x0000000000000020       0x21 zephyr/drivers/pinctrl/libdrivers__pinctrl.a(common.c.obj)
 .comment       0x0000000000000020       0x21 zephyr/drivers/pinctrl/libdrivers__pinctrl.a(pinctrl_stm32.c.obj)
 .comment       0x0000000000000020       0x21 zephyr/drivers/reset/libdrivers__reset.a(reset_stm32.c.obj)
 .comment       0x0000000000000020       0x21 zephyr/drivers/serial/libdrivers__serial.a(uart_stm32.c.obj)
 .comment       0x0000000000000020       0x21 zephyr/drivers/timer/libdrivers__timer.a(cortex_m_systick.c.obj)
 .comment       0x0000000000000020       0x21 modules/stm32/stm32cube/lib..__modules__hal__stm32__stm32cube.a(system_stm32f4xx.c.obj)
 .comment       0x0000000000000020       0x21 modules/stm32/stm32cube/lib..__modules__hal__stm32__stm32cube.a(stm32f4xx_hal_rcc.c.obj)
 .comment       0x0000000000000020       0x21 modules/stm32/stm32cube/lib..__modules__hal__stm32__stm32cube.a(stm32f4xx_ll_utils.c.obj)
 .comment       0x0000000000000020       0x21 zephyr/kernel/libkernel.a(device.c.obj)
 .comment       0x0000000000000020       0x21 zephyr/kernel/libkernel.a(fatal.c.obj)
 .comment       0x0000000000000020       0x21 zephyr/kernel/libkernel.a(init.c.obj)
 .comment       0x0000000000000020       0x21 zephyr/kernel/libkernel.a(thread.c.obj)
 .comment       0x0000000000000020       0x21 zephyr/kernel/libkernel.a(sched.c.obj)
 .comment       0x0000000000000020       0x21 zephyr/kernel/libkernel.a(idle.c.obj)
 .comment       0x0000000000000020       0x21 zephyr/kernel/libkernel.a(xip.c.obj)
 .comment       0x0000000000000020       0x21 zephyr/kernel/libkernel.a(timeout.c.obj)
 .comment       0x0000000000000020       0x21 zephyr/kernel/libkernel.a(banner.c.obj)

.debug
 *(SORT_BY_ALIGNMENT(.debug))

.line
 *(SORT_BY_ALIGNMENT(.line))

.debug_srcinfo
 *(SORT_BY_ALIGNMENT(.debug_srcinfo))

.debug_sfnames
 *(SORT_BY_ALIGNMENT(.debug_sfnames))

.debug_aranges  0x0000000000000000     0x10e8
 *(SORT_BY_ALIGNMENT(.debug_aranges))
 .debug_aranges
                0x0000000000000000       0x20 zephyr/arch/arch/arm/core/libarch__arm__core.a(nmi_on_reset.S.obj)
 .debug_aranges
                0x0000000000000020       0x20 zephyr/arch/arch/arm/core/cortex_m/libarch__arm__core__cortex_m.a(exc_exit.S.obj)
 .debug_aranges
                0x0000000000000040       0x20 zephyr/arch/arch/arm/core/cortex_m/libarch__arm__core__cortex_m.a(fault_s.S.obj)
 .debug_aranges
                0x0000000000000060       0x20 zephyr/arch/arch/arm/core/cortex_m/libarch__arm__core__cortex_m.a(reset.S.obj)
 .debug_aranges
                0x0000000000000080       0x28 zephyr/arch/arch/arm/core/cortex_m/libarch__arm__core__cortex_m.a(swap_helper.S.obj)
 .debug_aranges
                0x00000000000000a8       0x30 zephyr/arch/arch/arm/core/cortex_m/libarch__arm__core__cortex_m.a(cpu_idle.S.obj)
 .debug_aranges
                0x00000000000000d8       0x20 zephyr/arch/arch/arm/core/cortex_m/libarch__arm__core__cortex_m.a(isr_wrapper.S.obj)
 .debug_aranges
                0x00000000000000f8       0x20 zephyr/arch/arch/arm/core/cortex_m/libarch__arm__core__cortex_m.a(__aeabi_read_tp.S.obj)
 .debug_aranges
                0x0000000000000118       0x18 zephyr/CMakeFiles/zephyr_final.dir/isr_tables.c.obj
 .debug_aranges
                0x0000000000000130       0x20 zephyr/CMakeFiles/offsets.dir/./arch/arm/core/offsets/offsets.c.obj
 .debug_aranges
                0x0000000000000150       0x40 app/libapp.a(main.c.obj)
 .debug_aranges
                0x0000000000000190       0x98 zephyr/libzephyr.a(heap.c.obj)
 .debug_aranges
                0x0000000000000228       0x50 zephyr/libzephyr.a(printk.c.obj)
 .debug_aranges
                0x0000000000000278       0x20 zephyr/libzephyr.a(thread_entry.c.obj)
 .debug_aranges
                0x0000000000000298       0x20 zephyr/libzephyr.a(configs.c.obj)
 .debug_aranges
                0x00000000000002b8       0x20 zephyr/libzephyr.a(soc.c.obj)
 .debug_aranges
                0x00000000000002d8       0x20 zephyr/libzephyr.a(soc_config.c.obj)
 .debug_aranges
                0x00000000000002f8       0x18 zephyr/libzephyr.a(thread_info.c.obj)
 .debug_aranges
                0x0000000000000310       0x28 zephyr/libzephyr.a(mem_attr.c.obj)
 .debug_aranges
                0x0000000000000338       0x30 zephyr/arch/arch/arm/core/libarch__arm__core.a(fatal.c.obj)
 .debug_aranges
                0x0000000000000368       0x28 zephyr/arch/arch/arm/core/libarch__arm__core.a(nmi.c.obj)
 .debug_aranges
                0x0000000000000390       0x28 zephyr/arch/arch/arm/core/libarch__arm__core.a(tls.c.obj)
 .debug_aranges
                0x00000000000003b8       0x68 zephyr/arch/arch/arm/core/cortex_m/libarch__arm__core__cortex_m.a(fault.c.obj)
 .debug_aranges