Archive member included to satisfy reference by file (symbol)

app/libapp.a(main.c.obj)      (--whole-archive)
zephyr/libzephyr.a(heap.c.obj)
                              (--whole-archive)
zephyr/libzephyr.a(cbprintf_packaged.c.obj)
                              (--whole-archive)
zephyr/libzephyr.a(printk.c.obj)
                              (--whole-archive)
zephyr/libzephyr.a(sem.c.obj)
                              (--whole-archive)
zephyr/libzephyr.a(thread_entry.c.obj)
                              (--whole-archive)
zephyr/libzephyr.a(cbprintf_complete.c.obj)
                              (--whole-archive)
zephyr/libzephyr.a(assert.c.obj)
                              (--whole-archive)
zephyr/libzephyr.a(reboot.c.obj)
                              (--whole-archive)
zephyr/libzephyr.a(dec.c.obj)
                              (--whole-archive)
zephyr/libzephyr.a(hex.c.obj)
                              (--whole-archive)
zephyr/libzephyr.a(rb.c.obj)  (--whole-archive)
zephyr/libzephyr.a(timeutil.c.obj)
                              (--whole-archive)
zephyr/libzephyr.a(bitarray.c.obj)
                              (--whole-archive)
zephyr/libzephyr.a(configs.c.obj)
                              (--whole-archive)
zephyr/libzephyr.a(soc.c.obj)
                              (--whole-archive)
zephyr/libzephyr.a(stm32cube_hal.c.obj)
                              (--whole-archive)
zephyr/libzephyr.a(soc_config.c.obj)
                              (--whole-archive)
zephyr/libzephyr.a(thread_info.c.obj)
                              (--whole-archive)
zephyr/libzephyr.a(mem_attr.c.obj)
                              (--whole-archive)
zephyr/libzephyr.a(tracing_none.c.obj)
                              (--whole-archive)
zephyr/arch/common/libarch__common.a(sw_isr_common.c.obj)
                              (--whole-archive)
zephyr/arch/arch/arm/core/libarch__arm__core.a(fatal.c.obj)
                              (--whole-archive)
zephyr/arch/arch/arm/core/libarch__arm__core.a(nmi.c.obj)
                              (--whole-archive)
zephyr/arch/arch/arm/core/libarch__arm__core.a(nmi_on_reset.S.obj)
                              (--whole-archive)
zephyr/arch/arch/arm/core/libarch__arm__core.a(tls.c.obj)
                              (--whole-archive)
zephyr/arch/arch/arm/core/cortex_m/libarch__arm__core__cortex_m.a(exc_exit.S.obj)
                              (--whole-archive)
zephyr/arch/arch/arm/core/cortex_m/libarch__arm__core__cortex_m.a(fault.c.obj)
                              (--whole-archive)
zephyr/arch/arch/arm/core/cortex_m/libarch__arm__core__cortex_m.a(fault_s.S.obj)
                              (--whole-archive)
zephyr/arch/arch/arm/core/cortex_m/libarch__arm__core__cortex_m.a(fpu.c.obj)
                              (--whole-archive)
zephyr/arch/arch/arm/core/cortex_m/libarch__arm__core__cortex_m.a(reset.S.obj)
                              (--whole-archive)
zephyr/arch/arch/arm/core/cortex_m/libarch__arm__core__cortex_m.a(scb.c.obj)
                              (--whole-archive)
zephyr/arch/arch/arm/core/cortex_m/libarch__arm__core__cortex_m.a(thread_abort.c.obj)
                              (--whole-archive)
zephyr/arch/arch/arm/core/cortex_m/libarch__arm__core__cortex_m.a(vector_table.S.obj)
                              (--whole-archive)
zephyr/arch/arch/arm/core/cortex_m/libarch__arm__core__cortex_m.a(swap.c.obj)
                              (--whole-archive)
zephyr/arch/arch/arm/core/cortex_m/libarch__arm__core__cortex_m.a(swap_helper.S.obj)
                              (--whole-archive)
zephyr/arch/arch/arm/core/cortex_m/libarch__arm__core__cortex_m.a(irq_manage.c.obj)
                              (--whole-archive)
zephyr/arch/arch/arm/core/cortex_m/libarch__arm__core__cortex_m.a(prep_c.c.obj)
                              (--whole-archive)
zephyr/arch/arch/arm/core/cortex_m/libarch__arm__core__cortex_m.a(thread.c.obj)
                              (--whole-archive)
zephyr/arch/arch/arm/core/cortex_m/libarch__arm__core__cortex_m.a(cpu_idle.S.obj)
                              (--whole-archive)
zephyr/arch/arch/arm/core/cortex_m/libarch__arm__core__cortex_m.a(irq_init.c.obj)
                              (--whole-archive)
zephyr/arch/arch/arm/core/cortex_m/libarch__arm__core__cortex_m.a(isr_wrapper.S.obj)
                              (--whole-archive)
zephyr/arch/arch/arm/core/cortex_m/libarch__arm__core__cortex_m.a(__aeabi_read_tp.S.obj)
                              (--whole-archive)
zephyr/arch/arch/arm/core/mpu/libarch__arm__core__mpu.a(arm_core_mpu.c.obj)
                              (--whole-archive)
zephyr/arch/arch/arm/core/mpu/libarch__arm__core__mpu.a(arm_mpu.c.obj)
                              (--whole-archive)
zephyr/arch/arch/arm/core/mpu/libarch__arm__core__mpu.a(arm_mpu_regions.c.obj)
                              (--whole-archive)
zephyr/lib/libc/picolibc/liblib__libc__picolibc.a(libc-hooks.c.obj)
                              (--whole-archive)
[...]
Memory Configuration

Name             Origin             Length             Attributes
FLASH            0x0000000008000000 0x0000000000020000 xr
RAM              0x0000000020000000 0x0000000000008000 xw
IDT_LIST         0x00000000ffff7fff 0x0000000000008000 xw
*default*        0x0000000000000000 0xffffffffffffffff

Linker script and memory map

                0x00000000080056d8                vfprintf = __d_vfprintf
                0x0000000000000000                vfscanf = __d_vfscanf
LOAD zephyr/CMakeFiles/zephyr_pre0.dir/misc/empty_file.c.obj
LOAD zephyr/CMakeFiles/offsets.dir/./arch/arm/core/offsets/offsets.c.obj
LOAD app/libapp.a
LOAD zephyr/libzephyr.a
LOAD zephyr/arch/common/libarch__common.a
LOAD zephyr/arch/arch/arm/core/libarch__arm__core.a
LOAD zephyr/arch/arch/arm/core/cortex_m/libarch__arm__core__cortex_m.a
LOAD zephyr/arch/arch/arm/core/mpu/libarch__arm__core__mpu.a
LOAD zephyr/lib/libc/picolibc/liblib__libc__picolibc.a
LOAD zephyr/lib/libc/common/liblib__libc__common.a
LOAD zephyr/drivers/interrupt_controller/libdrivers__interrupt_controller.a
LOAD zephyr/drivers/can/libdrivers__can.a
LOAD zephyr/drivers/clock_control/libdrivers__clock_control.a
LOAD zephyr/drivers/console/libdrivers__console.a
LOAD zephyr/drivers/gpio/libdrivers__gpio.a
LOAD zephyr/drivers/i2c/libdrivers__i2c.a
LOAD zephyr/drivers/led_strip/libdrivers__led_strip.a
LOAD zephyr/drivers/pinctrl/libdrivers__pinctrl.a
LOAD zephyr/drivers/reset/libdrivers__reset.a
LOAD zephyr/drivers/sensor/bme680/libdrivers__sensor__bme680.a
LOAD zephyr/drivers/sensor/opt3001/libdrivers__sensor__opt3001.a
LOAD zephyr/drivers/serial/libdrivers__serial.a
LOAD zephyr/drivers/spi/libdrivers__spi.a
LOAD zephyr/drivers/timer/libdrivers__timer.a
LOAD modules/stm32/stm32cube/lib..__modules__hal__stm32__stm32cube.a
LOAD zephyr/kernel/libkernel.a
LOAD c:/users/joshe/.zephyr_ide/toolchains/zephyr-sdk-0.16.6/arm-zephyr-eabi/bin/../lib/gcc/arm-zephyr-eabi/12.2.0/thumb/v7e-m/nofp\libgcc.a
LOAD zephyr/arch/common/libisr_tables.a
LOAD c:\users\joshe\.zephyr_ide\toolchains\zephyr-sdk-0.16.6\arm-zephyr-eabi\bin\../lib/gcc/../../picolibc/arm-zephyr-eabi/lib/thumb/v7e-m/nofp\libc.a
LOAD c:/users/joshe/.zephyr_ide/toolchains/zephyr-sdk-0.16.6/arm-zephyr-eabi/bin/../lib/gcc/arm-zephyr-eabi/12.2.0/thumb/v7e-m/nofp\libgcc.a
                0x0000000000000020                _region_min_align = 0x20

.rel.plt        0x0000000008000000        0x0
 *(SORT_BY_ALIGNMENT(.rel.plt))
                [!provide]                        PROVIDE (__rel_iplt_start = .)
 *(SORT_BY_ALIGNMENT(.rel.iplt))
 .rel.iplt      0x0000000008000000        0x0 app/libapp.a(main.c.obj)
                [!provide]                        PROVIDE (__rel_iplt_end = .)

.rela.plt       0x0000000000000000        0x0
 *(SORT_BY_ALIGNMENT(.rela.plt))
                [!provide]                        PROVIDE (__rela_iplt_start = .)
 *(SORT_BY_ALIGNMENT(.rela.iplt))
                [!provide]                        PROVIDE (__rela_iplt_end = .)

.rel.dyn
 *(SORT_BY_ALIGNMENT(.rel.*))

.rela.dyn
 *(SORT_BY_ALIGNMENT(.rela.*))

/DISCARD/
 *(SORT_BY_ALIGNMENT(.plt))

/DISCARD/
 *(SORT_BY_ALIGNMENT(.iplt))
                0x0000000008000000                __rom_region_start = 0x8000000

rom_start       0x0000000008000000      0x1d8
                0x0000000008000000                __rom_start_address = .
 FILL mask 0x00
                0x0000000008000000                . = (. + (0x0 - (. - __rom_start_address)))
                0x0000000008000000                . = ALIGN (0x4)
                0x0000000008000000                . = ALIGN (0x80)
                0x0000000008000000                . = ALIGN (0x200)
                0x0000000008000000                _vector_start = .
 *(SORT_BY_ALIGNMENT(.exc_vector_table))
 *(SORT_BY_ALIGNMENT(.exc_vector_table.*))
 .exc_vector_table._vector_table_section
                0x0000000008000000       0x40 zephyr/arch/arch/arm/core/cortex_m/libarch__arm__core__cortex_m.a(vector_table.S.obj)
                0x0000000008000000                _vector_table
 *(SORT_BY_ALIGNMENT(.vectors))
                0x00000000080001d8                _vector_end = .
                0x0000000008000040                . = ALIGN (0x4)
 *(SORT_BY_ALIGNMENT(.gnu.linkonce.irq_vector_table*))
 .gnu.linkonce.irq_vector_table
                0x0000000008000040      0x198 zephyr/arch/common/libisr_tables.a(isr_tables.c.obj)
                0x0000000008000040                _irq_vector_table
                0x00000000080001d8                _vector_end = .

text            0x00000000080001d8     0xa650
                0x00000000080001d8                __text_region_start = .
 *(SORT_BY_ALIGNMENT(.text))
 .text          0x00000000080001d8      0x21c c:/users/joshe/.zephyr_ide/toolchains/zephyr-sdk-0.16.6/arm-zephyr-eabi/bin/../lib/gcc/arm-zephyr-eabi/12.2.0/thumb/v7e-m/nofp\libgcc.a(_arm_addsubsf3.o)
                0x00000000080001d8                __aeabi_frsub
                0x00000000080001e0                __subsf3
                0x00000000080001e0                __aeabi_fsub
                0x00000000080001e4                __aeabi_fadd
                0x00000000080001e4                __addsf3
                0x0000000008000344                __aeabi_ui2f
                0x0000000008000344                __floatunsisf
                0x000000000800034c                __aeabi_i2f
                0x000000000800034c                __floatsisf
                0x0000000008000368                __aeabi_ul2f
                0x0000000008000368                __floatundisf
                0x0000000008000378                __aeabi_l2f
                0x0000000008000378                __floatdisf
 .text          0x00000000080003f4      0x2a0 c:/users/joshe/.zephyr_ide/toolchains/zephyr-sdk-0.16.6/arm-zephyr-eabi/bin/../lib/gcc/arm-zephyr-eabi/12.2.0/thumb/v7e-m/nofp\libgcc.a(_arm_muldivsf3.o)
                0x00000000080003f4                __mulsf3
                0x00000000080003f4                __aeabi_fmul
                0x000000000800055c                __aeabi_fdiv
                0x000000000800055c                __divsf3
 .text          0x0000000008000694       0xa0 c:/users/joshe/.zephyr_ide/toolchains/zephyr-sdk-0.16.6/arm-zephyr-eabi/bin/../lib/gcc/arm-zephyr-eabi/12.2.0/thumb/v7e-m/nofp\libgcc.a(_aeabi_ldivmod.o)
                0x0000000008000694                __aeabi_ldivmod
 .text          0x0000000008000734       0x30 c:/users/joshe/.zephyr_ide/toolchains/zephyr-sdk-0.16.6/arm-zephyr-eabi/bin/../lib/gcc/arm-zephyr-eabi/12.2.0/thumb/v7e-m/nofp\libgcc.a(_aeabi_uldivmod.o)
                0x0000000008000734                __aeabi_uldivmod
 .text          0x0000000008000764        0x4 c:/users/joshe/.zephyr_ide/toolchains/zephyr-sdk-0.16.6/arm-zephyr-eabi/bin/../lib/gcc/arm-zephyr-eabi/12.2.0/thumb/v7e-m/nofp\libgcc.a(_dvmd_tls.o)
                0x0000000008000764                __aeabi_idiv0
                0x0000000008000764                __aeabi_ldiv0
 .text          0x0000000008000768      0x2a0 c:/users/joshe/.zephyr_ide/toolchains/zephyr-sdk-0.16.6/arm-zephyr-eabi/bin/../lib/gcc/arm-zephyr-eabi/12.2.0/thumb/v7e-m/nofp\libgcc.a(_udivmoddi4.o)
                0x0000000008000768                __udivmoddi4
 *(SORT_BY_ALIGNMENT(.text.*))
 .text.my_flash_work_handler
                0x0000000008000a08      0x118 app/libapp.a(main.c.obj)
                0x0000000008000a08                my_flash_work_handler
 .text.my_flash_work_handler2
                0x0000000008000b20       0xa0 app/libapp.a(main.c.obj)
                0x0000000008000b20                my_flash_work_handler2
 .text.rx_callback_function
                0x0000000008000bc0       0x1c app/libapp.a(main.c.obj)
                0x0000000008000bc0                rx_callback_function
 .text.sendfunction
                0x0000000008000bdc       0x10 app/libapp.a(main.c.obj)
                0x0000000008000bdc                sendfunction
 .text.flashhighfunction1
                0x0000000008000bec       0x50 app/libapp.a(main.c.obj)
                0x0000000008000bec                flashhighfunction1
 .text.flashhighfunction2
                0x0000000008000c3c       0x50 app/libapp.a(main.c.obj)
                0x0000000008000c3c                flashhighfunction2
 .text.flashlowfunction1
                0x0000000008000c8c       0x24 app/libapp.a(main.c.obj)
                0x0000000008000c8c                flashlowfunction1
 .text.flashlowfunction2
                0x0000000008000cb0       0x24 app/libapp.a(main.c.obj)
                0x0000000008000cb0                flashlowfunction2
 .text.my_receive_work_handler
                0x0000000008000cd4      0x2d4 app/libapp.a(main.c.obj)
                0x0000000008000cd4                my_receive_work_handler
 .text.my_send_work_handler
                0x0000000008000fa8      0x1cc app/libapp.a(main.c.obj)
                0x0000000008000fa8                my_send_work_handler
 .text.main     0x0000000008001174      0x2c4 app/libapp.a(main.c.obj)
                0x0000000008001174                main
 .text.char_out
                0x0000000008001438       0x10 zephyr/libzephyr.a(printk.c.obj)
 .text.vprintk  0x0000000008001448       0x2c zephyr/libzephyr.a(printk.c.obj)
                0x0000000008001448                vprintk
 .text.__printk_hook_install
                0x0000000008001474        0xc zephyr/libzephyr.a(printk.c.obj)
                0x0000000008001474                __printk_hook_install
 .text.z_thread_entry
                0x0000000008001480       0x34 zephyr/libzephyr.a(thread_entry.c.obj)
                0x0000000008001480                z_thread_entry
 .text.stm32g4_init
                0x00000000080014b4       0x4c zephyr/libzephyr.a(soc.c.obj)
 .text.st_stm32_common_config
                0x0000000008001500       0x14 zephyr/libzephyr.a(soc_config.c.obj)
 .text.mem_attr_get_regions
                0x0000000008001514        0xc zephyr/libzephyr.a(mem_attr.c.obj)
                0x0000000008001514                mem_attr_get_regions
 .text.z_arm_nmi
                0x0000000008001520       0x14 zephyr/arch/arch/arm/core/libarch__arm__core.a(nmi.c.obj)
                0x0000000008001520                z_arm_nmi
 .text.z_SysNmiOnReset
                0x0000000008001534        0x8 zephyr/arch/arch/arm/core/libarch__arm__core.a(nmi_on_reset.S.obj)
                0x0000000008001534                z_SysNmiOnReset
 .text.z_tls_copy
                0x000000000800153c       0x38 zephyr/arch/arch/arm/core/libarch__arm__core.a(tls.c.obj)
 .text.arch_tls_stack_setup
                0x0000000008001574       0x48 zephyr/arch/arch/arm/core/libarch__arm__core.a(tls.c.obj)
                0x0000000008001574                arch_tls_stack_setup
 .text._HandlerModeExit
                0x00000000080015bc       0x1c zephyr/arch/arch/arm/core/cortex_m/libarch__arm__core__cortex_m.a(exc_exit.S.obj)
                0x00000000080015bc                z_arm_int_exit
                0x00000000080015bc                z_arm_exc_exit
 .text.bus_fault
                0x00000000080015d8       0x8c zephyr/arch/arch/arm/core/cortex_m/libarch__arm__core__cortex_m.a(fault.c.obj)
 .text.usage_fault
                0x0000000008001664       0x64 zephyr/arch/arch/arm/core/cortex_m/libarch__arm__core__cortex_m.a(fault.c.obj)
 .text.z_arm_is_synchronous_svc
                0x00000000080016c8       0x3c zephyr/arch/arch/arm/core/cortex_m/libarch__arm__core__cortex_m.a(fault.c.obj)
 .text.mem_manage_fault
                0x0000000008001704       0xd4 zephyr/arch/arch/arm/core/cortex_m/libarch__arm__core__cortex_m.a(fault.c.obj)
 .text.hard_fault
                0x00000000080017d8       0x78 zephyr/arch/arch/arm/core/cortex_m/libarch__arm__core__cortex_m.a(fault.c.obj)
 .text.z_arm_fault
                0x0000000008001850       0xa4 zephyr/arch/arch/arm/core/cortex_m/libarch__arm__core__cortex_m.a(fault.c.obj)
                0x0000000008001850                z_arm_fault
 .text.z_arm_fault_init
                0x00000000080018f4       0x10 zephyr/arch/arch/arm/core/cortex_m/libarch__arm__core__cortex_m.a(fault.c.obj)
                0x00000000080018f4                z_arm_fault_init
 .text.__fault  0x0000000008001904       0x14 zephyr/arch/arch/arm/core/cortex_m/libarch__arm__core__cortex_m.a(fault_s.S.obj)
                0x0000000008001904                z_arm_usage_fault
                0x0000000008001904                z_arm_mpu_fault
                0x0000000008001904                z_arm_exc_spurious
                0x0000000008001904                z_arm_debug_monitor
                0x0000000008001904                z_arm_hard_fault
                0x0000000008001904                z_arm_bus_fault
 .text._reset_section
                0x0000000008001918       0x34 zephyr/arch/arch/arm/core/cortex_m/libarch__arm__core__cortex_m.a(reset.S.obj)
                0x0000000008001918                __start
                0x0000000008001918                z_arm_reset
 .text.z_impl_k_thread_abort
                0x000000000800194c       0x34 zephyr/arch/arch/arm/core/cortex_m/libarch__arm__core__cortex_m.a(thread_abort.c.obj)
                0x000000000800194c                z_impl_k_thread_abort
 .text.arch_swap
                0x0000000008001980       0x34 zephyr/arch/arch/arm/core/cortex_m/libarch__arm__core__cortex_m.a(swap.c.obj)
                0x0000000008001980                arch_swap
 .text.z_arm_pendsv
                0x00000000080019b4       0x68 zephyr/arch/arch/arm/core/cortex_m/libarch__arm__core__cortex_m.a(swap_helper.S.obj)
                0x00000000080019b4                z_arm_pendsv
 .text.z_arm_svc
                0x0000000008001a1c       0x20 zephyr/arch/arch/arm/core/cortex_m/libarch__arm__core__cortex_m.a(swap_helper.S.obj)
                0x0000000008001a1c                z_arm_svc
 .text.__NVIC_EnableIRQ
                0x0000000008001a3c       0x1c zephyr/arch/arch/arm/core/cortex_m/libarch__arm__core__cortex_m.a(irq_manage.c.obj)
 .text.__NVIC_SetPriority
                0x0000000008001a58       0x28 zephyr/arch/arch/arm/core/cortex_m/libarch__arm__core__cortex_m.a(irq_manage.c.obj)
 .text.z_prep_c
                0x0000000008001a80       0x48 zephyr/arch/arch/arm/core/cortex_m/libarch__arm__core__cortex_m.a(prep_c.c.obj)
                0x0000000008001a80                z_prep_c
 .text.arch_new_thread
                0x0000000008001ac8       0x44 zephyr/arch/arch/arm/core/cortex_m/libarch__arm__core__cortex_m.a(thread.c.obj)
                0x0000000008001ac8                arch_new_thread
 .text.z_check_thread_stack_fail
                0x0000000008001b0c       0x48 zephyr/arch/arch/arm/core/cortex_m/libarch__arm__core__cortex_m.a(thread.c.obj)
                0x0000000008001b0c                z_check_thread_stack_fail
 .text.arch_switch_to_main_thread
                0x0000000008001b54       0x38 zephyr/arch/arch/arm/core/cortex_m/libarch__arm__core__cortex_m.a(thread.c.obj)
                0x0000000008001b54                arch_switch_to_main_thread
 .text.z_arm_cpu_idle_init
                0x0000000008001b8c        0xc zephyr/arch/arch/arm/core/cortex_m/libarch__arm__core__cortex_m.a(cpu_idle.S.obj)
                0x0000000008001b8c                z_arm_cpu_idle_init
 .text.arch_cpu_idle
                0x0000000008001b98       0x1c zephyr/arch/arch/arm/core/cortex_m/libarch__arm__core__cortex_m.a(cpu_idle.S.obj)
                0x0000000008001b98                arch_cpu_idle
 .text.z_arm_interrupt_init
                0x0000000008001bb4       0x34 zephyr/arch/arch/arm/core/cortex_m/libarch__arm__core__cortex_m.a(irq_init.c.obj)
                0x0000000008001bb4                z_arm_interrupt_init
 .text._isr_wrapper
                0x0000000008001be8       0x28 zephyr/arch/arch/arm/core/cortex_m/libarch__arm__core__cortex_m.a(isr_wrapper.S.obj)
                0x0000000008001be8                _isr_wrapper
 .text.z_arm_configure_static_mpu_regions
                0x0000000008001c10       0x1c zephyr/arch/arch/arm/core/mpu/libarch__arm__core__mpu.a(arm_core_mpu.c.obj)
                0x0000000008001c10                z_arm_configure_static_mpu_regions
 .text.z_arm_configure_dynamic_mpu_regions
                0x0000000008001c2c       0x24 zephyr/arch/arch/arm/core/mpu/libarch__arm__core__mpu.a(arm_core_mpu.c.obj)
                0x0000000008001c2c                z_arm_configure_dynamic_mpu_regions
 .text.region_init
                0x0000000008001c50       0x28 zephyr/arch/arch/arm/core/mpu/libarch__arm__core__mpu.a(arm_mpu.c.obj)
 .text.region_allocate_and_init
                0x0000000008001c78       0x28 zephyr/arch/arch/arm/core/mpu/libarch__arm__core__mpu.a(arm_mpu.c.obj)
 .text.mpu_configure_static_mpu_regions
                0x0000000008001ca0       0x14 zephyr/arch/arch/arm/core/mpu/libarch__arm__core__mpu.a(arm_mpu.c.obj)
 .text.mpu_configure_dynamic_mpu_regions
                0x0000000008001cb4       0x3c zephyr/arch/arch/arm/core/mpu/libarch__arm__core__mpu.a(arm_mpu.c.obj)
 .text.arm_core_mpu_enable
                0x0000000008001cf0       0x18 zephyr/arch/arch/arm/core/mpu/libarch__arm__core__mpu.a(arm_mpu.c.obj)
                0x0000000008001cf0                arm_core_mpu_enable
 .text.arm_core_mpu_disable
                0x0000000008001d08       0x14 zephyr/arch/arch/arm/core/mpu/libarch__arm__core__mpu.a(arm_mpu.c.obj)
                0x0000000008001d08                arm_core_mpu_disable
 .text.z_arm_mpu_init
                0x0000000008001d1c       0x80 zephyr/arch/arch/arm/core/mpu/libarch__arm__core__mpu.a(arm_mpu.c.obj)
                0x0000000008001d1c                z_arm_mpu_init
 .text.z_impl_zephyr_fputc
                0x0000000008001d9c       0x10 zephyr/lib/libc/picolibc/liblib__libc__picolibc.a(libc-hooks.c.obj)
                0x0000000008001d9c                z_impl_zephyr_fputc
 .text.__stdout_hook_install
                0x0000000008001dac       0x18 zephyr/lib/libc/picolibc/liblib__libc__picolibc.a(libc-hooks.c.obj)
                0x0000000008001dac                __stdout_hook_install
 .text.malloc_lock
                0x0000000008001dc4       0x18 zephyr/lib/libc/common/liblib__libc__common.a(malloc.c.obj)
 .text.malloc_prepare
                0x0000000008001ddc       0x24 zephyr/lib/libc/common/liblib__libc__common.a(malloc.c.obj)
 .text.malloc   0x0000000008001e00       0x3c zephyr/lib/libc/common/liblib__libc__common.a(malloc.c.obj)
                0x0000000008001e00                malloc
 .text.calloc   0x0000000008001e3c       0x38 zephyr/lib/libc/common/liblib__libc__common.a(malloc.c.obj)
                0x0000000008001e3c                calloc
 .text.stm32_exti_isr
                0x0000000008001e74       0x4c zephyr/drivers/interrupt_controller/libdrivers__interrupt_controller.a(intc_exti_stm32.c.obj)
 .text.stm32_fill_irq_table
                0x0000000008001ec0       0x24 zephyr/drivers/interrupt_controller/libdrivers__interrupt_controller.a(intc_exti_stm32.c.obj)
 .text.stm32_exti_enable
                0x0000000008001ee4       0x24 zephyr/drivers/interrupt_controller/libdrivers__interrupt_controller.a(intc_exti_stm32.c.obj)
                0x0000000008001ee4                stm32_exti_enable
 .text.stm32_exti_disable
                0x0000000008001f08       0x18 zephyr/drivers/interrupt_controller/libdrivers__interrupt_controller.a(intc_exti_stm32.c.obj)
                0x0000000008001f08                stm32_exti_disable
 .text.stm32_exti_trigger
                0x0000000008001f20       0x68 zephyr/drivers/interrupt_controller/libdrivers__interrupt_controller.a(intc_exti_stm32.c.obj)
                0x0000000008001f20                stm32_exti_trigger
 .text.stm32_exti_set_callback
                0x0000000008001f88       0x3c zephyr/drivers/interrupt_controller/libdrivers__interrupt_controller.a(intc_exti_stm32.c.obj)
                0x0000000008001f88                stm32_exti_set_callback
 .text.stm32_exti_unset_callback
                0x0000000008001fc4       0x14 zephyr/drivers/interrupt_controller/libdrivers__interrupt_controller.a(intc_exti_stm32.c.obj)
                0x0000000008001fc4                stm32_exti_unset_callback
 .text.update_sampling_pnt
                0x0000000008001fd8      0x100 zephyr/drivers/can/libdrivers__can.a(can_common.c.obj)
 .text.z_impl_can_send
                0x00000000080020d8       0x6c zephyr/drivers/can/libdrivers__can.a(can_common.c.obj)
                0x00000000080020d8                z_impl_can_send
 .text.z_impl_can_calc_timing
                0x0000000008002144       0x48 zephyr/drivers/can/libdrivers__can.a(can_common.c.obj)
                0x0000000008002144                z_impl_can_calc_timing
 .text.z_impl_can_calc_timing_data
                0x000000000800218c       0x48 zephyr/drivers/can/libdrivers__can.a(can_common.c.obj)
                0x000000000800218c                z_impl_can_calc_timing_data
 .text.can_mcan_get_message
                0x00000000080021d4      0x180 zephyr/drivers/can/libdrivers__can.a(can_mcan.c.obj)
 .text.can_mcan_exit_sleep_mode
                0x0000000008002354       0xa4 zephyr/drivers/can/libdrivers__can.a(can_mcan.c.obj)
 .text.can_mcan_set_timing
                0x00000000080023f8       0x64 zephyr/drivers/can/libdrivers__can.a(can_mcan.c.obj)
                0x00000000080023f8                can_mcan_set_timing
 .text.can_mcan_line_0_isr
                0x000000000800245c       0x70 zephyr/drivers/can/libdrivers__can.a(can_mcan.c.obj)
                0x000000000800245c                can_mcan_line_0_isr
 .text.can_mcan_send
                0x00000000080024cc      0x214 zephyr/drivers/can/libdrivers__can.a(can_mcan.c.obj)
                0x00000000080024cc                can_mcan_send
 .text.can_mcan_init
                0x00000000080026e0      0x270 zephyr/drivers/can/libdrivers__can.a(can_mcan.c.obj)
                0x00000000080026e0                can_mcan_init
 .text.can_stm32fd_remap_reg
                0x0000000008002950       0xd0 zephyr/drivers/can/libdrivers__can.a(can_stm32_fdcan.c.obj)
 .text.can_stm32fd_get_core_clock
                0x0000000008002a20       0x38 zephyr/drivers/can/libdrivers__can.a(can_stm32_fdcan.c.obj)
 .text.can_stm32fd_clock_enable
                0x0000000008002a58       0x48 zephyr/drivers/can/libdrivers__can.a(can_stm32_fdcan.c.obj)
 .text.stm32_clock_switch_to_hsi
                0x0000000008002aa0       0x48 zephyr/drivers/clock_control/libdrivers__clock_control.a(clock_stm32_ll_common.c.obj)
 .text.set_up_fixed_clock_sources
                0x0000000008002ae8       0x74 zephyr/drivers/clock_control/libdrivers__clock_control.a(clock_stm32_ll_common.c.obj)
 .text.set_up_plls
                0x0000000008002b5c       0x78 zephyr/drivers/clock_control/libdrivers__clock_control.a(clock_stm32_ll_common.c.obj)
 .text.stm32_clock_control_init
                0x0000000008002bd4       0x94 zephyr/drivers/clock_control/libdrivers__clock_control.a(clock_stm32_ll_common.c.obj)
                0x0000000008002bd4                stm32_clock_control_init
 .text.stm32_clock_control_get_subsys_rate
                0x0000000008002c68      0x124 zephyr/drivers/clock_control/libdrivers__clock_control.a(clock_stm32_ll_common.c.obj)
 .text.get_pllsrc_frequency
                0x0000000008002d8c        0x8 zephyr/drivers/clock_control/libdrivers__clock_control.a(clock_stm32g4.c.obj)
                0x0000000008002d8c                get_pllsrc_frequency
 .text.config_pll_sysclock
                0x0000000008002d94       0x40 zephyr/drivers/clock_control/libdrivers__clock_control.a(clock_stm32g4.c.obj)
                0x0000000008002d94                config_pll_sysclock
 .text.config_enable_default_clocks
                0x0000000008002dd4       0x20 zephyr/drivers/clock_control/libdrivers__clock_control.a(clock_stm32g4.c.obj)
                0x0000000008002dd4                config_enable_default_clocks
 .text.console_out
                0x0000000008002df4       0x28 zephyr/drivers/console/libdrivers__console.a(uart_console.c.obj)
 .text.uart_console_hook_install
                0x0000000008002e1c       0x18 zephyr/drivers/console/libdrivers__console.a(uart_console.c.obj)
 .text.uart_console_init
                0x0000000008002e34       0x1c zephyr/drivers/console/libdrivers__console.a(uart_console.c.obj)
 .text.gpio_stm32_clock_request
                0x0000000008002e50       0x28 zephyr/drivers/gpio/libdrivers__gpio.a(gpio_stm32.c.obj)
 .text.LL_SYSCFG_SetEXTISource
                0x0000000008002e78       0x3c zephyr/drivers/gpio/libdrivers__gpio.a(gpio_stm32.c.obj)
 .text.gpio_stm32_enable_int
                0x0000000008002eb4       0x3c zephyr/drivers/gpio/libdrivers__gpio.a(gpio_stm32.c.obj)
 .text.LL_SYSCFG_GetEXTISource
                0x0000000008002ef0       0x2c zephyr/drivers/gpio/libdrivers__gpio.a(gpio_stm32.c.obj)
 .text.gpio_stm32_pin_interrupt_configure
                0x0000000008002f1c       0x94 zephyr/drivers/gpio/libdrivers__gpio.a(gpio_stm32.c.obj)
 .text.gpio_stm32_init
                0x0000000008002fb0       0x2c zephyr/drivers/gpio/libdrivers__gpio.a(gpio_stm32.c.obj)
 .text.i2c_map_dt_bitrate
                0x0000000008002fdc       0x54 zephyr/drivers/i2c/libdrivers__i2c.a(i2c_ll_stm32_v2.c.obj)
 .text.stm32_i2c_configure_timing
                0x0000000008003030      0x104 zephyr/drivers/i2c/libdrivers__i2c.a(i2c_ll_stm32_v2.c.obj)
                0x0000000008003030                stm32_i2c_configure_timing
 .text.i2c_map_dt_bitrate
                0x0000000008003134       0x54 zephyr/drivers/i2c/libdrivers__i2c.a(i2c_ll_stm32.c.obj)
 .text.i2c_stm32_activate
                0x0000000008003188       0x28 zephyr/drivers/i2c/libdrivers__i2c.a(i2c_ll_stm32.c.obj)
 .text.i2c_stm32_runtime_configure
                0x00000000080031b0       0x7c zephyr/drivers/i2c/libdrivers__i2c.a(i2c_ll_stm32.c.obj)
                0x00000000080031b0                i2c_stm32_runtime_configure
 .text.i2c_stm32_init
                0x000000000800322c       0x68 zephyr/drivers/i2c/libdrivers__i2c.a(i2c_ll_stm32.c.obj)
 .text.ws2812_strip_update_rgb
                0x0000000008003294      0x100 zephyr/drivers/led_strip/libdrivers__led_strip.a(ws2812_spi.c.obj)
 .text.stm32_pin_configure
                0x0000000008003394       0x40 zephyr/drivers/pinctrl/libdrivers__pinctrl.a(pinctrl_stm32.c.obj)
 .text.bme680_calc_humidity
                0x00000000080033d4       0xd0 zephyr/drivers/sensor/bme680/libdrivers__sensor__bme680.a(bme680.c.obj)
 .text.bme680_calc_gas_resistance
                0x00000000080034a4       0x88 zephyr/drivers/sensor/bme680/libdrivers__sensor__bme680.a(bme680.c.obj)
 .text.bme680_calc_res_heat
                0x000000000800352c       0xac zephyr/drivers/sensor/bme680/libdrivers__sensor__bme680.a(bme680.c.obj)
 .text.bme680_channel_get
                0x00000000080035d8       0xb8 zephyr/drivers/sensor/bme680/libdrivers__sensor__bme680.a(bme680.c.obj)
 .text.opt3001_channel_get
                0x0000000008003690       0x3c zephyr/drivers/sensor/opt3001/libdrivers__sensor__opt3001.a(opt3001.c.obj)
 .text.uart_stm32_configure
                0x00000000080036cc      0x168 zephyr/drivers/serial/libdrivers__serial.a(uart_stm32.c.obj)
 .text.uart_stm32_poll_in
                0x0000000008003834       0x10 zephyr/drivers/serial/libdrivers__serial.a(uart_stm32.c.obj)
 .text.uart_stm32_poll_out
                0x0000000008003844       0x1c zephyr/drivers/serial/libdrivers__serial.a(uart_stm32.c.obj)
 .text.uart_stm32_clocks_enable
                0x0000000008003860       0x28 zephyr/drivers/serial/libdrivers__serial.a(uart_stm32.c.obj)
 .text.uart_stm32_registers_configure
                0x0000000008003888      0x12c zephyr/drivers/serial/libdrivers__serial.a(uart_stm32.c.obj)
 .text.spi_stm32_configure
                0x00000000080039b4      0x1ac zephyr/drivers/spi/libdrivers__spi.a(spi_ll_stm32.c.obj)
 .text.spi_stm32_init
                0x0000000008003b60       0x48 zephyr/drivers/spi/libdrivers__spi.a(spi_ll_stm32.c.obj)
 .text.elapsed  0x0000000008003ba8       0x48 zephyr/drivers/timer/libdrivers__timer.a(cortex_m_systick.c.obj)
 .text.sys_clock_driver_init
                0x0000000008003bf0       0x38 zephyr/drivers/timer/libdrivers__timer.a(cortex_m_systick.c.obj)
 .text.sys_clock_isr
                0x0000000008003c28       0x5c zephyr/drivers/timer/libdrivers__timer.a(cortex_m_systick.c.obj)
                0x0000000008003c28                sys_clock_isr
 .text.sys_clock_set_timeout
                0x0000000008003c84      0x124 zephyr/drivers/timer/libdrivers__timer.a(cortex_m_systick.c.obj)
                0x0000000008003c84                sys_clock_set_timeout
 .text.sys_clock_elapsed
                0x0000000008003da8       0x40 zephyr/drivers/timer/libdrivers__timer.a(cortex_m_systick.c.obj)
                0x0000000008003da8                sys_clock_elapsed
 .text.sys_clock_cycle_get_32
                0x0000000008003de8       0x2c zephyr/drivers/timer/libdrivers__timer.a(cortex_m_systick.c.obj)
                0x0000000008003de8                sys_clock_cycle_get_32
 .text.HAL_RCC_GetSysClockFreq
                0x0000000008003e14       0x84 modules/stm32/stm32cube/lib..__modules__hal__stm32__stm32cube.a(stm32g4xx_hal_rcc.c.obj)
                0x0000000008003e14                HAL_RCC_GetSysClockFreq
 .text.RCC_GetHCLKClockFreq
                0x0000000008003e98       0x1c modules/stm32/stm32cube/lib..__modules__hal__stm32__stm32cube.a(stm32g4xx_ll_rcc.c.obj)
 .text.RCC_GetPCLK1ClockFreq
                0x0000000008003eb4       0x1c modules/stm32/stm32cube/lib..__modules__hal__stm32__stm32cube.a(stm32g4xx_ll_rcc.c.obj)
 .text.RCC_PLL_GetFreqDomain_SYS
                0x0000000008003ed0       0x34 modules/stm32/stm32cube/lib..__modules__hal__stm32__stm32cube.a(stm32g4xx_ll_rcc.c.obj)
 .text.RCC_GetSystemClockFreq
                0x0000000008003f04       0x20 modules/stm32/stm32cube/lib..__modules__hal__stm32__stm32cube.a(stm32g4xx_ll_rcc.c.obj)
 .text.RCC_PLL_GetFreqDomain_48M
                0x0000000008003f24       0x34 modules/stm32/stm32cube/lib..__modules__hal__stm32__stm32cube.a(stm32g4xx_ll_rcc.c.obj)
 .text.LL_RCC_GetFDCANClockFreq
                0x0000000008003f58       0x5c modules/stm32/stm32cube/lib..__modules__hal__stm32__stm32cube.a(stm32g4xx_ll_rcc.c.obj)
                0x0000000008003f58                LL_RCC_GetFDCANClockFreq
 .text.LL_SetFlashLatency
                0x0000000008003fb4       0xe4 modules/stm32/stm32cube/lib..__modules__hal__stm32__stm32cube.a(stm32g4xx_ll_utils.c.obj)
                0x0000000008003fb4                LL_SetFlashLatency
 .text.z_device_state_init
                0x0000000008004098       0x18 zephyr/kernel/libkernel.a(device.c.obj)
                0x0000000008004098                z_device_state_init
 .text.z_fatal_error
                0x00000000080040b0       0x30 zephyr/kernel/libkernel.a(fatal.c.obj)
                0x00000000080040b0                z_fatal_error
 .text.z_sys_init_run_level
                0x00000000080040e0       0x58 zephyr/kernel/libkernel.a(init.c.obj)
 .text.init_idle_thread
                0x0000000008004138       0x60 zephyr/kernel/libkernel.a(init.c.obj)
 .text.bg_thread_main
                0x0000000008004198       0x34 zephyr/kernel/libkernel.a(init.c.obj)
 .text.switch_to_main_thread
                0x00000000080041cc       0x14 zephyr/kernel/libkernel.a(init.c.obj)
 .text.z_bss_zero
                0x00000000080041e0       0x18 zephyr/kernel/libkernel.a(init.c.obj)
                0x00000000080041e0                z_bss_zero
 .text.z_init_cpu
                0x00000000080041f8       0x60 zephyr/kernel/libkernel.a(init.c.obj)
                0x00000000080041f8                z_init_cpu
 .text.prepare_multithreading
                0x0000000008004258       0x60 zephyr/kernel/libkernel.a(init.c.obj)
 .text.z_cstart
                0x00000000080042b8       0x88 zephyr/kernel/libkernel.a(init.c.obj)
                0x00000000080042b8                z_cstart
 .text.z_thread_monitor_exit
                0x0000000008004340       0x40 zephyr/kernel/libkernel.a(thread.c.obj)
                0x0000000008004340                z_thread_monitor_exit
 .text.z_impl_k_thread_name_set
                0x0000000008004380       0x24 zephyr/kernel/libkernel.a(thread.c.obj)
                0x0000000008004380                z_impl_k_thread_name_set
 .text.schedule_new_thread
                0x00000000080043a4       0x1c zephyr/kernel/libkernel.a(thread.c.obj)
 .text.z_setup_new_thread
                0x00000000080043c0       0xc8 zephyr/kernel/libkernel.a(thread.c.obj)
                0x00000000080043c0                z_setup_new_thread
 .text.z_init_static_threads
                0x0000000008004488       0x70 zephyr/kernel/libkernel.a(thread.c.obj)
                0x0000000008004488                z_init_static_threads
 .text.sliceable
                0x00000000080044f8       0x4c zephyr/kernel/libkernel.a(sched.c.obj)
 .text.slice_timeout
                0x0000000008004544       0x20 zephyr/kernel/libkernel.a(sched.c.obj)
 .text.add_thread_timeout
                0x0000000008004564       0x20 zephyr/kernel/libkernel.a(sched.c.obj)
 .text.z_reset_time_slice
                0x0000000008004584       0x50 zephyr/kernel/libkernel.a(sched.c.obj)
                0x0000000008004584                z_reset_time_slice
 .text.z_reschedule
                0x00000000080045d4       0x2c zephyr/kernel/libkernel.a(sched.c.obj)
                0x00000000080045d4                z_reschedule
 .text.z_reschedule_irqlock
                0x0000000008004600       0x2c zephyr/kernel/libkernel.a(sched.c.obj)
                0x0000000008004600                z_reschedule_irqlock
 .text.k_sched_lock
                0x000000000800462c       0x34 zephyr/kernel/libkernel.a(sched.c.obj)
                0x000000000800462c                k_sched_lock
 .text.update_cache
                0x0000000008004660       0x50 zephyr/kernel/libkernel.a(sched.c.obj)
 .text.move_thread_to_end_of_prio_q
                0x00000000080046b0       0x8c zephyr/kernel/libkernel.a(sched.c.obj)
 .text.z_time_slice
                0x000000000800473c       0x74 zephyr/kernel/libkernel.a(sched.c.obj)
                0x000000000800473c                z_time_slice
 .text.ready_thread
                0x00000000080047b0       0x78 zephyr/kernel/libkernel.a(sched.c.obj)
 .text.z_sched_start
                0x0000000008004828       0x3c zephyr/kernel/libkernel.a(sched.c.obj)
                0x0000000008004828                z_sched_start
 .text.unready_thread
                0x0000000008004864       0x38 zephyr/kernel/libkernel.a(sched.c.obj)
 .text.z_pend_curr
                0x000000000800489c       0x38 zephyr/kernel/libkernel.a(sched.c.obj)
                0x000000000800489c                z_pend_curr
 .text.z_set_prio
                0x00000000080048d4       0xbc zephyr/kernel/libkernel.a(sched.c.obj)
                0x00000000080048d4                z_set_prio
 .text.k_sched_unlock
                0x0000000008004990       0x40 zephyr/kernel/libkernel.a(sched.c.obj)
                0x0000000008004990                k_sched_unlock
 .text.halt_thread
                0x00000000080049d0       0x64 zephyr/kernel/libkernel.a(sched.c.obj)
 .text.z_thread_halt
                0x0000000008004a34       0x3c zephyr/kernel/libkernel.a(sched.c.obj)
 .text.z_sched_init
                0x0000000008004a70       0x10 zephyr/kernel/libkernel.a(sched.c.obj)
                0x0000000008004a70                z_sched_init
 .text.z_impl_k_yield
                0x0000000008004a80       0x8c zephyr/kernel/libkernel.a(sched.c.obj)
                0x0000000008004a80                z_impl_k_yield
 .text.z_tick_sleep
                0x0000000008004b0c       0x98 zephyr/kernel/libkernel.a(sched.c.obj)
 .text.z_impl_k_usleep
                0x0000000008004ba4       0x6c zephyr/kernel/libkernel.a(sched.c.obj)
                0x0000000008004ba4                z_impl_k_usleep
 .text.z_impl_k_sched_current_thread_query
                0x0000000008004c10        0xc zephyr/kernel/libkernel.a(sched.c.obj)
                0x0000000008004c10                z_impl_k_sched_current_thread_query
 .text.z_sched_wait
                0x0000000008004c1c       0x28 zephyr/kernel/libkernel.a(sched.c.obj)
                0x0000000008004c1c                z_sched_wait
 .text.z_impl_k_mutex_lock
                0x0000000008004c44      0x108 zephyr/kernel/libkernel.a(mutex.c.obj)
                0x0000000008004c44                z_impl_k_mutex_lock
 .text.z_impl_k_mutex_unlock
                0x0000000008004d4c       0x7c zephyr/kernel/libkernel.a(mutex.c.obj)
                0x0000000008004d4c                z_impl_k_mutex_unlock
 .text.z_impl_k_sem_give
                0x0000000008004dc8       0x50 zephyr/kernel/libkernel.a(sem.c.obj)
                0x0000000008004dc8                z_impl_k_sem_give
 .text.z_impl_k_sem_take
                0x0000000008004e18       0x50 zephyr/kernel/libkernel.a(sem.c.obj)
                0x0000000008004e18                z_impl_k_sem_take
 .text.queue_submit_locked
                0x0000000008004e68       0x7c zephyr/kernel/libkernel.a(work.c.obj)
 .text.finalize_cancel_locked
                0x0000000008004ee4       0x60 zephyr/kernel/libkernel.a(work.c.obj)
 .text.work_queue_main
                0x0000000008004f44      0x100 zephyr/kernel/libkernel.a(work.c.obj)
 .text.k_work_submit
                0x0000000008005044       0x10 zephyr/kernel/libkernel.a(work.c.obj)
                0x0000000008005044                k_work_submit
 .text.k_work_queue_start
                0x0000000008005054       0x7c zephyr/kernel/libkernel.a(work.c.obj)
                0x0000000008005054                k_work_queue_start
 .text.z_data_copy
                0x00000000080050d0       0x34 zephyr/kernel/libkernel.a(xip.c.obj)
                0x00000000080050d0                z_data_copy
 .text.first    0x0000000008005104       0x14 zephyr/kernel/libkernel.a(timeout.c.obj)
 .text.next     0x0000000008005118       0x18 zephyr/kernel/libkernel.a(timeout.c.obj)
 .text.elapsed  0x0000000008005130       0x18 zephyr/kernel/libkernel.a(timeout.c.obj)
 .text.z_add_timeout
                0x0000000008005148      0x100 zephyr/kernel/libkernel.a(timeout.c.obj)
                0x0000000008005148                z_add_timeout
 .text.sys_clock_announce
                0x0000000008005248       0xc8 zephyr/kernel/libkernel.a(timeout.c.obj)
                0x0000000008005248                sys_clock_announce
 .text.sys_clock_tick_get
                0x0000000008005310       0x40 zephyr/kernel/libkernel.a(timeout.c.obj)
                0x0000000008005310                sys_clock_tick_get
 .text.z_timer_expiration_handler
                0x0000000008005350      0x100 zephyr/kernel/libkernel.a(timer.c.obj)
                0x0000000008005350                z_timer_expiration_handler
 .text.z_impl_k_timer_start
                0x0000000008005450       0x84 zephyr/kernel/libkernel.a(timer.c.obj)
                0x0000000008005450                z_impl_k_timer_start
 .text.boot_banner
                0x00000000080054d4       0x10 zephyr/kernel/libkernel.a(banner.c.obj)
                0x00000000080054d4                boot_banner
 .text.statics_init
                0x00000000080054e4       0x24 zephyr/kernel/libkernel.a(kheap.c.obj)
 .text.k_sys_work_q_init
                0x0000000008005508       0x34 zephyr/kernel/libkernel.a(system_work_q.c.obj)
 .text.printf   0x000000000800553c       0x24 c:\users\joshe\.zephyr_ide\toolchains\zephyr-sdk-0.16.6\arm-zephyr-eabi\bin\../lib/gcc/../../picolibc/arm-zephyr-eabi/lib/thumb/v7e-m/nofp\libc.a(libc_tinystdio_printf.c.o)
                0x000000000800553c                printf
 .text.puts     0x0000000008005560       0x40 c:\users\joshe\.zephyr_ide\toolchains\zephyr-sdk-0.16.6\arm-zephyr-eabi\bin\../lib/gcc/../../picolibc/arm-zephyr-eabi/lib/thumb/v7e-m/nofp\libc.a(libc_tinystdio_puts.c.o)
                0x0000000008005560                puts
 .text.skip_to_arg
                0x00000000080055a0      0x138 c:\users\joshe\.zephyr_ide\toolchains\zephyr-sdk-0.16.6\arm-zephyr-eabi\bin\../lib/gcc/../../picolibc/arm-zephyr-eabi/lib/thumb/v7e-m/nofp\libc.a(libc_tinystdio_vfprintf.c.o)
 .text.vfprintf
                0x00000000080056d8      0x9f8 c:\users\joshe\.zephyr_ide\toolchains\zephyr-sdk-0.16.6\arm-zephyr-eabi\bin\../lib/gcc/../../picolibc/arm-zephyr-eabi/lib/thumb/v7e-m/nofp\libc.a(libc_tinystdio_vfprintf.c.o)
                0x00000000080056d8                __d_vfprintf
 .text.div10    0x00000000080060d0       0x28 c:\users\joshe\.zephyr_ide\toolchains\zephyr-sdk-0.16.6\arm-zephyr-eabi\bin\../lib/gcc/../../picolibc/arm-zephyr-eabi/lib/thumb/v7e-m/nofp\libc.a(libc_tinystdio_dtoa_ryu.c.o)
 .text.__dtoa_engine
                0x00000000080060f8      0x49c c:\users\joshe\.zephyr_ide\toolchains\zephyr-sdk-0.16.6\arm-zephyr-eabi\bin\../lib/gcc/../../picolibc/arm-zephyr-eabi/lib/thumb/v7e-m/nofp\libc.a(libc_tinystdio_dtoa_ryu.c.o)
                0x00000000080060f8                __dtoa_engine
 .text.__log10Pow2
                0x0000000008006594        0xc c:\users\joshe\.zephyr_ide\toolchains\zephyr-sdk-0.16.6\arm-zephyr-eabi\bin\../lib/gcc/../../picolibc/arm-zephyr-eabi/lib/thumb/v7e-m/nofp\libc.a(libc_tinystdio_ryu_log10.c.o)
                0x0000000008006594                __log10Pow2
 .text.__log10Pow5
                0x00000000080065a0        0xc c:\users\joshe\.zephyr_ide\toolchains\zephyr-sdk-0.16.6\arm-zephyr-eabi\bin\../lib/gcc/../../picolibc/arm-zephyr-eabi/lib/thumb/v7e-m/nofp\libc.a(libc_tinystdio_ryu_log10.c.o)
                0x00000000080065a0                __log10Pow5
 .text.__pow5bits
                0x00000000080065ac       0x10 c:\users\joshe\.zephyr_ide\toolchains\zephyr-sdk-0.16.6\arm-zephyr-eabi\bin\../lib/gcc/../../picolibc/arm-zephyr-eabi/lib/thumb/v7e-m/nofp\libc.a(libc_tinystdio_ryu_pow5bits.c.o)
                0x00000000080065ac                __pow5bits
 .text.__pow5Factor
                0x00000000080065bc       0x30 c:\users\joshe\.zephyr_ide\toolchains\zephyr-sdk-0.16.6\arm-zephyr-eabi\bin\../lib/gcc/../../picolibc/arm-zephyr-eabi/lib/thumb/v7e-m/nofp\libc.a(libc_tinystdio_ryu_table.c.o)
                0x00000000080065bc                __pow5Factor
 .text.__double_computePow5
                0x00000000080065ec       0xe8 c:\users\joshe\.zephyr_ide\toolchains\zephyr-sdk-0.16.6\arm-zephyr-eabi\bin\../lib/gcc/../../picolibc/arm-zephyr-eabi/lib/thumb/v7e-m/nofp\libc.a(libc_tinystdio_ryu_table.c.o)
                0x00000000080065ec                __double_computePow5
 .text.__double_computeInvPow5
                0x00000000080066d4       0xf8 c:\users\joshe\.zephyr_ide\toolchains\zephyr-sdk-0.16.6\arm-zephyr-eabi\bin\../lib/gcc/../../picolibc/arm-zephyr-eabi/lib/thumb/v7e-m/nofp\libc.a(libc_tinystdio_ryu_table.c.o)
                0x00000000080066d4                __double_computeInvPow5
 .text._OffsetAbsSyms
                0x00000000080067cc        0x2 zephyr/CMakeFiles/offsets.dir/./arch/arm/core/offsets/offsets.c.obj
                0x00000000080067cc                _OffsetAbsSyms
 .text.sensor_sample_fetch
                0x00000000080067ce        0xc app/libapp.a(main.c.obj)
 .text.z_impl_gpio_pin_configure
                0x00000000080067da       0x50 app/libapp.a(main.c.obj)
 .text.gpio_pin_configure_dt
                0x000000000800682a       0x16 app/libapp.a(main.c.obj)
 .text.gpio_port_get
                0x0000000008006840       0x18 app/libapp.a(main.c.obj)
 .text.gpio_pin_get
                0x0000000008006858       0x20 app/libapp.a(main.c.obj)
 .text.chunk_mem
                0x0000000008006878        0x8 zephyr/libzephyr.a(heap.c.obj)
 .text.free_list_remove_bidx
                0x0000000008006880       0x3e zephyr/libzephyr.a(heap.c.obj)
 .text.free_list_add_bidx
                0x00000000080068be       0x4e zephyr/libzephyr.a(heap.c.obj)
 .text.split_chunks
                0x000000000800690c       0x3a zephyr/libzephyr.a(heap.c.obj)
 .text.mem_to_chunkid
                0x0000000008006946        0x8 zephyr/libzephyr.a(heap.c.obj)
 .text.free_list_add
                0x000000000800694e       0x18 zephyr/libzephyr.a(heap.c.obj)
 .text.alloc_chunk
                0x0000000008006966       0x76 zephyr/libzephyr.a(heap.c.obj)
 .text.sys_heap_alloc
                0x00000000080069dc       0x64 zephyr/libzephyr.a(heap.c.obj)
                0x00000000080069dc                sys_heap_alloc
 .text.sys_heap_aligned_alloc
                0x0000000008006a40       0xee zephyr/libzephyr.a(heap.c.obj)
                0x0000000008006a40                sys_heap_aligned_alloc
 .text.sys_heap_init
                0x0000000008006b2e       0x84 zephyr/libzephyr.a(heap.c.obj)
                0x0000000008006b2e                sys_heap_init
 .text.arch_printk_char_out
                0x0000000008006bb2        0x4 zephyr/libzephyr.a(printk.c.obj)
                0x0000000008006bb2                arch_printk_char_out
 .text.printk   0x0000000008006bb6       0x1c zephyr/libzephyr.a(printk.c.obj)
                0x0000000008006bb6                printk
 .text._ConfigAbsSyms
                0x0000000008006bd2        0x2 zephyr/libzephyr.a(configs.c.obj)
                0x0000000008006bd2                _ConfigAbsSyms
 .text.z_arm_fatal_error
                0x0000000008006bd4        0x8 zephyr/arch/arch/arm/core/libarch__arm__core.a(fatal.c.obj)
                0x0000000008006bd4                z_arm_fatal_error
 .text.z_do_kernel_oops
                0x0000000008006bdc        0xc zephyr/arch/arch/arm/core/libarch__arm__core.a(fatal.c.obj)
                0x0000000008006bdc                z_do_kernel_oops
 .text.memory_fault_recoverable
                0x0000000008006be8        0x4 zephyr/arch/arch/arm/core/cortex_m/libarch__arm__core__cortex_m.a(fault.c.obj)
 .text.debug_monitor
                0x0000000008006bec        0x6 zephyr/arch/arch/arm/core/cortex_m/libarch__arm__core__cortex_m.a(fault.c.obj)
 .text.fault_handle
                0x0000000008006bf2       0x46 zephyr/arch/arch/arm/core/cortex_m/libarch__arm__core__cortex_m.a(fault.c.obj)
 .text.arch_irq_enable
                0x0000000008006c38        0xa zephyr/arch/arch/arm/core/cortex_m/libarch__arm__core__cortex_m.a(irq_manage.c.obj)
                0x0000000008006c38                arch_irq_enable
 .text.z_arm_irq_priority_set
                0x0000000008006c42        0xc zephyr/arch/arch/arm/core/cortex_m/libarch__arm__core__cortex_m.a(irq_manage.c.obj)
                0x0000000008006c42                z_arm_irq_priority_set
 .text.z_irq_spurious
                0x0000000008006c4e        0xc zephyr/arch/arch/arm/core/cortex_m/libarch__arm__core__cortex_m.a(irq_manage.c.obj)
                0x0000000008006c4e                z_irq_spurious
 .text.mpu_partition_is_valid
                0x0000000008006c5a       0x22 zephyr/arch/arch/arm/core/mpu/libarch__arm__core__mpu.a(arm_mpu.c.obj)
 .text.mpu_configure_region
                0x0000000008006c7c       0x3e zephyr/arch/arch/arm/core/mpu/libarch__arm__core__mpu.a(arm_mpu.c.obj)
 .text.mpu_configure_regions
                0x0000000008006cba       0x50 zephyr/arch/arch/arm/core/mpu/libarch__arm__core__mpu.a(arm_mpu.c.obj)
 .text.mpu_configure_regions_from_dt
                0x0000000008006d0a      0x1b2 zephyr/arch/arch/arm/core/mpu/libarch__arm__core__mpu.a(arm_mpu.c.obj)
 .text.arm_core_mpu_configure_static_mpu_regions
                0x0000000008006ebc        0x8 zephyr/arch/arch/arm/core/mpu/libarch__arm__core__mpu.a(arm_mpu.c.obj)
                0x0000000008006ebc                arm_core_mpu_configure_static_mpu_regions
 .text.arm_core_mpu_configure_dynamic_mpu_regions
                0x0000000008006ec4        0x8 zephyr/arch/arch/arm/core/mpu/libarch__arm__core__mpu.a(arm_mpu.c.obj)
                0x0000000008006ec4                arm_core_mpu_configure_dynamic_mpu_regions
 .text.picolibc_put
                0x0000000008006ecc        0xa zephyr/lib/libc/picolibc/liblib__libc__picolibc.a(libc-hooks.c.obj)
 .text.sys_mutex_lock
                0x0000000008006ed6        0x8 zephyr/lib/libc/common/liblib__libc__common.a(malloc.c.obj)
 .text.stm32_exti_init
                0x0000000008006ede       0x92 zephyr/drivers/interrupt_controller/libdrivers__interrupt_controller.a(intc_exti_stm32.c.obj)
 .text.can_calc_timing_int
                0x0000000008006f70       0xdc zephyr/drivers/can/libdrivers__can.a(can_common.c.obj)
 .text.check_timing_in_range
                0x000000000800704c       0xae zephyr/drivers/can/libdrivers__can.a(can_common.c.obj)
 .text.can_tx_default_cb
                0x00000000080070fa        0xc zephyr/drivers/can/libdrivers__can.a(can_common.c.obj)
 .text.can_calc_prescaler
                0x0000000008007106       0x3c zephyr/drivers/can/libdrivers__can.a(can_common.c.obj)
                0x0000000008007106                can_calc_prescaler
 .text.z_impl_can_set_timing
                0x0000000008007142       0x22 zephyr/drivers/can/libdrivers__can.a(can_common.c.obj)
                0x0000000008007142                z_impl_can_set_timing
 .text.z_impl_can_set_timing_data
                0x0000000008007164       0x2a zephyr/drivers/can/libdrivers__can.a(can_common.c.obj)
                0x0000000008007164                z_impl_can_set_timing_data
 .text.can_mcan_add_rx_filter_ext
                0x000000000800718e       0xcc zephyr/drivers/can/libdrivers__can.a(can_mcan.c.obj)
 .text.can_mcan_read_reg
                0x000000000800725a        0xc zephyr/drivers/can/libdrivers__can.a(can_mcan.c.obj)
                0x000000000800725a                can_mcan_read_reg
 .text.can_mcan_read_psr
                0x0000000008007266        0xc zephyr/drivers/can/libdrivers__can.a(can_mcan.c.obj)
 .text.can_mcan_write_reg
                0x0000000008007272        0xc zephyr/drivers/can/libdrivers__can.a(can_mcan.c.obj)
                0x0000000008007272                can_mcan_write_reg
 .text.can_mcan_leave_init_mode
                0x000000000800727e       0x9c zephyr/drivers/can/libdrivers__can.a(can_mcan.c.obj)
 .text.can_mcan_enter_init_mode
                0x000000000800731a       0xb2 zephyr/drivers/can/libdrivers__can.a(can_mcan.c.obj)
 .text.can_mcan_tx_event_handler
                0x00000000080073cc       0x8c zephyr/drivers/can/libdrivers__can.a(can_mcan.c.obj)
 .text.can_mcan_set_timing_data
                0x0000000008007458       0x62 zephyr/drivers/can/libdrivers__can.a(can_mcan.c.obj)
                0x0000000008007458                can_mcan_set_timing_data
 .text.can_mcan_get_capabilities
                0x00000000080074ba        0xc zephyr/drivers/can/libdrivers__can.a(can_mcan.c.obj)
                0x00000000080074ba                can_mcan_get_capabilities
 .text.can_mcan_start
                0x00000000080074c6       0x4a zephyr/drivers/can/libdrivers__can.a(can_mcan.c.obj)
                0x00000000080074c6                can_mcan_start
 .text.can_mcan_set_mode
                0x0000000008007510       0xd4 zephyr/drivers/can/libdrivers__can.a(can_mcan.c.obj)
                0x0000000008007510                can_mcan_set_mode
 .text.can_mcan_line_1_isr
                0x00000000080075e4       0x64 zephyr/drivers/can/libdrivers__can.a(can_mcan.c.obj)
                0x00000000080075e4                can_mcan_line_1_isr
 .text.can_mcan_get_state
                0x0000000008007648       0x6a zephyr/drivers/can/libdrivers__can.a(can_mcan.c.obj)
                0x0000000008007648                can_mcan_get_state
 .text.can_mcan_state_change_handler
                0x00000000080076b2       0xa2 zephyr/drivers/can/libdrivers__can.a(can_mcan.c.obj)
 .text.can_mcan_get_max_filters
                0x0000000008007754        0xe zephyr/drivers/can/libdrivers__can.a(can_mcan.c.obj)
                0x0000000008007754                can_mcan_get_max_filters
 .text.can_mcan_add_rx_filter_std
                0x0000000008007762       0xd4 zephyr/drivers/can/libdrivers__can.a(can_mcan.c.obj)
                0x0000000008007762                can_mcan_add_rx_filter_std
 .text.can_mcan_add_rx_filter
                0x0000000008007836       0x3a zephyr/drivers/can/libdrivers__can.a(can_mcan.c.obj)
                0x0000000008007836                can_mcan_add_rx_filter
 .text.can_mcan_remove_rx_filter
                0x0000000008007870       0x92 zephyr/drivers/can/libdrivers__can.a(can_mcan.c.obj)
                0x0000000008007870                can_mcan_remove_rx_filter
 .text.can_mcan_set_state_change_callback
                0x0000000008007902        0x8 zephyr/drivers/can/libdrivers__can.a(can_mcan.c.obj)
                0x0000000008007902                can_mcan_set_state_change_callback
 .text.can_mcan_enable_configuration_change
                0x000000000800790a       0x40 zephyr/drivers/can/libdrivers__can.a(can_mcan.c.obj)
                0x000000000800790a                can_mcan_enable_configuration_change
 .text.can_mcan_stop
                0x000000000800794a       0x7e zephyr/drivers/can/libdrivers__can.a(can_mcan.c.obj)
                0x000000000800794a                can_mcan_stop
 .text.can_stm32fd_read_reg
                0x00000000080079c8      0x252 zephyr/drivers/can/libdrivers__can.a(can_stm32_fdcan.c.obj)
 .text.can_stm32fd_write_reg
                0x0000000008007c1a      0x1de zephyr/drivers/can/libdrivers__can.a(can_stm32_fdcan.c.obj)
 .text.can_stm32fd_read_mram
                0x0000000008007df8       0x20 zephyr/drivers/can/libdrivers__can.a(can_stm32_fdcan.c.obj)
 .text.can_stm32fd_write_mram
                0x0000000008007e18       0x20 zephyr/drivers/can/libdrivers__can.a(can_stm32_fdcan.c.obj)
 .text.can_stm32fd_clear_mram
                0x0000000008007e38       0x1e zephyr/drivers/can/libdrivers__can.a(can_stm32_fdcan.c.obj)
 .text.config_can_0_irq
                0x0000000008007e56       0x24 zephyr/drivers/can/libdrivers__can.a(can_stm32_fdcan.c.obj)
 .text.pinctrl_apply_state
                0x0000000008007e7a       0x20 zephyr/drivers/can/libdrivers__can.a(can_stm32_fdcan.c.obj)
 .text.can_stm32fd_init
                0x0000000008007e9a       0x78 zephyr/drivers/can/libdrivers__can.a(can_stm32_fdcan.c.obj)
 .text.get_pll_div_frequency
                0x0000000008007f12        0xe zephyr/drivers/clock_control/libdrivers__clock_control.a(clock_stm32_ll_common.c.obj)
 .text.get_bus_clock
                0x0000000008007f20        0x6 zephyr/drivers/clock_control/libdrivers__clock_control.a(clock_stm32_ll_common.c.obj)
 .text.get_msi_frequency
                0x0000000008007f26        0x4 zephyr/drivers/clock_control/libdrivers__clock_control.a(clock_stm32_ll_common.c.obj)
 .text.enabled_clock
                0x0000000008007f2a       0x20 zephyr/drivers/clock_control/libdrivers__clock_control.a(clock_stm32_ll_common.c.obj)
 .text.stm32_clock_control_on
                0x0000000008007f4a       0x24 zephyr/drivers/clock_control/libdrivers__clock_control.a(clock_stm32_ll_common.c.obj)
 .text.stm32_clock_control_off
                0x0000000008007f6e       0x26 zephyr/drivers/clock_control/libdrivers__clock_control.a(clock_stm32_ll_common.c.obj)
 .text.stm32_clock_control_configure
                0x0000000008007f94       0x54 zephyr/drivers/clock_control/libdrivers__clock_control.a(clock_stm32_ll_common.c.obj)
 .text.stm32_clock_control_get_status
                0x0000000008007fe8       0x32 zephyr/drivers/clock_control/libdrivers__clock_control.a(clock_stm32_ll_common.c.obj)
 .text.get_pll_source
                0x000000000800801a        0x4 zephyr/drivers/clock_control/libdrivers__clock_control.a(clock_stm32g4.c.obj)
 .text.sys_slist_remove
                0x000000000800801e       0x26 zephyr/drivers/gpio/libdrivers__gpio.a(gpio_stm32.c.obj)
 .text.sys_slist_find_and_remove
                0x0000000008008044       0x20 zephyr/drivers/gpio/libdrivers__gpio.a(gpio_stm32.c.obj)
 .text.gpio_manage_callback
                0x0000000008008064       0x3e zephyr/drivers/gpio/libdrivers__gpio.a(gpio_stm32.c.obj)
 .text.gpio_fire_callbacks
                0x00000000080080a2       0x40 zephyr/drivers/gpio/libdrivers__gpio.a(gpio_stm32.c.obj)
 .text.gpio_stm32_isr
                0x00000000080080e2       0x14 zephyr/drivers/gpio/libdrivers__gpio.a(gpio_stm32.c.obj)
 .text.gpio_stm32_flags_to_conf
                0x00000000080080f6       0x7e zephyr/drivers/gpio/libdrivers__gpio.a(gpio_stm32.c.obj)
 .text.gpio_stm32_port_get_raw
                0x0000000008008174        0xc zephyr/drivers/gpio/libdrivers__gpio.a(gpio_stm32.c.obj)
 .text.gpio_stm32_port_set_masked_raw
                0x0000000008008180       0x12 zephyr/drivers/gpio/libdrivers__gpio.a(gpio_stm32.c.obj)
 .text.gpio_stm32_port_set_bits_raw
                0x0000000008008192        0xa zephyr/drivers/gpio/libdrivers__gpio.a(gpio_stm32.c.obj)
 .text.gpio_stm32_port_clear_bits_raw
                0x000000000800819c        0xa zephyr/drivers/gpio/libdrivers__gpio.a(gpio_stm32.c.obj)
 .text.gpio_stm32_port_toggle_bits
                0x00000000080081a6        0xe zephyr/drivers/gpio/libdrivers__gpio.a(gpio_stm32.c.obj)
 .text.gpio_stm32_manage_callback
                0x00000000080081b4        0xc zephyr/drivers/gpio/libdrivers__gpio.a(gpio_stm32.c.obj)
 .text.LL_GPIO_SetPinMode
                0x00000000080081c0       0x3a zephyr/drivers/gpio/libdrivers__gpio.a(gpio_stm32.c.obj)
 .text.LL_GPIO_SetPinSpeed
                0x00000000080081fa       0x3a zephyr/drivers/gpio/libdrivers__gpio.a(gpio_stm32.c.obj)
 .text.LL_GPIO_SetPinPull
                0x0000000008008234       0x3a zephyr/drivers/gpio/libdrivers__gpio.a(gpio_stm32.c.obj)
 .text.LL_GPIO_SetAFPin_0_7
                0x000000000800826e       0x3a zephyr/drivers/gpio/libdrivers__gpio.a(gpio_stm32.c.obj)
 .text.LL_GPIO_SetAFPin_8_15
                0x00000000080082a8       0x3c zephyr/drivers/gpio/libdrivers__gpio.a(gpio_stm32.c.obj)
 .text.gpio_stm32_configure_raw
                0x00000000080082e4       0x70 zephyr/drivers/gpio/libdrivers__gpio.a(gpio_stm32.c.obj)
 .text.gpio_stm32_config
                0x0000000008008354       0x52 zephyr/drivers/gpio/libdrivers__gpio.a(gpio_stm32.c.obj)
 .text.gpio_stm32_set_exti_source
                0x00000000080083a6       0x2e zephyr/drivers/gpio/libdrivers__gpio.a(gpio_stm32.c.obj)
 .text.gpio_stm32_get_exti_source
                0x00000000080083d4       0x2e zephyr/drivers/gpio/libdrivers__gpio.a(gpio_stm32.c.obj)
 .text.gpio_stm32_configure
                0x0000000008008402       0x38 zephyr/drivers/gpio/libdrivers__gpio.a(gpio_stm32.c.obj)
                0x0000000008008402                gpio_stm32_configure
 .text.msg_init
                0x000000000800843a       0xb2 zephyr/drivers/i2c/libdrivers__i2c.a(i2c_ll_stm32_v2.c.obj)
 .text.stm32_i2c_disable_transfer_interrupts
                0x00000000080084ec       0x3e zephyr/drivers/i2c/libdrivers__i2c.a(i2c_ll_stm32_v2.c.obj)
 .text.stm32_i2c_enable_transfer_interrupts
                0x000000000800852a       0x26 zephyr/drivers/i2c/libdrivers__i2c.a(i2c_ll_stm32_v2.c.obj)
 .text.stm32_i2c_master_mode_end
                0x0000000008008550       0x32 zephyr/drivers/i2c/libdrivers__i2c.a(i2c_ll_stm32_v2.c.obj)
 .text.stm32_i2c_error
                0x0000000008008582       0x40 zephyr/drivers/i2c/libdrivers__i2c.a(i2c_ll_stm32_v2.c.obj)
 .text.stm32_i2c_event
                0x00000000080085c2       0xa0 zephyr/drivers/i2c/libdrivers__i2c.a(i2c_ll_stm32_v2.c.obj)
 .text.stm32_i2c_msg_write
                0x0000000008008662       0xa6 zephyr/drivers/i2c/libdrivers__i2c.a(i2c_ll_stm32_v2.c.obj)
 .text.stm32_i2c_msg_read
                0x0000000008008708       0xa0 zephyr/drivers/i2c/libdrivers__i2c.a(i2c_ll_stm32_v2.c.obj)
 .text.stm32_i2c_event_isr
                0x00000000080087a8        0x8 zephyr/drivers/i2c/libdrivers__i2c.a(i2c_ll_stm32_v2.c.obj)
                0x00000000080087a8                stm32_i2c_event_isr
 .text.stm32_i2c_error_isr
                0x00000000080087b0        0x8 zephyr/drivers/i2c/libdrivers__i2c.a(i2c_ll_stm32_v2.c.obj)
                0x00000000080087b0                stm32_i2c_error_isr
 .text.stm32_i2c_transaction
                0x00000000080087b8       0x78 zephyr/drivers/i2c/libdrivers__i2c.a(i2c_ll_stm32_v2.c.obj)
                0x00000000080087b8                stm32_i2c_transaction
 .text.i2c_stm32_get_config
                0x0000000008008830       0x16 zephyr/drivers/i2c/libdrivers__i2c.a(i2c_ll_stm32.c.obj)
                0x0000000008008830                i2c_stm32_get_config
 .text.i2c_stm32_transfer
                0x0000000008008846       0xb8 zephyr/drivers/i2c/libdrivers__i2c.a(i2c_ll_stm32.c.obj)
 .text.i2c_stm32_irq_config_func_0
                0x00000000080088fe       0x24 zephyr/drivers/i2c/libdrivers__i2c.a(i2c_ll_stm32.c.obj)
 .text.pinctrl_apply_state
                0x0000000008008922       0x20 zephyr/drivers/i2c/libdrivers__i2c.a(i2c_ll_stm32.c.obj)
 .text.i2c_stm32_set_smbus_mode
                0x0000000008008942       0x16 zephyr/drivers/i2c/libdrivers__i2c.a(i2c_ll_stm32.c.obj)
                0x0000000008008942                i2c_stm32_set_smbus_mode
 .text.spi_write_dt
                0x0000000008008958       0x14 zephyr/drivers/led_strip/libdrivers__led_strip.a(ws2812_spi.c.obj)
 .text.dev_cfg  0x000000000800896c        0x4 zephyr/drivers/led_strip/libdrivers__led_strip.a(ws2812_spi.c.obj)
 .text.ws2812_strip_update_channels
                0x0000000008008970        0x6 zephyr/drivers/led_strip/libdrivers__led_strip.a(ws2812_spi.c.obj)
 .text.spi_is_ready_dt
                0x0000000008008976       0x1c zephyr/drivers/led_strip/libdrivers__led_strip.a(ws2812_spi.c.obj)
 .text.ws2812_spi_init
                0x0000000008008992       0x36 zephyr/drivers/led_strip/libdrivers__led_strip.a(ws2812_spi.c.obj)
 .text.pinctrl_lookup_state
                0x00000000080089c8       0x32 zephyr/drivers/pinctrl/libdrivers__pinctrl.a(common.c.obj)
                0x00000000080089c8                pinctrl_lookup_state
 .text.pinctrl_configure_pins
                0x00000000080089fa       0x5c zephyr/drivers/pinctrl/libdrivers__pinctrl.a(pinctrl_stm32.c.obj)
                0x00000000080089fa                pinctrl_configure_pins
 .text.reset_stm32_status
                0x0000000008008a56       0x20 zephyr/drivers/reset/libdrivers__reset.a(reset_stm32.c.obj)
 .text.reset_stm32_line_assert
                0x0000000008008a76       0x1e zephyr/drivers/reset/libdrivers__reset.a(reset_stm32.c.obj)
 .text.reset_stm32_line_deassert
                0x0000000008008a94       0x20 zephyr/drivers/reset/libdrivers__reset.a(reset_stm32.c.obj)
 .text.reset_stm32_line_toggle
                0x0000000008008ab4       0x16 zephyr/drivers/reset/libdrivers__reset.a(reset_stm32.c.obj)
 .text.bme680_calc_temp
                0x0000000008008aca       0x76 zephyr/drivers/sensor/bme680/libdrivers__sensor__bme680.a(bme680.c.obj)
 .text.bme680_calc_press
                0x0000000008008b40       0xcc zephyr/drivers/sensor/bme680/libdrivers__sensor__bme680.a(bme680.c.obj)
 .text.bme680_calc_gas_wait
                0x0000000008008c0c       0x24 zephyr/drivers/sensor/bme680/libdrivers__sensor__bme680.a(bme680.c.obj)
 .text.bme680_sample_fetch
                0x0000000008008c30       0xc8 zephyr/drivers/sensor/bme680/libdrivers__sensor__bme680.a(bme680.c.obj)
 .text.bme680_read_compensation
                0x0000000008008cf8      0x15a zephyr/drivers/sensor/bme680/libdrivers__sensor__bme680.a(bme680.c.obj)
 .text.bme680_init
                0x0000000008008e52       0xba zephyr/drivers/sensor/bme680/libdrivers__sensor__bme680.a(bme680.c.obj)
 .text.i2c_write
                0x0000000008008f0c       0x1c zephyr/drivers/sensor/bme680/libdrivers__sensor__bme680.a(bme680_i2c.c.obj)
 .text.i2c_write_read
                0x0000000008008f28       0x2c zephyr/drivers/sensor/bme680/libdrivers__sensor__bme680.a(bme680_i2c.c.obj)
 .text.i2c_burst_read_dt
                0x0000000008008f54       0x20 zephyr/drivers/sensor/bme680/libdrivers__sensor__bme680.a(bme680_i2c.c.obj)
 .text.i2c_reg_write_byte_dt
                0x0000000008008f74       0x1e zephyr/drivers/sensor/bme680/libdrivers__sensor__bme680.a(bme680_i2c.c.obj)
 .text.bme680_reg_read_i2c
                0x0000000008008f92        0xa zephyr/drivers/sensor/bme680/libdrivers__sensor__bme680.a(bme680_i2c.c.obj)
 .text.bme680_reg_write_i2c
                0x0000000008008f9c        0xa zephyr/drivers/sensor/bme680/libdrivers__sensor__bme680.a(bme680_i2c.c.obj)
 .text.bme680_bus_check_i2c
                0x0000000008008fa6       0x14 zephyr/drivers/sensor/bme680/libdrivers__sensor__bme680.a(bme680_i2c.c.obj)
 .text.i2c_write
                0x0000000008008fba       0x1c zephyr/drivers/sensor/opt3001/libdrivers__sensor__opt3001.a(opt3001.c.obj)
 .text.i2c_write_read
                0x0000000008008fd6       0x2c zephyr/drivers/sensor/opt3001/libdrivers__sensor__opt3001.a(opt3001.c.obj)
 .text.i2c_burst_read_dt
                0x0000000008009002       0x20 zephyr/drivers/sensor/opt3001/libdrivers__sensor__opt3001.a(opt3001.c.obj)
 .text.opt3001_reg_read
                0x0000000008009022       0x2a zephyr/drivers/sensor/opt3001/libdrivers__sensor__opt3001.a(opt3001.c.obj)
 .text.opt3001_reg_write
                0x000000000800904c       0x30 zephyr/drivers/sensor/opt3001/libdrivers__sensor__opt3001.a(opt3001.c.obj)
 .text.opt3001_reg_update
                0x000000000800907c       0x36 zephyr/drivers/sensor/opt3001/libdrivers__sensor__opt3001.a(opt3001.c.obj)
 .text.opt3001_sample_fetch
                0x00000000080090b2       0x24 zephyr/drivers/sensor/opt3001/libdrivers__sensor__opt3001.a(opt3001.c.obj)
 .text.opt3001_chip_init
                0x00000000080090d6       0x7c zephyr/drivers/sensor/opt3001/libdrivers__sensor__opt3001.a(opt3001.c.obj)
 .text.opt3001_init
                0x0000000008009152       0x14 zephyr/drivers/sensor/opt3001/libdrivers__sensor__opt3001.a(opt3001.c.obj)
                0x0000000008009152                opt3001_init
 .text.reset_line_toggle
                0x0000000008009166       0x12 zephyr/drivers/serial/libdrivers__serial.a(uart_stm32.c.obj)
 .text.uart_stm32_set_baudrate
                0x0000000008009178       0x3c zephyr/drivers/serial/libdrivers__serial.a(uart_stm32.c.obj)
 .text.uart_stm32_set_driver_enable
                0x00000000080091b4       0x1c zephyr/drivers/serial/libdrivers__serial.a(uart_stm32.c.obj)
 .text.uart_stm32_ll2cfg_databits
                0x00000000080091d0       0x2a zephyr/drivers/serial/libdrivers__serial.a(uart_stm32.c.obj)
 .text.uart_stm32_parameters_set
                0x00000000080091fa      0x160 zephyr/drivers/serial/libdrivers__serial.a(uart_stm32.c.obj)
 .text.uart_stm32_config_get
                0x000000000800935a       0x9a zephyr/drivers/serial/libdrivers__serial.a(uart_stm32.c.obj)
 .text.uart_stm32_poll_in_visitor
                0x00000000080093f4       0x28 zephyr/drivers/serial/libdrivers__serial.a(uart_stm32.c.obj)
 .text.uart_stm32_poll_out_visitor
                0x000000000800941c       0x3e zephyr/drivers/serial/libdrivers__serial.a(uart_stm32.c.obj)
 .text.poll_in_u8
                0x000000000800945a        0x8 zephyr/drivers/serial/libdrivers__serial.a(uart_stm32.c.obj)
 .text.poll_out_u8
                0x0000000008009462        0x8 zephyr/drivers/serial/libdrivers__serial.a(uart_stm32.c.obj)
 .text.uart_stm32_err_check
                0x000000000800946a       0x7c zephyr/drivers/serial/libdrivers__serial.a(uart_stm32.c.obj)
 .text.pinctrl_apply_state
                0x00000000080094e6       0x20 zephyr/drivers/serial/libdrivers__serial.a(uart_stm32.c.obj)
 .text.uart_stm32_init
                0x0000000008009506       0x28 zephyr/drivers/serial/libdrivers__serial.a(uart_stm32.c.obj)
 .text.z_impl_gpio_pin_configure
                0x000000000800952e       0x50 zephyr/drivers/spi/libdrivers__spi.a(spi_ll_stm32.c.obj)
 .text.gpio_pin_configure_dt
                0x000000000800957e       0x16 zephyr/drivers/spi/libdrivers__spi.a(spi_ll_stm32.c.obj)
 .text.gpio_pin_set_raw
                0x0000000008009594       0x20 zephyr/drivers/spi/libdrivers__spi.a(spi_ll_stm32.c.obj)
 .text.gpio_pin_set
                0x00000000080095b4       0x1a zephyr/drivers/spi/libdrivers__spi.a(spi_ll_stm32.c.obj)
 .text.spi_context_get_next_buf
                0x00000000080095ce       0x2e zephyr/drivers/spi/libdrivers__spi.a(spi_ll_stm32.c.obj)
 .text.spi_context_buffers_setup
                0x00000000080095fc       0x60 zephyr/drivers/spi/libdrivers__spi.a(spi_ll_stm32.c.obj)
 .text.spi_stm32_send_next_frame
                0x000000000800965c       0xa6 zephyr/drivers/spi/libdrivers__spi.a(spi_ll_stm32.c.obj)
 .text.spi_stm32_read_next_frame
                0x0000000008009702       0x9c zephyr/drivers/spi/libdrivers__spi.a(spi_ll_stm32.c.obj)
 .text.spi_stm32_transfer_ongoing
                0x000000000800979e       0x14 zephyr/drivers/spi/libdrivers__spi.a(spi_ll_stm32.c.obj)
 .text.spi_stm32_get_err
                0x00000000080097b2       0x30 zephyr/drivers/spi/libdrivers__spi.a(spi_ll_stm32.c.obj)
 .text.spi_stm32_shift_fifo
                0x00000000080097e2       0x24 zephyr/drivers/spi/libdrivers__spi.a(spi_ll_stm32.c.obj)
 .text.spi_stm32_shift_m
                0x0000000008009806       0x42 zephyr/drivers/spi/libdrivers__spi.a(spi_ll_stm32.c.obj)
 .text.spi_stm32_shift_s
                0x0000000008009848      0x134 zephyr/drivers/spi/libdrivers__spi.a(spi_ll_stm32.c.obj)
 .text.spi_stm32_shift_frames
                0x000000000800997c       0x22 zephyr/drivers/spi/libdrivers__spi.a(spi_ll_stm32.c.obj)
 .text._spi_context_cs_control
                0x000000000800999e       0x40 zephyr/drivers/spi/libdrivers__spi.a(spi_ll_stm32.c.obj)
 .text.spi_stm32_cs_control
                0x00000000080099de        0xc zephyr/drivers/spi/libdrivers__spi.a(spi_ll_stm32.c.obj)
 .text.spi_stm32_complete
                0x00000000080099ea       0x58 zephyr/drivers/spi/libdrivers__spi.a(spi_ll_stm32.c.obj)
 .text.spi_context_unlock_unconditionally
                0x0000000008009a42       0x1e zephyr/drivers/spi/libdrivers__spi.a(spi_ll_stm32.c.obj)
 .text.spi_stm32_release
                0x0000000008009a60        0xc zephyr/drivers/spi/libdrivers__spi.a(spi_ll_stm32.c.obj)
 .text.spi_context_release
                0x0000000008009a6c       0x18 zephyr/drivers/spi/libdrivers__spi.a(spi_ll_stm32.c.obj)
 .text.spi_context_lock
                0x0000000008009a84       0x3e zephyr/drivers/spi/libdrivers__spi.a(spi_ll_stm32.c.obj)
 .text.transceive
                0x0000000008009ac2       0xc0 zephyr/drivers/spi/libdrivers__spi.a(spi_ll_stm32.c.obj)
 .text.spi_stm32_transceive_async
                0x0000000008009b82       0x18 zephyr/drivers/spi/libdrivers__spi.a(spi_ll_stm32.c.obj)
 .text.spi_stm32_transceive
                0x0000000008009b9a       0x14 zephyr/drivers/spi/libdrivers__spi.a(spi_ll_stm32.c.obj)
 .text.spi_context_cs_configure_all
                0x0000000008009bae       0x38 zephyr/drivers/spi/libdrivers__spi.a(spi_ll_stm32.c.obj)
 .text.pinctrl_apply_state
                0x0000000008009be6       0x20 zephyr/drivers/spi/libdrivers__spi.a(spi_ll_stm32.c.obj)
 .text.z_impl_k_busy_wait
                0x0000000008009c06       0x20 zephyr/kernel/libkernel.a(busy_wait.c.obj)
                0x0000000008009c06                z_impl_k_busy_wait
 .text.z_device_is_ready
                0x0000000008009c26       0x20 zephyr/kernel/libkernel.a(device.c.obj)
                0x0000000008009c26                z_device_is_ready
 .text.arch_system_halt
                0x0000000008009c46       0x12 zephyr/kernel/libkernel.a(fatal.c.obj)
                0x0000000008009c46                arch_system_halt
 .text.k_sys_fatal_error_handler
                0x0000000008009c58        0x6 zephyr/kernel/libkernel.a(fatal.c.obj)
                0x0000000008009c58                k_sys_fatal_error_handler
 .text.z_early_memset
                0x0000000008009c5e        0x8 zephyr/kernel/libkernel.a(init.c.obj)
                0x0000000008009c5e                z_early_memset
 .text.z_early_memcpy
                0x0000000008009c66        0x8 zephyr/kernel/libkernel.a(init.c.obj)
                0x0000000008009c66                z_early_memcpy
 .text.k_is_in_isr
                0x0000000008009c6e        0xc zephyr/kernel/libkernel.a(thread.c.obj)
                0x0000000008009c6e                k_is_in_isr
 .text.setup_thread_stack
                0x0000000008009c7a       0x40 zephyr/kernel/libkernel.a(thread.c.obj)
 .text.z_impl_k_thread_start
                0x0000000008009cba        0x8 zephyr/kernel/libkernel.a(thread.c.obj)
                0x0000000008009cba                z_impl_k_thread_start
 .text.z_init_thread_base
                0x0000000008009cc2       0x16 zephyr/kernel/libkernel.a(thread.c.obj)
                0x0000000008009cc2                z_init_thread_base
 .text.z_impl_k_thread_create
                0x0000000008009cd8       0x44 zephyr/kernel/libkernel.a(thread.c.obj)
                0x0000000008009cd8                z_impl_k_thread_create
 .text.thread_active_elsewhere
                0x0000000008009d1c        0x4 zephyr/kernel/libkernel.a(sched.c.obj)
 .text.pended_on_thread
                0x0000000008009d20        0x4 zephyr/kernel/libkernel.a(sched.c.obj)
 .text.z_sched_prio_cmp
                0x0000000008009d24       0x14 zephyr/kernel/libkernel.a(sched.c.obj)
                0x0000000008009d24                z_sched_prio_cmp
 .text.z_unpend_thread_no_timeout
                0x0000000008009d38       0x34 zephyr/kernel/libkernel.a(sched.c.obj)
                0x0000000008009d38                z_unpend_thread_no_timeout
 .text.z_reschedule_unlocked
                0x0000000008009d6c       0x18 zephyr/kernel/libkernel.a(sched.c.obj)
 .text.z_priq_dumb_remove
                0x0000000008009d84       0x10 zephyr/kernel/libkernel.a(sched.c.obj)
                0x0000000008009d84                z_priq_dumb_remove
 .text.unpend_thread_no_timeout
                0x0000000008009d94       0x1c zephyr/kernel/libkernel.a(sched.c.obj)
 .text.z_unpend_thread
                0x0000000008009db0       0x3c zephyr/kernel/libkernel.a(sched.c.obj)
                0x0000000008009db0                z_unpend_thread
 .text.z_priq_dumb_best
                0x0000000008009dec        0xe zephyr/kernel/libkernel.a(sched.c.obj)
                0x0000000008009dec                z_priq_dumb_best
 .text.z_ready_thread
                0x0000000008009dfa       0x38 zephyr/kernel/libkernel.a(sched.c.obj)
                0x0000000008009dfa                z_ready_thread
 .text.unpend_all
                0x0000000008009e32       0x2a zephyr/kernel/libkernel.a(sched.c.obj)
 .text.z_sched_wake_thread
                0x0000000008009e5c       0x54 zephyr/kernel/libkernel.a(sched.c.obj)
                0x0000000008009e5c                z_sched_wake_thread
 .text.z_thread_timeout
                0x0000000008009eb0        0xc zephyr/kernel/libkernel.a(sched.c.obj)
                0x0000000008009eb0                z_thread_timeout
 .text.add_to_waitq_locked
                0x0000000008009ebc       0x56 zephyr/kernel/libkernel.a(sched.c.obj)
 .text.pend_locked
                0x0000000008009f12       0x18 zephyr/kernel/libkernel.a(sched.c.obj)
 .text.z_unpend1_no_timeout
                0x0000000008009f2a       0x3c zephyr/kernel/libkernel.a(sched.c.obj)
                0x0000000008009f2a                z_unpend1_no_timeout
 .text.z_unpend_first_thread
                0x0000000008009f66       0x44 zephyr/kernel/libkernel.a(sched.c.obj)
                0x0000000008009f66                z_unpend_first_thread
 .text.init_ready_q
                0x0000000008009faa        0x8 zephyr/kernel/libkernel.a(sched.c.obj)
                0x0000000008009faa                init_ready_q
 .text.z_thread_abort
                0x0000000008009fb2       0x4a zephyr/kernel/libkernel.a(sched.c.obj)
                0x0000000008009fb2                z_thread_abort
 .text.z_sched_wake
                0x0000000008009ffc       0x5c zephyr/kernel/libkernel.a(sched.c.obj)
                0x0000000008009ffc                z_sched_wake
 .text.idle     0x000000000800a058       0x18 zephyr/kernel/libkernel.a(idle.c.obj)
                0x000000000800a058                idle
 .text.new_prio_for_inheritance
                0x000000000800a070       0x16 zephyr/kernel/libkernel.a(mutex.c.obj)
 .text.adjust_owner_prio
                0x000000000800a086       0x16 zephyr/kernel/libkernel.a(mutex.c.obj)
 .text.z_impl_k_mutex_init
                0x000000000800a09c        0xe zephyr/kernel/libkernel.a(mutex.c.obj)
                0x000000000800a09c                z_impl_k_mutex_init
 .text.z_impl_k_sem_init
                0x000000000800a0aa       0x26 zephyr/kernel/libkernel.a(sem.c.obj)
                0x000000000800a0aa                z_impl_k_sem_init
 .text.sys_slist_remove
                0x000000000800a0d0       0x26 zephyr/kernel/libkernel.a(work.c.obj)
 .text.notify_queue_locked
                0x000000000800a0f6       0x14 zephyr/kernel/libkernel.a(work.c.obj)
 .text.submit_to_queue_locked
                0x000000000800a10a       0x60 zephyr/kernel/libkernel.a(work.c.obj)
 .text.z_reschedule_unlocked
                0x000000000800a16a       0x18 zephyr/kernel/libkernel.a(work.c.obj)
 .text.finalize_flush_locked
                0x000000000800a182       0x12 zephyr/kernel/libkernel.a(work.c.obj)
 .text.k_work_init
                0x000000000800a194        0xe zephyr/kernel/libkernel.a(work.c.obj)
                0x000000000800a194                k_work_init
 .text.z_work_submit_to_queue
                0x000000000800a1a2       0x2a zephyr/kernel/libkernel.a(work.c.obj)
                0x000000000800a1a2                z_work_submit_to_queue
 .text.k_work_submit_to_queue
                0x000000000800a1cc       0x14 zephyr/kernel/libkernel.a(work.c.obj)
                0x000000000800a1cc                k_work_submit_to_queue
 .text.k_work_queue_init
                0x000000000800a1e0        0xc zephyr/kernel/libkernel.a(work.c.obj)
                0x000000000800a1e0                k_work_queue_init
 .text.remove_timeout
                0x000000000800a1ec       0x2e zephyr/kernel/libkernel.a(timeout.c.obj)
 .text.next_timeout
                0x000000000800a21a       0x3a zephyr/kernel/libkernel.a(timeout.c.obj)
 .text.z_abort_timeout
                0x000000000800a254       0x3c zephyr/kernel/libkernel.a(timeout.c.obj)
                0x000000000800a254                z_abort_timeout
 .text.sys_clock_tick_get_32
                0x000000000800a290        0x8 zephyr/kernel/libkernel.a(timeout.c.obj)
                0x000000000800a290                sys_clock_tick_get_32
 .text.z_impl_k_uptime_ticks
                0x000000000800a298        0x8 zephyr/kernel/libkernel.a(timeout.c.obj)
                0x000000000800a298                z_impl_k_uptime_ticks
 .text.z_reschedule_unlocked
                0x000000000800a2a0       0x18 zephyr/kernel/libkernel.a(timer.c.obj)
 .text.k_timer_init
                0x000000000800a2b8       0x18 zephyr/kernel/libkernel.a(timer.c.obj)
                0x000000000800a2b8                k_timer_init
 .text.z_impl_k_timer_stop
                0x000000000800a2d0       0x26 zephyr/kernel/libkernel.a(timer.c.obj)
                0x000000000800a2d0                z_impl_k_timer_stop
 .text.poller_thread
                0x000000000800a2f6        0x8 zephyr/kernel/libkernel.a(poll.c.obj)
 .text.signal_poller
                0x000000000800a2fe       0x4e zephyr/kernel/libkernel.a(poll.c.obj)
 .text.signal_triggered_work
                0x000000000800a34c       0x2a zephyr/kernel/libkernel.a(poll.c.obj)
 .text.signal_poll_event
                0x000000000800a376       0x44 zephyr/kernel/libkernel.a(poll.c.obj)
 .text.z_handle_obj_poll_events
                0x000000000800a3ba       0x36 zephyr/kernel/libkernel.a(poll.c.obj)
                0x000000000800a3ba                z_handle_obj_poll_events
 .text.k_heap_init
                0x000000000800a3f0       0x10 zephyr/kernel/libkernel.a(kheap.c.obj)
                0x000000000800a3f0                k_heap_init
 .text.strncpy  0x000000000800a400       0x20 c:\users\joshe\.zephyr_ide\toolchains\zephyr-sdk-0.16.6\arm-zephyr-eabi\bin\../lib/gcc/../../picolibc/arm-zephyr-eabi/lib/thumb/v7e-m/nofp\libc.a(libc_string_strncpy.c.o)
                0x000000000800a400                strncpy
 .text.strnlen  0x000000000800a420       0x18 c:\users\joshe\.zephyr_ide\toolchains\zephyr-sdk-0.16.6\arm-zephyr-eabi\bin\../lib/gcc/../../picolibc/arm-zephyr-eabi/lib/thumb/v7e-m/nofp\libc.a(libc_string_strnlen.c.o)
                0x000000000800a420                strnlen
 .text.__ultoa_invert
                0x000000000800a438       0x50 c:\users\joshe\.zephyr_ide\toolchains\zephyr-sdk-0.16.6\arm-zephyr-eabi\bin\../lib/gcc/../../picolibc/arm-zephyr-eabi/lib/thumb/v7e-m/nofp\libc.a(libc_tinystdio_vfprintf.c.o)
 .text.mulShiftAll64
                0x000000000800a488      0x176 c:\users\joshe\.zephyr_ide\toolchains\zephyr-sdk-0.16.6\arm-zephyr-eabi\bin\../lib/gcc/../../picolibc/arm-zephyr-eabi/lib/thumb/v7e-m/nofp\libc.a(libc_tinystdio_dtoa_ryu.c.o)
 .text.__umul128
                0x000000000800a5fe       0x36 c:\users\joshe\.zephyr_ide\toolchains\zephyr-sdk-0.16.6\arm-zephyr-eabi\bin\../lib/gcc/../../picolibc/arm-zephyr-eabi/lib/thumb/v7e-m/nofp\libc.a(libc_tinystdio_ryu_umul128.c.o)
                0x000000000800a5fe                __umul128
 .text.__shiftright128
                0x000000000800a634       0x3e c:\users\joshe\.zephyr_ide\toolchains\zephyr-sdk-0.16.6\arm-zephyr-eabi\bin\../lib/gcc/../../picolibc/arm-zephyr-eabi/lib/thumb/v7e-m/nofp\libc.a(libc_tinystdio_ryu_umul128.c.o)
                0x000000000800a634                __shiftright128
 .text.memcpy   0x000000000800a672       0x1c c:\users\joshe\.zephyr_ide\toolchains\zephyr-sdk-0.16.6\arm-zephyr-eabi\bin\../lib/gcc/../../picolibc/arm-zephyr-eabi/lib/thumb/v7e-m/nofp\libc.a(memcpy.c.o)
                0x000000000800a672                __aeabi_memcpy
                0x000000000800a672                __aeabi_memcpy4
                0x000000000800a672                __aeabi_memcpy8
                0x000000000800a672                memcpy
 .text.memset   0x000000000800a68e       0x10 c:\users\joshe\.zephyr_ide\toolchains\zephyr-sdk-0.16.6\arm-zephyr-eabi\bin\../lib/gcc/../../picolibc/arm-zephyr-eabi/lib/thumb/v7e-m/nofp\libc.a(memset.c.o)
                0x000000000800a68e                memset
 .text.__dtox_engine
                0x000000000800a69e      0x17c c:\users\joshe\.zephyr_ide\toolchains\zephyr-sdk-0.16.6\arm-zephyr-eabi\bin\../lib/gcc/../../picolibc/arm-zephyr-eabi/lib/thumb/v7e-m/nofp\libc.a(libc_tinystdio_dtox_engine.c.o)
                0x000000000800a69e                __dtox_engine
 *(SORT_BY_ALIGNMENT(.TEXT.*))
 *fill*         0x000000000800a81a        0x2 
 .TEXT.__aeabi_read_tp
                0x000000000800a81c        0xc zephyr/arch/arch/arm/core/cortex_m/libarch__arm__core__cortex_m.a(__aeabi_read_tp.S.obj)
                0x000000000800a81c                __aeabi_read_tp
 *(SORT_BY_ALIGNMENT(.gnu.linkonce.t.*))
 *(SORT_BY_ALIGNMENT(.glue_7t))
 .glue_7t       0x000000000800a828        0x0 linker stubs
 *(SORT_BY_ALIGNMENT(.glue_7))
 .glue_7        0x000000000800a828        0x0 linker stubs
 *(SORT_BY_ALIGNMENT(.vfp11_veneer))
 .vfp11_veneer  0x000000000800a828        0x0 linker stubs
 *(SORT_BY_ALIGNMENT(.v4_bx))
 .v4_bx         0x000000000800a828        0x0 linker stubs
                0x000000000800a828                . = ALIGN (0x4)
                0x000000000800a828                __text_region_end = .

.ARM.exidx      0x000000000800a828        0x8
                0x000000000800a828                __exidx_start = .
 *(SORT_BY_ALIGNMENT(.ARM.exidx*) SORT_BY_ALIGNMENT(gnu.linkonce.armexidx.*))
 .ARM.exidx     0x000000000800a828        0x8 c:/users/joshe/.zephyr_ide/toolchains/zephyr-sdk-0.16.6/arm-zephyr-eabi/bin/../lib/gcc/arm-zephyr-eabi/12.2.0/thumb/v7e-m/nofp\libgcc.a(_udivmoddi4.o)
                0x000000000800a830                __exidx_end = .
                0x000000000800a830                __rodata_region_start = .

initlevel       0x000000000800a830       0xc0
                0x000000000800a830                __init_start = .
                0x000000000800a830                __init_EARLY_start = .
 *(SORT_BY_NAME(SORT_BY_ALIGNMENT(.z_init_EARLY?_*)))
 *(SORT_BY_NAME(SORT_BY_ALIGNMENT(.z_init_EARLY??_*)))
                0x000000000800a830                __init_PRE_KERNEL_1_start = .
 *(SORT_BY_NAME(SORT_BY_ALIGNMENT(.z_init_PRE_KERNEL_1?_*)))
 .z_init_PRE_KERNEL_10_0_
                0x000000000800a830        0x8 zephyr/libzephyr.a(soc.c.obj)
 .z_init_PRE_KERNEL_11_00008_
                0x000000000800a838        0x8 zephyr/drivers/clock_control/libdrivers__clock_control.a(clock_stm32_ll_common.c.obj)
 .z_init_PRE_KERNEL_11_0_
                0x000000000800a840        0x8 zephyr/libzephyr.a(soc_config.c.obj)
 *(SORT_BY_NAME(SORT_BY_ALIGNMENT(.z_init_PRE_KERNEL_1??_*)))
 .z_init_PRE_KERNEL_130_0_
                0x000000000800a848        0x8 zephyr/kernel/libkernel.a(kheap.c.obj)
 .z_init_PRE_KERNEL_135_00051_
                0x000000000800a850        0x8 zephyr/drivers/reset/libdrivers__reset.a(reset_stm32.c.obj)
 .z_init_PRE_KERNEL_140_00034_
                0x000000000800a858        0x8 zephyr/drivers/gpio/libdrivers__gpio.a(gpio_stm32.c.obj)
 .z_init_PRE_KERNEL_140_00048_
                0x000000000800a860        0x8 zephyr/drivers/interrupt_controller/libdrivers__interrupt_controller.a(intc_exti_stm32.c.obj)
 .z_init_PRE_KERNEL_140_00075_
                0x000000000800a868        0x8 zephyr/drivers/gpio/libdrivers__gpio.a(gpio_stm32.c.obj)
 .z_init_PRE_KERNEL_140_00076_
                0x000000000800a870        0x8 zephyr/drivers/gpio/libdrivers__gpio.a(gpio_stm32.c.obj)
 .z_init_PRE_KERNEL_140_00077_
                0x000000000800a878        0x8 zephyr/drivers/gpio/libdrivers__gpio.a(gpio_stm32.c.obj)
 .z_init_PRE_KERNEL_140_00078_
                0x000000000800a880        0x8 zephyr/drivers/gpio/libdrivers__gpio.a(gpio_stm32.c.obj)
 .z_init_PRE_KERNEL_140_00079_
                0x000000000800a888        0x8 zephyr/drivers/gpio/libdrivers__gpio.a(gpio_stm32.c.obj)
 .z_init_PRE_KERNEL_140_00080_
                0x000000000800a890        0x8 zephyr/drivers/gpio/libdrivers__gpio.a(gpio_stm32.c.obj)
 .z_init_PRE_KERNEL_155_00055_
                0x000000000800a898        0x8 zephyr/drivers/serial/libdrivers__serial.a(uart_stm32.c.obj)
 .z_init_PRE_KERNEL_160_0_
                0x000000000800a8a0        0x8 zephyr/drivers/console/libdrivers__console.a(uart_console.c.obj)
                0x000000000800a8a8                __init_PRE_KERNEL_2_start = .
 *(SORT_BY_NAME(SORT_BY_ALIGNMENT(.z_init_PRE_KERNEL_2?_*)))
 .z_init_PRE_KERNEL_20_0_
                0x000000000800a8a8        0x8 zephyr/drivers/timer/libdrivers__timer.a(cortex_m_systick.c.obj)
 *(SORT_BY_NAME(SORT_BY_ALIGNMENT(.z_init_PRE_KERNEL_2??_*)))
                0x000000000800a8b0                __init_POST_KERNEL_start = .
 *(SORT_BY_NAME(SORT_BY_ALIGNMENT(.z_init_POST_KERNEL?_*)))
 *(SORT_BY_NAME(SORT_BY_ALIGNMENT(.z_init_POST_KERNEL??_*)))
 .z_init_POST_KERNEL40_0_
                0x000000000800a8b0        0x8 zephyr/lib/libc/common/liblib__libc__common.a(malloc.c.obj)
 .z_init_POST_KERNEL40_0_
                0x000000000800a8b8        0x8 zephyr/kernel/libkernel.a(system_work_q.c.obj)
 .z_init_POST_KERNEL50_00018_
                0x000000000800a8c0        0x8 zephyr/drivers/i2c/libdrivers__i2c.a(i2c_ll_stm32.c.obj)
 .z_init_POST_KERNEL70_00083_
                0x000000000800a8c8        0x8 zephyr/drivers/spi/libdrivers__spi.a(spi_ll_stm32.c.obj)
 .z_init_POST_KERNEL80_00042_
                0x000000000800a8d0        0x8 zephyr/drivers/can/libdrivers__can.a(can_stm32_fdcan.c.obj)
 .z_init_POST_KERNEL90_00073_
                0x000000000800a8d8        0x8 zephyr/drivers/sensor/bme680/libdrivers__sensor__bme680.a(bme680.c.obj)
 .z_init_POST_KERNEL90_00074_
                0x000000000800a8e0        0x8 zephyr/drivers/sensor/opt3001/libdrivers__sensor__opt3001.a(opt3001.c.obj)
 .z_init_POST_KERNEL90_00084_
                0x000000000800a8e8        0x8 zephyr/drivers/led_strip/libdrivers__led_strip.a(ws2812_spi.c.obj)
                0x000000000800a8f0                __init_APPLICATION_start = .
 *(SORT_BY_NAME(SORT_BY_ALIGNMENT(.z_init_APPLICATION?_*)))
 *(SORT_BY_NAME(SORT_BY_ALIGNMENT(.z_init_APPLICATION??_*)))
                0x000000000800a8f0                __init_SMP_start = .
 *(SORT_BY_NAME(SORT_BY_ALIGNMENT(.z_init_SMP?_*)))
 *(SORT_BY_NAME(SORT_BY_ALIGNMENT(.z_init_SMP??_*)))
                0x000000000800a8f0                __init_end = .

device_area     0x000000000800a8f0      0x154
                0x000000000800a8f0                _device_list_start = .
 *(SORT_BY_NAME(SORT_BY_ALIGNMENT(._device.static.*_?_*)))
 ._device.static.1_1_
                0x000000000800a8f0       0x14 zephyr/drivers/clock_control/libdrivers__clock_control.a(clock_stm32_ll_common.c.obj)
                0x000000000800a8f0                __device_dts_ord_8
 *(SORT_BY_NAME(SORT_BY_ALIGNMENT(._device.static.*_??_*)))
 ._device.static.1_35_
                0x000000000800a904       0x14 zephyr/drivers/reset/libdrivers__reset.a(reset_stm32.c.obj)
                0x000000000800a904                __device_dts_ord_51
 ._device.static.1_40_
                0x000000000800a918       0x14 zephyr/drivers/interrupt_controller/libdrivers__interrupt_controller.a(intc_exti_stm32.c.obj)
                0x000000000800a918                __device_dts_ord_48
 ._device.static.1_40_
                0x000000000800a92c       0x8c zephyr/drivers/gpio/libdrivers__gpio.a(gpio_stm32.c.obj)
                0x000000000800a92c                __device_dts_ord_80
                0x000000000800a940                __device_dts_ord_79
                0x000000000800a954                __device_dts_ord_78
                0x000000000800a968                __device_dts_ord_77
                0x000000000800a97c                __device_dts_ord_76
                0x000000000800a990                __device_dts_ord_34
                0x000000000800a9a4                __device_dts_ord_75
 ._device.static.1_55_
                0x000000000800a9b8       0x14 zephyr/drivers/serial/libdrivers__serial.a(uart_stm32.c.obj)
                0x000000000800a9b8                __device_dts_ord_55
 ._device.static.3_50_
                0x000000000800a9cc       0x14 zephyr/drivers/i2c/libdrivers__i2c.a(i2c_ll_stm32.c.obj)
                0x000000000800a9cc                __device_dts_ord_18
 ._device.static.3_70_
                0x000000000800a9e0       0x14 zephyr/drivers/spi/libdrivers__spi.a(spi_ll_stm32.c.obj)
                0x000000000800a9e0                __device_dts_ord_83
 ._device.static.3_80_
                0x000000000800a9f4       0x14 zephyr/drivers/can/libdrivers__can.a(can_stm32_fdcan.c.obj)
                0x000000000800a9f4                __device_dts_ord_42
 ._device.static.3_90_
                0x000000000800aa08       0x14 zephyr/drivers/led_strip/libdrivers__led_strip.a(ws2812_spi.c.obj)
                0x000000000800aa08                __device_dts_ord_84
 ._device.static.3_90_
                0x000000000800aa1c       0x14 zephyr/drivers/sensor/bme680/libdrivers__sensor__bme680.a(bme680.c.obj)
                0x000000000800aa1c                __device_dts_ord_73
 ._device.static.3_90_
                0x000000000800aa30       0x14 zephyr/drivers/sensor/opt3001/libdrivers__sensor__opt3001.a(opt3001.c.obj)
                0x000000000800aa30                __device_dts_ord_74
                0x000000000800aa44                _device_list_end = .

sw_isr_table    0x000000000800aa44      0x330
                0x000000000800aa44                . = ALIGN (0x4)
 *(SORT_BY_ALIGNMENT(.gnu.linkonce.sw_isr_table*))
 .gnu.linkonce.sw_isr_table
                0x000000000800aa44      0x330 zephyr/arch/common/libisr_tables.a(isr_tables.c.obj)
                0x000000000800aa44                _sw_isr_table

initlevel_error
                0x000000000800a830        0x0
 *(SORT_BY_NAME(SORT_BY_ALIGNMENT(.z_init_[_A-Z0-9]*)))
                0x0000000000000001                ASSERT ((SIZEOF (initlevel_error) == 0x0), Undefined initialization levels used.)

app_shmem_regions
                0x000000000800ad74        0x0
                0x000000000800ad74                __app_shmem_regions_start = .
 *(SORT_BY_NAME(SORT_BY_ALIGNMENT(.app_regions.*)))
                0x000000000800ad74                __app_shmem_regions_end = .

k_p4wq_initparam_area
                0x000000000800ad74        0x0
                0x000000000800ad74                _k_p4wq_initparam_list_start = .
 *(SORT_BY_NAME(SORT_BY_ALIGNMENT(._k_p4wq_initparam.static.*)))
                0x000000000800ad74                _k_p4wq_initparam_list_end = .

_static_thread_data_area
                0x000000000800ad74        0x0
                0x000000000800ad74                __static_thread_data_list_start = .
 *(SORT_BY_NAME(SORT_BY_ALIGNMENT(.__static_thread_data.static.*)))
                0x000000000800ad74                __static_thread_data_list_end = .

device_deps     0x000000000800ad74        0x0
                0x000000000800ad74                __device_deps_start = .
 *(SORT_BY_NAME(SORT_BY_ALIGNMENT(.__device_deps_pass2*)))
                0x000000000800ad74                __device_deps_end = .

ztest           0x000000000800ad74        0x0
                0x000000000800ad74                _ztest_expected_result_entry_list_start = .
 *(SORT_BY_NAME(SORT_BY_ALIGNMENT(._ztest_expected_result_entry.static.*)))
                0x000000000800ad74                _ztest_expected_result_entry_list_end = .
                0x000000000800ad74                _ztest_suite_node_list_start = .
 *(SORT_BY_NAME(SORT_BY_ALIGNMENT(._ztest_suite_node.static.*)))
                0x000000000800ad74                _ztest_suite_node_list_end = .
                0x000000000800ad74                _ztest_unit_test_list_start = .
 *(SORT_BY_NAME(SORT_BY_ALIGNMENT(._ztest_unit_test.static.*)))
                0x000000000800ad74                _ztest_unit_test_list_end = .
                0x000000000800ad74                _ztest_test_rule_list_start = .
 *(SORT_BY_NAME(SORT_BY_ALIGNMENT(._ztest_test_rule.static.*)))
                0x000000000800ad74                _ztest_test_rule_list_end = .

bt_l2cap_fixed_chan_area
                0x000000000800ad74        0x0
                0x000000000800ad74                _bt_l2cap_fixed_chan_list_start = .